Archive member included to satisfy reference by file (symbol)

../cios-lib/cios-lib.a(ios.o)
                              main.o (IOS_PatchModules)
../cios-lib/cios-lib.a(ipc.o)
                              main.o (InvalidateVector)
../cios-lib/cios-lib.a(mem.o)
                              main.o (Mem_Init)
../cios-lib/cios-lib.a(stealth.o)
                              main.o (Stealth_CheckRunningTitle)
../cios-lib/cios-lib.a(swi_mload.o)
                              main.o (Swi_Memcpy)
../cios-lib/cios-lib.a(syscalls.o)
                              elf.o (os_thread_create)
../cios-lib/cios-lib.a(timer.o)
                              main.o (Timer_Init)
../cios-lib/cios-lib.a(tools.o)
                              swi.o (DCInvalidateRange)
C:/devkitPro/devkitARM/bin/../lib/gcc/arm-none-eabi/16.1.0/thumb/be\libgcc.a(_thumb1_case_sqi.o)
                              main.o (__gnu_thumb1_case_sqi)
C:/devkitPro/devkitARM/bin/../lib/gcc/arm-none-eabi/16.1.0/thumb/be\libgcc.a(_thumb1_case_uqi.o)
                              swi.o (__gnu_thumb1_case_uqi)
C:/devkitPro/devkitARM/bin/../lib/gcc/arm-none-eabi/16.1.0/thumb/be\libgcc.a(_thumb1_case_uhi.o)
                              main.o (__gnu_thumb1_case_uhi)
C:/devkitPro/devkitARM/bin/../lib/gcc/arm-none-eabi/16.1.0/../../../../arm-none-eabi/lib/thumb/be\libc.a(libc_a-memcpy-stub.o)
                              elf.o (memcpy)
C:/devkitPro/devkitARM/bin/../lib/gcc/arm-none-eabi/16.1.0/../../../../arm-none-eabi/lib/thumb/be\libc.a(libc_a-memcmp.o)
                              detect.o (memcmp)
C:/devkitPro/devkitARM/bin/../lib/gcc/arm-none-eabi/16.1.0/../../../../arm-none-eabi/lib/thumb/be\libc.a(libc_a-memset.o)
                              elf.o (memset)
C:/devkitPro/devkitARM/bin/../lib/gcc/arm-none-eabi/16.1.0/../../../../arm-none-eabi/lib/thumb/be\libc.a(libc_a-strcmp.o)
                              main.o (strcmp)

Merging object attributes


Discarded input sections

 .data          0x00000000        0x0 debug.o
 .bss           0x00000000        0x0 detect.o
 .data          0x00000000        0x0 elf.o
 .data          0x00000000        0x0 gecko.o
 .data          0x00000000        0x0 gpio.o
 .bss           0x00000000        0x0 gpio.o
 .bss           0x00000000        0x0 patches.o
 .text          0x00000000        0x0 start.o
 .data          0x00000000        0x0 start.o
 .bss           0x00000000        0x0 start.o
 .data          0x00000000        0x0 swi.o
 .data          0x00000000        0x0 swi_asm.o
 .bss           0x00000000        0x0 swi_asm.o
 .data          0x00000000        0x0 tid.o
 .data          0x00000000        0x0 ../cios-lib/cios-lib.a(ios.o)
 .data          0x00000000        0x0 ../cios-lib/cios-lib.a(ipc.o)
 .bss           0x00000000        0x0 ../cios-lib/cios-lib.a(ipc.o)
 .bss           0x00000000        0x0 ../cios-lib/cios-lib.a(mem.o)
 .data          0x00000000        0x0 ../cios-lib/cios-lib.a(stealth.o)
 .bss           0x00000000        0x0 ../cios-lib/cios-lib.a(stealth.o)
 .data          0x00000000        0x0 ../cios-lib/cios-lib.a(swi_mload.o)
 .bss           0x00000000        0x0 ../cios-lib/cios-lib.a(swi_mload.o)
 .data          0x00000000        0x0 ../cios-lib/cios-lib.a(syscalls.o)
 .bss           0x00000000        0x0 ../cios-lib/cios-lib.a(syscalls.o)
 .bss           0x00000000        0x0 ../cios-lib/cios-lib.a(timer.o)
 .data          0x00000000        0x0 ../cios-lib/cios-lib.a(tools.o)
 .bss           0x00000000        0x0 ../cios-lib/cios-lib.a(tools.o)
 .data          0x00000000        0x0 C:/devkitPro/devkitARM/bin/../lib/gcc/arm-none-eabi/16.1.0/thumb/be\libgcc.a(_thumb1_case_sqi.o)
 .bss           0x00000000        0x0 C:/devkitPro/devkitARM/bin/../lib/gcc/arm-none-eabi/16.1.0/thumb/be\libgcc.a(_thumb1_case_sqi.o)
 .data          0x00000000        0x0 C:/devkitPro/devkitARM/bin/../lib/gcc/arm-none-eabi/16.1.0/thumb/be\libgcc.a(_thumb1_case_uqi.o)
 .bss           0x00000000        0x0 C:/devkitPro/devkitARM/bin/../lib/gcc/arm-none-eabi/16.1.0/thumb/be\libgcc.a(_thumb1_case_uqi.o)
 .data          0x00000000        0x0 C:/devkitPro/devkitARM/bin/../lib/gcc/arm-none-eabi/16.1.0/thumb/be\libgcc.a(_thumb1_case_uhi.o)
 .bss           0x00000000        0x0 C:/devkitPro/devkitARM/bin/../lib/gcc/arm-none-eabi/16.1.0/thumb/be\libgcc.a(_thumb1_case_uhi.o)
 .text          0x00000000        0x0 C:/devkitPro/devkitARM/bin/../lib/gcc/arm-none-eabi/16.1.0/../../../../arm-none-eabi/lib/thumb/be\libc.a(libc_a-memcpy-stub.o)
 .data          0x00000000        0x0 C:/devkitPro/devkitARM/bin/../lib/gcc/arm-none-eabi/16.1.0/../../../../arm-none-eabi/lib/thumb/be\libc.a(libc_a-memcpy-stub.o)
 .bss           0x00000000        0x0 C:/devkitPro/devkitARM/bin/../lib/gcc/arm-none-eabi/16.1.0/../../../../arm-none-eabi/lib/thumb/be\libc.a(libc_a-memcpy-stub.o)
 .text          0x00000000        0x0 C:/devkitPro/devkitARM/bin/../lib/gcc/arm-none-eabi/16.1.0/../../../../arm-none-eabi/lib/thumb/be\libc.a(libc_a-memcmp.o)
 .data          0x00000000        0x0 C:/devkitPro/devkitARM/bin/../lib/gcc/arm-none-eabi/16.1.0/../../../../arm-none-eabi/lib/thumb/be\libc.a(libc_a-memcmp.o)
 .bss           0x00000000        0x0 C:/devkitPro/devkitARM/bin/../lib/gcc/arm-none-eabi/16.1.0/../../../../arm-none-eabi/lib/thumb/be\libc.a(libc_a-memcmp.o)
 .text          0x00000000        0x0 C:/devkitPro/devkitARM/bin/../lib/gcc/arm-none-eabi/16.1.0/../../../../arm-none-eabi/lib/thumb/be\libc.a(libc_a-memset.o)
 .data          0x00000000        0x0 C:/devkitPro/devkitARM/bin/../lib/gcc/arm-none-eabi/16.1.0/../../../../arm-none-eabi/lib/thumb/be\libc.a(libc_a-memset.o)
 .bss           0x00000000        0x0 C:/devkitPro/devkitARM/bin/../lib/gcc/arm-none-eabi/16.1.0/../../../../arm-none-eabi/lib/thumb/be\libc.a(libc_a-memset.o)
 .data          0x00000000        0x0 C:/devkitPro/devkitARM/bin/../lib/gcc/arm-none-eabi/16.1.0/../../../../arm-none-eabi/lib/thumb/be\libc.a(libc_a-strcmp.o)
 .bss           0x00000000        0x0 C:/devkitPro/devkitARM/bin/../lib/gcc/arm-none-eabi/16.1.0/../../../../arm-none-eabi/lib/thumb/be\libc.a(libc_a-strcmp.o)

Memory Configuration

Name             Origin             Length             Attributes
table            0x00000000         0x00004000
exe              0x136d0000         0x00002000         xrw
ram              0x136d2000         0x00009000         rw
mem              0x13700000         0x00080000         rw
*default*        0x00000000         0xffffffff

Linker script and memory map

                0x136d0000                        __exe_start_phys__ = 0x136d0000
                0x136d2000                        __ram_start_phys__ = 0x136d2000
                0x13700000                        __mem_start_phys__ = 0x13700000

.exe_mem        0x13700000    0x80000
 *(.exe_mem)
 .exe_mem       0x13700000    0x80000 start.o
                0x13700000                exe_mem

.ios_info_table
                0x00000000       0x34
 *(.ios_info_table)
 .ios_info_table
                0x00000000       0x34 start.o
                0x00000000                ios_info_table

.init           0x136d0000       0x58
 *(.init)
 .init          0x136d0000       0x58 start.o
                0x136d0000                _start
                0x136d0010                IRQ9
                0x136d0050                exe_mem_size
                0x136d0058                        . = ALIGN (0x4)

.text           0x136d0060     0x1758
 *(.text*)
 .text          0x136d0060       0x58 debug.o
                0x136d0088                Debug_SetMode
 .text          0x136d00b8      0x280 detect.o
                0x136d00de                Detect_DipModule
                0x136d015c                Detect_EsModule
                0x136d01e8                Detect_FfsModule
                0x136d0254                Detect_IopModule
 .text          0x136d0338      0x154 elf.o
                0x136d034e                Elf_Load
                0x136d0448                Elf_RunThread
                0x136d0462                Elf_Run
                0x136d047c                Elf_StopThread
                0x136d0484                Elf_ContinueThread
 .text          0x136d048c      0x14c gecko.o
                0x136d0518                Gecko_SendString
                0x136d0564                Gecko_Init
                0x136d05b4                Gecko_EnableConsole
 .text          0x136d05d8       0x38 gpio.o
                0x136d05d8                GPIO_Read
                0x136d05f0                GPIO_Write
 .text          0x136d0610       0x1c main.o
                0x136d061c                __MLoad_System
 .text.startup  0x136d062c      0x358 main.o
                0x136d062c                main
 .text          0x136d0984      0x2c0 patches.o
                0x136d0a68                Patch_DipModule
                0x136d0ae4                Patch_EsModule
                0x136d0b68                Patch_FfsModule
                0x136d0bcc                Patch_IopModule
 .text          0x136d0c44      0x15c swi.o
                0x136d0c44                Swi_Handler
 .text          0x136d0da0       0x5c swi_asm.o
                0x136d0da0                SwiVector
 .text          0x136d0dfc       0x8c tid.o
                0x136d0dfc                TID_AddRights
                0x136d0e48                TID_CheckRights
 .text          0x136d0e88       0xcc ../cios-lib/cios-lib.a(ios.o)
                0x136d0e88                IOS_PatchModules
                0x136d0ec0                IOS_CheckPatches
                0x136d0f1c                IOS_InitSystem
 .text          0x136d0f54       0x3a ../cios-lib/cios-lib.a(ipc.o)
                0x136d0f54                InvalidateVector
                0x136d0f70                FlushVector
 *fill*         0x136d0f8e        0x2 
 .text          0x136d0f90       0x48 ../cios-lib/cios-lib.a(mem.o)
                0x136d0f90                Mem_Init
                0x136d0fb0                Mem_Alloc
                0x136d0fc4                Mem_Free
 .text          0x136d0fd8       0xbc ../cios-lib/cios-lib.a(stealth.o)
                0x136d0fd8                Stealth_Log
                0x136d1054                Stealth_CheckRunningTitle
                0x136d1074                Stealth_CheckEsRequest
 .text          0x136d1094       0x48 ../cios-lib/cios-lib.a(swi_mload.o)
                0x136d1094                Swi_Memcpy
                0x136d10a8                Swi_uMemcpy
                0x136d10bc                Swi_CallFunc
                0x136d10cc                Swi_GetIosInfo
 .text          0x136d10dc      0x1b8 ../cios-lib/cios-lib.a(syscalls.o)
                0x136d10dc                os_thread_create
                0x136d10e4                os_thread_joint
                0x136d10ec                os_thread_cancel
                0x136d10f4                os_get_thread_id
                0x136d10fc                os_get_parent_thread_id
                0x136d1104                os_thread_continue
                0x136d110c                os_thread_stop
                0x136d1114                os_thread_yield
                0x136d111c                os_thread_get_priority
                0x136d1124                os_thread_set_priority
                0x136d112c                os_message_queue_create
                0x136d1134                os_message_queue_destroy
                0x136d113c                os_message_queue_send
                0x136d1144                os_message_queue_send_now
                0x136d114c                os_message_queue_receive
                0x136d1154                os_register_event_handler
                0x136d115c                os_unregister_event_handler
                0x136d1164                os_create_timer
                0x136d116c                os_restart_timer
                0x136d1174                os_stop_timer
                0x136d117c                os_destroy_timer
                0x136d1184                os_timer_now
                0x136d118c                os_heap_create
                0x136d1194                os_heap_destroy
                0x136d119c                os_heap_alloc
                0x136d11a4                os_heap_alloc_aligned
                0x136d11ac                os_heap_free
                0x136d11b4                os_device_register
                0x136d11bc                os_open
                0x136d11c4                os_close
                0x136d11cc                os_read
                0x136d11d4                os_write
                0x136d11dc                os_seek
                0x136d11e4                os_ioctl
                0x136d11ec                os_ioctlv
                0x136d11f4                os_open_async
                0x136d11fc                os_close_async
                0x136d1204                os_read_async
                0x136d120c                os_write_async
                0x136d1214                os_seek_async
                0x136d121c                os_ioctl_async
                0x136d1224                os_ioctlv_async
                0x136d122c                os_message_queue_ack
                0x136d1234                os_software_IRQ
                0x136d123c                __os_sync_before_read
                0x136d1244                __os_sync_after_write
                0x136d124c                os_ios_boot
                0x136d1254                os_check_DI_reset
                0x136d125c                os_kernel_set_version
                0x136d1264                os_kernel_get_version
                0x136d126c                os_virt_to_phys
                0x136d1274                os_set_dvd_video_mode
                0x136d127c                os_set_ahbprot
                0x136d1284                svc_write
 .text          0x136d1294       0xb4 ../cios-lib/cios-lib.a(timer.o)
                0x136d1294                Timer_Init
                0x136d1300                Timer_Sleep
 *fill*         0x136d1348        0x8 
 .text          0x136d1350       0x6c ../cios-lib/cios-lib.a(tools.o)
                0x136d1350                DCInvalidateRange
                0x136d1364                DCFlushRange
                0x136d1378                ICInvalidate
                0x136d1384                Swi_MLoad
                0x136d138c                Perms_Read
                0x136d1394                Perms_Write
                0x136d139c                MEM2_Prot
                0x136d13a8                VirtToPhys
                0x136d13b0                PhysToVirt
 .text          0x136d13bc       0x14 C:/devkitPro/devkitARM/bin/../lib/gcc/arm-none-eabi/16.1.0/thumb/be\libgcc.a(_thumb1_case_sqi.o)
                0x136d13bc                __gnu_thumb1_case_sqi
 .text          0x136d13d0       0x14 C:/devkitPro/devkitARM/bin/../lib/gcc/arm-none-eabi/16.1.0/thumb/be\libgcc.a(_thumb1_case_uqi.o)
                0x136d13d0                __gnu_thumb1_case_uqi
 .text          0x136d13e4       0x14 C:/devkitPro/devkitARM/bin/../lib/gcc/arm-none-eabi/16.1.0/thumb/be\libgcc.a(_thumb1_case_uhi.o)
                0x136d13e4                __gnu_thumb1_case_uhi
 .text.memcpy   0x136d13f8       0xac C:/devkitPro/devkitARM/bin/../lib/gcc/arm-none-eabi/16.1.0/../../../../arm-none-eabi/lib/thumb/be\libc.a(libc_a-memcpy-stub.o)
                0x136d13f8                memcpy
 .text.memcmp   0x136d14a4       0x48 C:/devkitPro/devkitARM/bin/../lib/gcc/arm-none-eabi/16.1.0/../../../../arm-none-eabi/lib/thumb/be\libc.a(libc_a-memcmp.o)
                0x136d14a4                memcmp
 .text.memset   0x136d14ec       0x8c C:/devkitPro/devkitARM/bin/../lib/gcc/arm-none-eabi/16.1.0/../../../../arm-none-eabi/lib/thumb/be\libc.a(libc_a-memset.o)
                0x136d14ec                memset
 .text          0x136d1578      0x234 C:/devkitPro/devkitARM/bin/../lib/gcc/arm-none-eabi/16.1.0/../../../../arm-none-eabi/lib/thumb/be\libc.a(libc_a-strcmp.o)
                0x136d1578                strcmp
 *fill*         0x136d17ac        0x4 
 .text.__stub   0x136d17b0        0x8 linker stubs
 *(.gnu.warning)
 *(.gnu.linkonce.t.*)
 *(.init)
 *(.glue_7)
 .glue_7        0x136d17b8        0x0 linker stubs
 *(.glue_7t)
 .glue_7t       0x136d17b8        0x0 linker stubs
                0x136d17b8                        . = ALIGN (0x4)

.vfp11_veneer   0x136d17b8        0x0
 .vfp11_veneer  0x136d17b8        0x0 linker stubs

.v4_bx          0x136d17b8        0x0
 .v4_bx         0x136d17b8        0x0 linker stubs

.iplt           0x136d17b8        0x0
 .iplt          0x136d17b8        0x0 debug.o

.data           0x136d2000      0x258
 *(.data*)
 .data          0x136d2000       0xc4 detect.o
 .data          0x136d20c4       0x50 main.o
                0x136d210c                stealth_mode
                0x136d2110                moduleName
 .data          0x136d2114      0x138 patches.o
 .data          0x136d224c        0x4 ../cios-lib/cios-lib.a(mem.o)
 .data          0x136d2250        0x8 ../cios-lib/cios-lib.a(timer.o)
 *(.data.*)
 *(.gnu.linkonce.d.*)
                0x136d2258                        . = ALIGN (0x4)

.igot.plt       0x136d2258        0x0
 .igot.plt      0x136d2258        0x0 debug.o

.rodata         0x136d2258      0x118
 *(.rodata)
 *all.rodata*(*)
 *(.roda)
 *(.rodata.*)
 .rodata.str1.1
                0x136d2258      0x118 detect.o
                                 0x15 (size before relaxing)
 .rodata.str1.1
                0x136d2370        0x0 main.o
                                 0x79 (size before relaxing)
 .rodata.str1.1
                0x136d2370        0x0 ../cios-lib/cios-lib.a(ios.o)
                                 0x30 (size before relaxing)
 .rodata.str1.1
                0x136d2370        0x0 ../cios-lib/cios-lib.a(stealth.o)
                                 0x63 (size before relaxing)
 *(.gnu.linkonce.r.*)
                0x136d2370                        . = ALIGN (0x4)

.rel.dyn        0x136d2370        0x0
 .rel.iplt      0x136d2370        0x0 debug.o

.bss            0x136d2380     0x6da4
 *(.dynsbss)
 *(.gnu.linkonce.sb.*)
 *(.bss*)
 .bss           0x136d2380        0x1 debug.o
 *fill*         0x136d2381        0x3 
 .bss           0x136d2384       0x10 elf.o
                0x136d2384                elf
 .bss           0x136d2394        0x1 gecko.o
 *fill*         0x136d2395        0xb 
 .bss           0x136d23a0     0x4020 main.o
                0x136d23a0                offset
 .bss           0x136d63c0      0x40c swi.o
                0x136d63c0                SwiAddr
                0x136d63c4                running_title
                0x136d63c8                es_request
                0x136d63cc                SwiTable
 .bss           0x136d67cc       0x44 tid.o
 .bss           0x136d6810       0x14 ../cios-lib/cios-lib.a(ios.o)
                0x136d6810                ios
 *(COMMON)
 *(.ios_bss)
 .ios_bss       0x136d6824     0x2900 start.o
                0x136d8824                ios_thread_stack
                0x136d9124                swi_stack
                0x136d9124                        . = ALIGN (0x4)
LOAD debug.o
LOAD detect.o
LOAD elf.o
LOAD gecko.o
LOAD gpio.o
LOAD main.o
LOAD patches.o
LOAD start.o
LOAD swi.o
LOAD swi_asm.o
LOAD tid.o
LOAD ../cios-lib/cios-lib.a
START GROUP
LOAD C:/devkitPro/devkitARM/bin/../lib/gcc/arm-none-eabi/16.1.0/thumb/be\libgcc.a
LOAD C:/devkitPro/devkitARM/bin/../lib/gcc/arm-none-eabi/16.1.0/../../../../arm-none-eabi/lib/thumb/be\libc.a
LOAD C:/devkitPro/devkitARM/bin/../lib/gcc/arm-none-eabi/16.1.0/../../../../arm-none-eabi/lib/thumb/be\libsysbase.a
END GROUP
OUTPUT(mload-module.elf.orig elf32-bigarm)
LOAD linker stubs

.comment        0x00000000       0x18
 .comment       0x00000000       0x18 debug.o
                                 0x19 (size before relaxing)
 .comment       0x00000018        0x0 detect.o
                                 0x19 (size before relaxing)
 .comment       0x00000018        0x0 elf.o
                                 0x19 (size before relaxing)
 .comment       0x00000018        0x0 gecko.o
                                 0x19 (size before relaxing)
 .comment       0x00000018        0x0 gpio.o
                                 0x19 (size before relaxing)
 .comment       0x00000018        0x0 main.o
                                 0x19 (size before relaxing)
 .comment       0x00000018        0x0 patches.o
                                 0x19 (size before relaxing)
 .comment       0x00000018        0x0 swi.o
                                 0x19 (size before relaxing)
 .comment       0x00000018        0x0 tid.o
                                 0x19 (size before relaxing)
 .comment       0x00000018        0x0 ../cios-lib/cios-lib.a(ios.o)
                                 0x19 (size before relaxing)
 .comment       0x00000018        0x0 ../cios-lib/cios-lib.a(ipc.o)
                                 0x19 (size before relaxing)
 .comment       0x00000018        0x0 ../cios-lib/cios-lib.a(mem.o)
                                 0x19 (size before relaxing)
 .comment       0x00000018        0x0 ../cios-lib/cios-lib.a(stealth.o)
                                 0x19 (size before relaxing)
 .comment       0x00000018        0x0 ../cios-lib/cios-lib.a(swi_mload.o)
                                 0x19 (size before relaxing)
 .comment       0x00000018        0x0 ../cios-lib/cios-lib.a(timer.o)
                                 0x19 (size before relaxing)

.ARM.attributes
                0x00000000       0x2a
 .ARM.attributes
                0x00000000       0x2c debug.o
 .ARM.attributes
                0x0000002c       0x2c detect.o
 .ARM.attributes
                0x00000058       0x2c elf.o
 .ARM.attributes
                0x00000084       0x2c gecko.o
 .ARM.attributes
                0x000000b0       0x2c gpio.o
 .ARM.attributes
                0x000000dc       0x2c main.o
 .ARM.attributes
                0x00000108       0x2c patches.o
 .ARM.attributes
                0x00000134       0x1c start.o
 .ARM.attributes
                0x00000150       0x2c swi.o
 .ARM.attributes
                0x0000017c       0x1c swi_asm.o
 .ARM.attributes
                0x00000198       0x2c tid.o
 .ARM.attributes
                0x000001c4       0x2c ../cios-lib/cios-lib.a(ios.o)
 .ARM.attributes
                0x000001f0       0x2c ../cios-lib/cios-lib.a(ipc.o)
 .ARM.attributes
                0x0000021c       0x2c ../cios-lib/cios-lib.a(mem.o)
 .ARM.attributes
                0x00000248       0x2c ../cios-lib/cios-lib.a(stealth.o)
 .ARM.attributes
                0x00000274       0x2c ../cios-lib/cios-lib.a(swi_mload.o)
 .ARM.attributes
                0x000002a0       0x1c ../cios-lib/cios-lib.a(syscalls.o)
 .ARM.attributes
                0x000002bc       0x2c ../cios-lib/cios-lib.a(timer.o)
 .ARM.attributes
                0x000002e8       0x1c ../cios-lib/cios-lib.a(tools.o)
 .ARM.attributes
                0x00000304       0x1c C:/devkitPro/devkitARM/bin/../lib/gcc/arm-none-eabi/16.1.0/thumb/be\libgcc.a(_thumb1_case_sqi.o)
 .ARM.attributes
                0x00000320       0x1c C:/devkitPro/devkitARM/bin/../lib/gcc/arm-none-eabi/16.1.0/thumb/be\libgcc.a(_thumb1_case_uqi.o)
 .ARM.attributes
                0x0000033c       0x1c C:/devkitPro/devkitARM/bin/../lib/gcc/arm-none-eabi/16.1.0/thumb/be\libgcc.a(_thumb1_case_uhi.o)
 .ARM.attributes
                0x00000358       0x2a C:/devkitPro/devkitARM/bin/../lib/gcc/arm-none-eabi/16.1.0/../../../../arm-none-eabi/lib/thumb/be\libc.a(libc_a-memcpy-stub.o)
 .ARM.attributes
                0x00000382       0x2a C:/devkitPro/devkitARM/bin/../lib/gcc/arm-none-eabi/16.1.0/../../../../arm-none-eabi/lib/thumb/be\libc.a(libc_a-memcmp.o)
 .ARM.attributes
                0x000003ac       0x2a C:/devkitPro/devkitARM/bin/../lib/gcc/arm-none-eabi/16.1.0/../../../../arm-none-eabi/lib/thumb/be\libc.a(libc_a-memset.o)
 .ARM.attributes
                0x000003d6       0x1a C:/devkitPro/devkitARM/bin/../lib/gcc/arm-none-eabi/16.1.0/../../../../arm-none-eabi/lib/thumb/be\libc.a(libc_a-strcmp.o)

.debug_line     0x00000000       0xf7
 .debug_line    0x00000000       0x52 C:/devkitPro/devkitARM/bin/../lib/gcc/arm-none-eabi/16.1.0/thumb/be\libgcc.a(_thumb1_case_sqi.o)
 .debug_line    0x00000052       0x52 C:/devkitPro/devkitARM/bin/../lib/gcc/arm-none-eabi/16.1.0/thumb/be\libgcc.a(_thumb1_case_uqi.o)
 .debug_line    0x000000a4       0x53 C:/devkitPro/devkitARM/bin/../lib/gcc/arm-none-eabi/16.1.0/thumb/be\libgcc.a(_thumb1_case_uhi.o)

.debug_line_str
                0x00000000       0xd0
 .debug_line_str
                0x00000000       0xd0 C:/devkitPro/devkitARM/bin/../lib/gcc/arm-none-eabi/16.1.0/thumb/be\libgcc.a(_thumb1_case_sqi.o)
 .debug_line_str
                0x000000d0        0x0 C:/devkitPro/devkitARM/bin/../lib/gcc/arm-none-eabi/16.1.0/thumb/be\libgcc.a(_thumb1_case_uqi.o)
                                 0xd0 (size before relaxing)
 .debug_line_str
                0x000000d0        0x0 C:/devkitPro/devkitARM/bin/../lib/gcc/arm-none-eabi/16.1.0/thumb/be\libgcc.a(_thumb1_case_uhi.o)
                                 0xd0 (size before relaxing)

.debug_info     0x00000000       0x93
 .debug_info    0x00000000       0x31 C:/devkitPro/devkitARM/bin/../lib/gcc/arm-none-eabi/16.1.0/thumb/be\libgcc.a(_thumb1_case_sqi.o)
 .debug_info    0x00000031       0x31 C:/devkitPro/devkitARM/bin/../lib/gcc/arm-none-eabi/16.1.0/thumb/be\libgcc.a(_thumb1_case_uqi.o)
 .debug_info    0x00000062       0x31 C:/devkitPro/devkitARM/bin/../lib/gcc/arm-none-eabi/16.1.0/thumb/be\libgcc.a(_thumb1_case_uhi.o)

.debug_abbrev   0x00000000       0x78
 .debug_abbrev  0x00000000       0x28 C:/devkitPro/devkitARM/bin/../lib/gcc/arm-none-eabi/16.1.0/thumb/be\libgcc.a(_thumb1_case_sqi.o)
 .debug_abbrev  0x00000028       0x28 C:/devkitPro/devkitARM/bin/../lib/gcc/arm-none-eabi/16.1.0/thumb/be\libgcc.a(_thumb1_case_uqi.o)
 .debug_abbrev  0x00000050       0x28 C:/devkitPro/devkitARM/bin/../lib/gcc/arm-none-eabi/16.1.0/thumb/be\libgcc.a(_thumb1_case_uhi.o)

.debug_aranges  0x00000000       0x60
 .debug_aranges
                0x00000000       0x20 C:/devkitPro/devkitARM/bin/../lib/gcc/arm-none-eabi/16.1.0/thumb/be\libgcc.a(_thumb1_case_sqi.o)
 .debug_aranges
                0x00000020       0x20 C:/devkitPro/devkitARM/bin/../lib/gcc/arm-none-eabi/16.1.0/thumb/be\libgcc.a(_thumb1_case_uqi.o)
 .debug_aranges
                0x00000040       0x20 C:/devkitPro/devkitARM/bin/../lib/gcc/arm-none-eabi/16.1.0/thumb/be\libgcc.a(_thumb1_case_uhi.o)

.debug_str      0x00000000      0x120
 .debug_str     0x00000000      0x120 C:/devkitPro/devkitARM/bin/../lib/gcc/arm-none-eabi/16.1.0/thumb/be\libgcc.a(_thumb1_case_sqi.o)
                                 0xf4 (size before relaxing)
 .debug_str     0x00000120        0x0 C:/devkitPro/devkitARM/bin/../lib/gcc/arm-none-eabi/16.1.0/thumb/be\libgcc.a(_thumb1_case_uqi.o)
                                 0xf4 (size before relaxing)
 .debug_str     0x00000120        0x0 C:/devkitPro/devkitARM/bin/../lib/gcc/arm-none-eabi/16.1.0/thumb/be\libgcc.a(_thumb1_case_uhi.o)
                                 0xf4 (size before relaxing)

.debug_frame    0x00000000       0x40
 .debug_frame   0x00000000       0x40 C:/devkitPro/devkitARM/bin/../lib/gcc/arm-none-eabi/16.1.0/../../../../arm-none-eabi/lib/thumb/be\libc.a(libc_a-strcmp.o)
