Archive member included to satisfy reference by file (symbol)

../cios-lib/cios-lib.a(ipc.o)
                              loop.o (InvalidateVector)
../cios-lib/cios-lib.a(mem.o)
                              main.o (Mem_Init)
../cios-lib/cios-lib.a(stealth.o)
                              loop.o (Stealth_CheckRunningTitle)
../cios-lib/cios-lib.a(syscalls.o)
                              loop.o (os_message_queue_create)
../cios-lib/cios-lib.a(timer.o)
                              main.o (Timer_Init)
../cios-lib/cios-lib.a(tools.o)
                              ../cios-lib/cios-lib.a(stealth.o) (Swi_MLoad)
../cios-lib/cios-lib.a(libwbfs.o)
                              wbfs.o (wbfs_open_hd)
../cios-lib/cios-lib.a(wiidisc.o)
                              ../cios-lib/cios-lib.a(libwbfs.o) (wd_open_disc)
../cios-lib/cios-lib.a(rijndael.o)
                              ../cios-lib/cios-lib.a(wiidisc.o) (aes_set_key)
C:/devkitPro/devkitARM/bin/../lib/gcc/arm-none-eabi/16.1.0/thumb/be\libgcc.a(_thumb1_case_shi.o)
                              loop.o (__gnu_thumb1_case_shi)
C:/devkitPro/devkitARM/bin/../lib/gcc/arm-none-eabi/16.1.0/thumb/be\libgcc.a(_udivsi3.o)
                              tinyehci.o (__aeabi_uidiv)
C:/devkitPro/devkitARM/bin/../lib/gcc/arm-none-eabi/16.1.0/thumb/be\libgcc.a(_divsi3.o)
                              ../cios-lib/cios-lib.a(libwbfs.o) (__aeabi_idiv)
C:/devkitPro/devkitARM/bin/../lib/gcc/arm-none-eabi/16.1.0/thumb/be\libgcc.a(_dvmd_tls.o)
                              C:/devkitPro/devkitARM/bin/../lib/gcc/arm-none-eabi/16.1.0/thumb/be\libgcc.a(_udivsi3.o) (__aeabi_idiv0)
C:/devkitPro/devkitARM/bin/../lib/gcc/arm-none-eabi/16.1.0/../../../../arm-none-eabi/lib/thumb/be\libc.a(libc_a-rand.o)
                              loop.o (rand)
C:/devkitPro/devkitARM/bin/../lib/gcc/arm-none-eabi/16.1.0/../../../../arm-none-eabi/lib/thumb/be\libc.a(libc_a-memcpy-stub.o)
                              tinyehci.o (memcpy)
C:/devkitPro/devkitARM/bin/../lib/gcc/arm-none-eabi/16.1.0/../../../../arm-none-eabi/lib/thumb/be\libc.a(libc_a-memcmp.o)
                              ../cios-lib/cios-lib.a(libwbfs.o) (memcmp)
C:/devkitPro/devkitARM/bin/../lib/gcc/arm-none-eabi/16.1.0/../../../../arm-none-eabi/lib/thumb/be\libc.a(libc_a-memset.o)
                              tinyehci.o (memset)
C:/devkitPro/devkitARM/bin/../lib/gcc/arm-none-eabi/16.1.0/../../../../arm-none-eabi/lib/thumb/be\libc.a(libc_a-strcmp.o)
                              loop.o (strcmp)
C:/devkitPro/devkitARM/bin/../lib/gcc/arm-none-eabi/16.1.0/../../../../arm-none-eabi/lib/thumb/be\libc.a(libc_a-fprintf.o)
                              ../cios-lib/cios-lib.a(libwbfs.o) (fprintf)
C:/devkitPro/devkitARM/bin/../lib/gcc/arm-none-eabi/16.1.0/../../../../arm-none-eabi/lib/thumb/be\libc.a(libc_a-strncmp.o)
                              loop.o (strncmp)
C:/devkitPro/devkitARM/bin/../lib/gcc/arm-none-eabi/16.1.0/../../../../arm-none-eabi/lib/thumb/be\libc.a(libc_a-vfprintf.o)
                              C:/devkitPro/devkitARM/bin/../lib/gcc/arm-none-eabi/16.1.0/../../../../arm-none-eabi/lib/thumb/be\libc.a(libc_a-fprintf.o) (_vfprintf_r)
C:/devkitPro/devkitARM/bin/../lib/gcc/arm-none-eabi/16.1.0/../../../../arm-none-eabi/lib/thumb/be\libc.a(libc_a-wcrtomb.o)
                              C:/devkitPro/devkitARM/bin/../lib/gcc/arm-none-eabi/16.1.0/../../../../arm-none-eabi/lib/thumb/be\libc.a(libc_a-vfprintf.o) (_wcrtomb_r)
C:/devkitPro/devkitARM/bin/../lib/gcc/arm-none-eabi/16.1.0/../../../../arm-none-eabi/lib/thumb/be\libc.a(libc_a-svfiprintf.o)
                              C:/devkitPro/devkitARM/bin/../lib/gcc/arm-none-eabi/16.1.0/../../../../arm-none-eabi/lib/thumb/be\libc.a(libc_a-vfprintf.o) (__chclass)
C:/devkitPro/devkitARM/bin/../lib/gcc/arm-none-eabi/16.1.0/../../../../arm-none-eabi/lib/thumb/be\libc.a(libc_a-ssprint_r.o)
                              C:/devkitPro/devkitARM/bin/../lib/gcc/arm-none-eabi/16.1.0/../../../../arm-none-eabi/lib/thumb/be\libc.a(libc_a-svfiprintf.o) (__ssprint_r)
C:/devkitPro/devkitARM/bin/../lib/gcc/arm-none-eabi/16.1.0/../../../../arm-none-eabi/lib/thumb/be\libc.a(libc_a-strlen-stub.o)
                              C:/devkitPro/devkitARM/bin/../lib/gcc/arm-none-eabi/16.1.0/../../../../arm-none-eabi/lib/thumb/be\libc.a(libc_a-vfprintf.o) (strlen)
C:/devkitPro/devkitARM/bin/../lib/gcc/arm-none-eabi/16.1.0/../../../../arm-none-eabi/lib/thumb/be\libc.a(libc_a-locale.o)
                              C:/devkitPro/devkitARM/bin/../lib/gcc/arm-none-eabi/16.1.0/../../../../arm-none-eabi/lib/thumb/be\libc.a(libc_a-vfprintf.o) (__global_locale)
C:/devkitPro/devkitARM/bin/../lib/gcc/arm-none-eabi/16.1.0/../../../../arm-none-eabi/lib/thumb/be\libc.a(libc_a-fflush.o)
                              C:/devkitPro/devkitARM/bin/../lib/gcc/arm-none-eabi/16.1.0/../../../../arm-none-eabi/lib/thumb/be\libc.a(libc_a-vfprintf.o) (_fflush_r)
[...]
Memory Configuration

Name             Origin             Length             Attributes
table            0x00000000         0x00004000
exe              0x13780000         0x00004000         xrw
ram              0x13784000         0x00028000         rw
*default*        0x00000000         0xffffffff

Linker script and memory map

                0x13780000                        __exe_start_phys__ = 0x13780000
                0x13784000                        __ram_start_phys__ = 0x13784000

.ios_info_table
                0x00000000       0x34
 *(.ios_info_table)
 .ios_info_table
                0x00000000       0x34 start.o
                0x00000000                ios_info_table

.init           0x13780000       0x14
 *(.init)
 .init          0x13780000       0x14 start.o
                0x13780000                _start
                0x13780014                        . = ALIGN (0x4)

.text           0x13780020     0x3a00
 *(.text*)
 .text.__EHCI_ParseHex
                0x13780020       0x4c loop.o
                0x13780020                __EHCI_ParseHex
 .text.__EHCI_Ioctlv
                0x1378006c      0x1a0 loop.o
                0x1378006c                __EHCI_Ioctlv
 .text.__EHCI_OpenDevice
                0x1378020c       0x38 loop.o
                0x1378020c                __EHCI_OpenDevice
 .text.__EHCI_Watchdog
                0x13780244       0x4c loop.o
                0x13780244                __EHCI_Watchdog
 .text.__EHCI_Init
                0x13780290       0x4c loop.o
                0x13780290                __EHCI_Init
 .text.EHCI_Loop
                0x137802dc      0x1a4 loop.o
                0x137802dc                EHCI_Loop
 .text.startup.main
                0x13780480       0x38 main.o
                0x13780480                main
 .text.handshake
                0x137804b8       0xac tinyehci.o
                0x137804b8                handshake
 .text.ehci_qtd_init
                0x13780564       0x26 tinyehci.o
                0x13780564                ehci_qtd_init
 *fill*         0x1378058a        0x2 
 .text.ehci_qtd_alloc
                0x1378058c       0x28 tinyehci.o
                0x1378058c                ehci_qtd_alloc
 .text.ehci_mem_init
                0x137805b4       0xa8 tinyehci.o
                0x137805b4                ehci_mem_init
 .text.ehci_init
                0x1378065c       0x8c tinyehci.o
                0x1378065c                ehci_init
 .text.qtd_fill
                0x137806e8       0xc0 tinyehci.o
                0x137806e8                qtd_fill
 .text.qh_end_transfer
                0x137807a8       0x74 tinyehci.o
                0x137807a8                qh_end_transfer
 .text.qh_urb_transaction
                0x1378081c      0x180 tinyehci.o
                0x1378081c                qh_urb_transaction
 .text.ehci_do_urb
                0x1378099c      0x2b0 tinyehci.o
                0x1378099c                ehci_do_urb
 .text.ehci_control_message
                0x13780c4c       0xac tinyehci.o
                0x13780c4c                ehci_control_message
 .text.ehci_bulk_message
                0x13780cf8       0x24 tinyehci.o
                0x13780cf8                ehci_bulk_message
 .text.ehci_reset_port_old
                0x13780d1c      0x1d8 tinyehci.o
                0x13780d1c                ehci_reset_port_old
 .text.ehci_adquire_port
                0x13780ef4       0xb4 tinyehci.o
                0x13780ef4                ehci_adquire_port
 .text.ehci_reset_usb_port
                0x13780fa8      0x178 tinyehci.o
                0x13780fa8                ehci_reset_usb_port
 .text.ehci_reset_port2
                0x13781120       0x58 tinyehci.o
                0x13781120                ehci_reset_port2
 .text.ehci_release_ports
                0x13781178       0x90 tinyehci.o
                0x13781178                ehci_release_ports
 .text.ehci_open_device
                0x13781208       0x6c tinyehci.o
                0x13781208                ehci_open_device
 .text.ehci_close_device
                0x13781274        0xc tinyehci.o
                0x13781274                ehci_close_device
 .text.ehci_fd_to_dev
                0x13781280       0x34 tinyehci.o
                0x13781280                ehci_fd_to_dev
 .text.ehci_get_device_list
                0x137812b4       0x70 tinyehci.o
                0x137812b4                ehci_get_device_list
 .text.__usb_getdesc
                0x13781324       0x22 tinyehci.o
                0x13781324                __usb_getdesc
 .text.__find_next_endpoint
                0x13781346       0x1e tinyehci.o
                0x13781346                __find_next_endpoint
 .text.USB_FreeDescriptors
                0x13781364       0xc6 tinyehci.o
                0x13781364                USB_FreeDescriptors
 .text.USB_GetDescriptors
                0x1378142a      0x2ea tinyehci.o
                0x1378142a                USB_GetDescriptors
 .text.USB_GetConfiguration
                0x13781714       0x3e tinyehci.o
                0x13781714                USB_GetConfiguration
 .text.USB_SetConfiguration
                0x13781752       0x16 tinyehci.o
                0x13781752                USB_SetConfiguration
 .text.USB_SetAlternativeInterface
                0x13781768       0x20 tinyehci.o
                0x13781768                USB_SetAlternativeInterface
 .text.USB_ClearHalt
                0x13781788       0x16 tinyehci.o
                0x13781788                USB_ClearHalt
 *fill*         0x1378179e        0x2 
 .text.ehci_init_port
                0x137817a0      0x114 tinyehci.o
                0x137817a0                ehci_init_port
 .text.ehci_reset_port
                0x137818b4       0x14 tinyehci.o
                0x137818b4                ehci_reset_port
 .text.ehci_reset_device
                0x137818c8        0xa tinyehci.o
                0x137818c8                ehci_reset_device
 *fill*         0x137818d2        0x2 
 .text.ehci_discover
                0x137818d4       0x30 tinyehci.o
                0x137818d4                ehci_discover
 .text.__USB_BlkMsgTimeout
                0x13781904        0xc tinyehci.o
                0x13781904                __USB_BlkMsgTimeout
 .text.__USB_CtrlMsgTimeout
                0x13781910       0x22 tinyehci.o
                0x13781910                __USB_CtrlMsgTimeout
 *fill*         0x13781932        0x2 
 .text.__send_cbw
                0x13781934       0xd0 tinyehci.o
                0x13781934                __send_cbw
 .text.__read_csw
                0x13781a04       0xc4 tinyehci.o
                0x13781a04                __read_csw
 .text.my_memcmp
                0x13781ac8       0x1c tinyehci.o
                0x13781ac8                my_memcmp
 .text.USBStorage_Close
                0x13781ae4       0x20 tinyehci.o
                0x13781ae4                USBStorage_Close
 .text.USBStorage_ReadCapacity
                0x13781b04       0x80 tinyehci.o
                0x13781b04                USBStorage_ReadCapacity
 .text.USBStorage_MountLUN
                0x13781b84       0x60 tinyehci.o
                0x13781b84                USBStorage_MountLUN
 .text.__usbstorage_reset
                0x13781be4       0xf8 tinyehci.o
                0x13781be4                __usbstorage_reset
 .text.__cycle  0x13781cdc      0x140 tinyehci.o
                0x13781cdc                __cycle
 .text.__usbstorage_clearerrors
                0x13781e1c       0xc0 tinyehci.o
                0x13781e1c                __usbstorage_clearerrors
 .text.USBStorage_Inquiry
                0x13781edc       0x54 tinyehci.o
                0x13781edc                USBStorage_Inquiry
 .text.USBStorage_Reset
                0x13781f30        0xa tinyehci.o
                0x13781f30                USBStorage_Reset
 *fill*         0x13781f3a        0x2 
 .text.USBStorage_Open
                0x13781f3c      0x288 tinyehci.o
                0x13781f3c                USBStorage_Open
 .text.__USBStorage_Read
                0x137821c4       0x56 tinyehci.o
                0x137821c4                __USBStorage_Read
 .text.__USBStorage_Write
                0x1378221a       0x58 tinyehci.o
                0x1378221a                __USBStorage_Write
 .text.USBStorage_Read
                0x13782272       0x6c tinyehci.o
                0x13782272                USBStorage_Read
 .text.USBStorage_Write
                0x137822de       0x6c tinyehci.o
                0x137822de                USBStorage_Write
 *fill*         0x1378234a        0x2 
 .text.USBStorage_Read_Stress
                0x1378234c       0x64 tinyehci.o
                0x1378234c                USBStorage_Read_Stress
 .text.USBStorage_Try_Device
                0x137823b0       0xd4 tinyehci.o
                0x137823b0                USBStorage_Try_Device
 .text.USBStorage_Umount
                0x13782484       0x40 tinyehci.o
                0x13782484                USBStorage_Umount
 .text.USBStorage_Init
                0x137824c4       0x98 tinyehci.o
                0x137824c4                USBStorage_Init
 .text.USBStorage_Get_Capacity
                0x1378255c       0x34 tinyehci.o
                0x1378255c                USBStorage_Get_Capacity
 .text.unplug_procedure
                0x13782590       0x74 tinyehci.o
                0x13782590                unplug_procedure
 .text.USBStorage_Read_Sectors
                0x13782604       0x80 tinyehci.o
                0x13782604                USBStorage_Read_Sectors
 .text.USBStorage_Write_Sectors
                0x13782684       0x80 tinyehci.o
                0x13782684                USBStorage_Write_Sectors
 .text.EHCI_Init
                0x13782704       0x3c tinyehci.o
                0x13782704                EHCI_Init
 .text.ehci_maligned
                0x13782740       0x44 usb_os.o
                0x13782740                ehci_maligned
 .text.ehci_virt_to_dma
                0x13782784        0x2 usb_os.o
                0x13782784                ehci_virt_to_dma
 .text.ehci_dma_map_to
                0x13782786        0xc usb_os.o
                0x13782786                ehci_dma_map_to
 .text.ehci_dma_map_from
                0x13782792        0xc usb_os.o
                0x13782792                ehci_dma_map_from
 .text.ehci_dma_map_bidir
                0x1378279e        0xc usb_os.o
                0x1378279e                ehci_dma_map_bidir
 .text.ehci_dma_unmap_to
                0x137827aa        0x8 usb_os.o
                0x137827aa                ehci_dma_unmap_to
 .text.ehci_dma_unmap_from
                0x137827b2        0x8 usb_os.o
                0x137827b2                ehci_dma_unmap_from
 .text.ehci_dma_unmap_bidir
                0x137827ba        0x8 usb_os.o
                0x137827ba                ehci_dma_unmap_bidir
 .text.ehci_usleep
                0x137827c2        0x8 usb_os.o
                0x137827c2                ehci_usleep
 .text.ehci_msleep
                0x137827ca        0xe usb_os.o
                0x137827ca                ehci_msleep
 .text.USB_Alloc
                0x137827d8        0x8 usb_os.o
                0x137827d8                USB_Alloc
 .text.USB_Free
                0x137827e0        0x8 usb_os.o
                0x137827e0                USB_Free
 .text.__WBFS_ReadSector
                0x137827e8       0x2c wbfs.o
 .text.WBFS_OpenDisc
                0x13782814       0x68 wbfs.o
                0x13782814                WBFS_OpenDisc
 .text.WBFS_Read
                0x1378287c       0x24 wbfs.o
                0x1378287c                WBFS_Read
 .text          0x137828a0       0x3a ../cios-lib/cios-lib.a(ipc.o)
                0x137828a0                InvalidateVector
                0x137828bc                FlushVector
 *fill*         0x137828da        0x2 
 .text          0x137828dc       0x48 ../cios-lib/cios-lib.a(mem.o)
                0x137828dc                Mem_Init
                0x137828fc                Mem_Alloc
                0x13782910                Mem_Free
 .text          0x13782924       0xbc ../cios-lib/cios-lib.a(stealth.o)
                0x13782924                Stealth_Log
                0x137829a0                Stealth_CheckRunningTitle
                0x137829c0                Stealth_CheckEsRequest
 .text          0x137829e0      0x1b8 ../cios-lib/cios-lib.a(syscalls.o)
                0x137829e0                os_thread_create
                0x137829e8                os_thread_joint
                0x137829f0                os_thread_cancel
                0x137829f8                os_get_thread_id
                0x13782a00                os_get_parent_thread_id
                0x13782a08                os_thread_continue
                0x13782a10                os_thread_stop
                0x13782a18                os_thread_yield
                0x13782a20                os_thread_get_priority
                0x13782a28                os_thread_set_priority
                0x13782a30                os_message_queue_create
                0x13782a38                os_message_queue_destroy
                0x13782a40                os_message_queue_send
                0x13782a48                os_message_queue_send_now
                0x13782a50                os_message_queue_receive
                0x13782a58                os_register_event_handler
                0x13782a60                os_unregister_event_handler
                0x13782a68                os_create_timer
                0x13782a70                os_restart_timer
                0x13782a78                os_stop_timer
                0x13782a80                os_destroy_timer
                0x13782a88                os_timer_now
                0x13782a90                os_heap_create
                0x13782a98                os_heap_destroy
                0x13782aa0                os_heap_alloc
                0x13782aa8                os_heap_alloc_aligned
                0x13782ab0                os_heap_free
                0x13782ab8                os_device_register
                0x13782ac0                os_open
                0x13782ac8                os_close
                0x13782ad0                os_read
                0x13782ad8                os_write
                0x13782ae0                os_seek
                0x13782ae8                os_ioctl
                0x13782af0                os_ioctlv
                0x13782af8                os_open_async
                0x13782b00                os_close_async
                0x13782b08                os_read_async
                0x13782b10                os_write_async
                0x13782b18                os_seek_async
                0x13782b20                os_ioctl_async
                0x13782b28                os_ioctlv_async
                0x13782b30                os_message_queue_ack
                0x13782b38                os_software_IRQ
                0x13782b40                __os_sync_before_read
                0x13782b48                __os_sync_after_write
                0x13782b50                os_ios_boot
                0x13782b58                os_check_DI_reset
                0x13782b60                os_kernel_set_version
                0x13782b68                os_kernel_get_version
                0x13782b70                os_virt_to_phys
                0x13782b78                os_set_dvd_video_mode
                0x13782b80                os_set_ahbprot
                0x13782b88                svc_write
 .text          0x13782b98       0xb4 ../cios-lib/cios-lib.a(timer.o)
                0x13782b98                Timer_Init
                0x13782c04                Timer_Sleep
 *fill*         0x13782c4c        0x4 
 .text          0x13782c50       0x6c ../cios-lib/cios-lib.a(tools.o)
                0x13782c50                DCInvalidateRange
                0x13782c64                DCFlushRange
                0x13782c78                ICInvalidate
                0x13782c84                Swi_MLoad
                0x13782c8c                Perms_Read
                0x13782c94                Perms_Write
                0x13782c9c                MEM2_Prot
                0x13782ca8                VirtToPhys
                0x13782cb0                PhysToVirt
 .text.wbfs_open_partition
                0x13782cbc      0x274 ../cios-lib/cios-lib.a(libwbfs.o)
                0x13782cbc                wbfs_open_partition
 .text.wbfs_open_hd
                0x13782f30       0xb4 ../cios-lib/cios-lib.a(libwbfs.o)
                0x13782f30                wbfs_open_hd
 .text.wbfs_sync
                0x13782fe4       0x48 ../cios-lib/cios-lib.a(libwbfs.o)
                0x13782fe4                wbfs_sync
 .text.wbfs_close
                0x1378302c       0x2c ../cios-lib/cios-lib.a(libwbfs.o)
                0x1378302c                wbfs_close
 .text.wbfs_open_disc
                0x13783058       0xa8 ../cios-lib/cios-lib.a(libwbfs.o)
                0x13783058                wbfs_open_disc
 .text.wbfs_close_disc
                0x13783100       0x1a ../cios-lib/cios-lib.a(libwbfs.o)
                0x13783100                wbfs_close_disc
 *fill*         0x1378311a        0x2 
 .text.wbfs_disc_read
                0x1378311c      0x178 ../cios-lib/cios-lib.a(libwbfs.o)
                0x1378311c                wbfs_disc_read
 .text          0x13783294       0x14 C:/devkitPro/devkitARM/bin/../lib/gcc/arm-none-eabi/16.1.0/thumb/be\libgcc.a(_thumb1_case_shi.o)
                0x13783294                __gnu_thumb1_case_shi
 .text          0x137832a8      0x11c C:/devkitPro/devkitARM/bin/../lib/gcc/arm-none-eabi/16.1.0/thumb/be\libgcc.a(_udivsi3.o)
                0x137832a8                __aeabi_uidiv
                0x137832a8                __udivsi3
                0x137833a4                __aeabi_uidivmod
 .text          0x137833c4      0x150 C:/devkitPro/devkitARM/bin/../lib/gcc/arm-none-eabi/16.1.0/thumb/be\libgcc.a(_divsi3.o)
                0x137833c4                __divsi3
                0x137833c4                __aeabi_idiv
                0x137834f4                __aeabi_idivmod
 .text          0x13783514        0x4 C:/devkitPro/devkitARM/bin/../lib/gcc/arm-none-eabi/16.1.0/thumb/be\libgcc.a(_dvmd_tls.o)
                0x13783514                __aeabi_idiv0
                0x13783514                __aeabi_ldiv0
 .text.rand     0x13783518       0x30 C:/devkitPro/devkitARM/bin/../lib/gcc/arm-none-eabi/16.1.0/../../../../arm-none-eabi/lib/thumb/be\libc.a(libc_a-rand.o)
                0x13783518                rand
 .text.memcpy   0x13783548       0xac C:/devkitPro/devkitARM/bin/../lib/gcc/arm-none-eabi/16.1.0/../../../../arm-none-eabi/lib/thumb/be\libc.a(libc_a-memcpy-stub.o)
                0x13783548                memcpy
 .text.memcmp   0x137835f4       0x48 C:/devkitPro/devkitARM/bin/../lib/gcc/arm-none-eabi/16.1.0/../../../../arm-none-eabi/lib/thumb/be\libc.a(libc_a-memcmp.o)
                0x137835f4                memcmp
 .text.memset   0x1378363c       0x8c C:/devkitPro/devkitARM/bin/../lib/gcc/arm-none-eabi/16.1.0/../../../../arm-none-eabi/lib/thumb/be\libc.a(libc_a-memset.o)
                0x1378363c                memset
 .text          0x137836c8      0x234 C:/devkitPro/devkitARM/bin/../lib/gcc/arm-none-eabi/16.1.0/../../../../arm-none-eabi/lib/thumb/be\libc.a(libc_a-strcmp.o)
                0x137836c8                strcmp
 .text.strncmp  0x137838fc       0x70 C:/devkitPro/devkitARM/bin/../lib/gcc/arm-none-eabi/16.1.0/../../../../arm-none-eabi/lib/thumb/be\libc.a(libc_a-strncmp.o)
                0x137838fc                strncmp
 .text.__getreent
                0x1378396c       0x20 C:/devkitPro/devkitARM/bin/../lib/gcc/arm-none-eabi/16.1.0/../../../../arm-none-eabi/lib/thumb/be\libsysbase.a(libsysbase_libsysbase_a-getreent.o)
                0x1378396c                __getreent
 .text.__muldi3
                0x1378398c       0x58 C:/devkitPro/devkitARM/bin/../lib/gcc/arm-none-eabi/16.1.0/thumb/be\libgcc.a(_muldi3.o)
                0x1378398c                __muldi3
                0x1378398c                __aeabi_lmul
 *fill*         0x137839e4        0x4 
 .text.__muldi3.__stub
                0x137839e8       0x34 linker stubs
 *(.gnu.warning)
 *(.gnu.linkonce.t.*)
 *(.init)
 *(.glue_7)
 .glue_7        0x13783a1c        0x0 linker stubs
 *(.glue_7t)
 .glue_7t       0x13783a1c        0x0 linker stubs
                0x13783a1c                        . = ALIGN (0x4)

.vfp11_veneer   0x13783a20        0x0
 .vfp11_veneer  0x13783a20        0x0 linker stubs

.v4_bx          0x13783a20        0x0
 .v4_bx         0x13783a20        0x0 linker stubs

.iplt           0x13783a20        0x0
 .iplt          0x13783a20        0x0 loop.o

.data           0x13784000      0x228
 *(.data*)
 .data          0x13784000        0x4 main.o
                0x13784000                moduleName
 .data          0x13784004       0x10 tinyehci.o
                0x13784004                ehci
                0x13784008                usb_timeout
                0x1378400c                __lun
                0x13784010                first_access
 .data          0x13784014        0x4 ../cios-lib/cios-lib.a(mem.o)
 .data          0x13784018        0x8 ../cios-lib/cios-lib.a(timer.o)
 .data          0x13784020        0x4 ../cios-lib/cios-lib.a(libwbfs.o)
 .data._impure_ptr
                0x13784024        0x4 C:/devkitPro/devkitARM/bin/../lib/gcc/arm-none-eabi/16.1.0/../../../../arm-none-eabi/lib/thumb/be\libc.a(libc_a-impure.o)
                0x13784024                _impure_ptr
 .data._impure_data
                0x13784028      0x200 C:/devkitPro/devkitARM/bin/../lib/gcc/arm-none-eabi/16.1.0/../../../../arm-none-eabi/lib/thumb/be\libc.a(libc_a-impure.o)
                0x13784028                _impure_data
 *(.data.*)
 *(.gnu.linkonce.d.*)
                0x13784228                        . = ALIGN (0x4)

.igot.plt       0x13784228        0x0
 .igot.plt      0x13784228        0x0 loop.o

.rodata         0x13784228       0xb8
 *(.rodata)
 *all.rodata*(*)
 *(.roda)
 *(.rodata.*)
 .rodata.str1.1
                0x13784228       0xb5 loop.o
                                 0x15 (size before relaxing)
 .rodata.str1.1
                0x137842dd        0x0 main.o
                                 0x3d (size before relaxing)
 .rodata.str1.1
                0x137842dd        0x0 ../cios-lib/cios-lib.a(stealth.o)
                                 0x63 (size before relaxing)
 *(.gnu.linkonce.r.*)
                0x137842e0                        . = ALIGN (0x4)
 *fill*         0x137842dd        0x3 

.rel.dyn        0x137842e0        0x0
 .rel.iplt      0x137842e0        0x0 loop.o

.bss            0x137842e0    0x27398
 *(.dynsbss)
 *(.gnu.linkonce.sb.*)
 *(.bss*)
 .bss           0x137842e0       0x10 loop.o
 *fill*         0x137842f0       0x10 
 .bss           0x13784300    0x14000 main.o
 .bss           0x13798300       0x16 tinyehci.o
                0x13798300                unplug_device
                0x13798304                handshake_mode
                0x13798308                ums_init_done
                0x1379830c                try_status
                0x13798310                __mounted
                0x13798312                __vid
                0x13798314                __pid
 *fill*         0x13798316        0xa 
 .bss           0x13798320    0x10020 usb_os.o
 .bss           0x137a8340       0x10 wbfs.o
 .bss           0x137a8350        0x4 ../cios-lib/cios-lib.a(libwbfs.o)
 *fill*         0x137a8354        0x4 
 .bss.__sf      0x137a8358      0x168 C:/devkitPro/devkitARM/bin/../lib/gcc/arm-none-eabi/16.1.0/../../../../arm-none-eabi/lib/thumb/be\libc.a(libc_a-findfp.o)
                0x137a8358                __sf
 *(COMMON)
 COMMON         0x137a84c0      0x1b8 tinyehci.o
                0x137a84c0                _old_udd
                0x137a84d8                __usbfd
                0x137a857c                _ehci
 *(.ios_bss)
 .ios_bss       0x137a8678     0x3000 start.o
                0x137a8678                ios_thread_stack_start
                0x137ab678                ios_thread_stack
                0x137ab678                        . = ALIGN (0x4)
LOAD loop.o
LOAD main.o
LOAD start.o
LOAD tinyehci.o
LOAD usb_os.o
LOAD wbfs.o
LOAD ../cios-lib/cios-lib.a
START GROUP
LOAD C:/devkitPro/devkitARM/bin/../lib/gcc/arm-none-eabi/16.1.0/thumb/be\libgcc.a
LOAD C:/devkitPro/devkitARM/bin/../lib/gcc/arm-none-eabi/16.1.0/../../../../arm-none-eabi/lib/thumb/be\libc.a
LOAD C:/devkitPro/devkitARM/bin/../lib/gcc/arm-none-eabi/16.1.0/../../../../arm-none-eabi/lib/thumb/be\libsysbase.a
END GROUP
OUTPUT(ehci-module.elf.orig elf32-bigarm)
LOAD linker stubs

.comment        0x00000000       0x18
 .comment       0x00000000       0x18 loop.o
                                 0x19 (size before relaxing)
 .comment       0x00000018        0x0 main.o
                                 0x19 (size before relaxing)
 .comment       0x00000018        0x0 tinyehci.o
                                 0x19 (size before relaxing)
 .comment       0x00000018        0x0 usb_os.o
                                 0x19 (size before relaxing)
 .comment       0x00000018        0x0 wbfs.o
                                 0x19 (size before relaxing)
 .comment       0x00000018        0x0 ../cios-lib/cios-lib.a(ipc.o)
                                 0x19 (size before relaxing)
 .comment       0x00000018        0x0 ../cios-lib/cios-lib.a(mem.o)
                                 0x19 (size before relaxing)
 .comment       0x00000018        0x0 ../cios-lib/cios-lib.a(stealth.o)
                                 0x19 (size before relaxing)
 .comment       0x00000018        0x0 ../cios-lib/cios-lib.a(timer.o)
                                 0x19 (size before relaxing)
 .comment       0x00000018        0x0 ../cios-lib/cios-lib.a(libwbfs.o)
                                 0x19 (size before relaxing)
 .comment       0x00000018        0x0 C:/devkitPro/devkitARM/bin/../lib/gcc/arm-none-eabi/16.1.0/thumb/be\libgcc.a(_muldi3.o)
                                 0x19 (size before relaxing)

.ARM.attributes
                0x00000000       0x2a
 .ARM.attributes
                0x00000000       0x2c loop.o
 .ARM.attributes
                0x0000002c       0x2c main.o
 .ARM.attributes
                0x00000058       0x1c start.o
 .ARM.attributes
                0x00000074       0x2c tinyehci.o
 .ARM.attributes
                0x000000a0       0x2c usb_os.o
 .ARM.attributes
                0x000000cc       0x2c wbfs.o
 .ARM.attributes
                0x000000f8       0x2c ../cios-lib/cios-lib.a(ipc.o)
 .ARM.attributes
                0x00000124       0x2c ../cios-lib/cios-lib.a(mem.o)
 .ARM.attributes
                0x00000150       0x2c ../cios-lib/cios-lib.a(stealth.o)
 .ARM.attributes
                0x0000017c       0x1c ../cios-lib/cios-lib.a(syscalls.o)
 .ARM.attributes
                0x00000198       0x2c ../cios-lib/cios-lib.a(timer.o)
 .ARM.attributes
                0x000001c4       0x1c ../cios-lib/cios-lib.a(tools.o)
 .ARM.attributes
                0x000001e0       0x2c ../cios-lib/cios-lib.a(libwbfs.o)
 .ARM.attributes
                0x0000020c       0x1c C:/devkitPro/devkitARM/bin/../lib/gcc/arm-none-eabi/16.1.0/thumb/be\libgcc.a(_thumb1_case_shi.o)
 .ARM.attributes
                0x00000228       0x1c C:/devkitPro/devkitARM/bin/../lib/gcc/arm-none-eabi/16.1.0/thumb/be\libgcc.a(_udivsi3.o)
 .ARM.attributes
                0x00000244       0x1c C:/devkitPro/devkitARM/bin/../lib/gcc/arm-none-eabi/16.1.0/thumb/be\libgcc.a(_divsi3.o)
 .ARM.attributes
                0x00000260       0x1c C:/devkitPro/devkitARM/bin/../lib/gcc/arm-none-eabi/16.1.0/thumb/be\libgcc.a(_dvmd_tls.o)
 .ARM.attributes
                0x0000027c       0x2a C:/devkitPro/devkitARM/bin/../lib/gcc/arm-none-eabi/16.1.0/../../../../arm-none-eabi/lib/thumb/be\libc.a(libc_a-rand.o)
 .ARM.attributes
                0x000002a6       0x2a C:/devkitPro/devkitARM/bin/../lib/gcc/arm-none-eabi/16.1.0/../../../../arm-none-eabi/lib/thumb/be\libc.a(libc_a-memcpy-stub.o)
 .ARM.attributes
                0x000002d0       0x2a C:/devkitPro/devkitARM/bin/../lib/gcc/arm-none-eabi/16.1.0/../../../../arm-none-eabi/lib/thumb/be\libc.a(libc_a-memcmp.o)
 .ARM.attributes
                0x000002fa       0x2a C:/devkitPro/devkitARM/bin/../lib/gcc/arm-none-eabi/16.1.0/../../../../arm-none-eabi/lib/thumb/be\libc.a(libc_a-memset.o)
 .ARM.attributes
                0x00000324       0x1a C:/devkitPro/devkitARM/bin/../lib/gcc/arm-none-eabi/16.1.0/../../../../arm-none-eabi/lib/thumb/be\libc.a(libc_a-strcmp.o)
 .ARM.attributes
                0x0000033e       0x2a C:/devkitPro/devkitARM/bin/../lib/gcc/arm-none-eabi/16.1.0/../../../../arm-none-eabi/lib/thumb/be\libc.a(libc_a-strncmp.o)
 .ARM.attributes
                0x00000368       0x2a C:/devkitPro/devkitARM/bin/../lib/gcc/arm-none-eabi/16.1.0/../../../../arm-none-eabi/lib/thumb/be\libc.a(libc_a-findfp.o)
 .ARM.attributes
                0x00000392       0x2a C:/devkitPro/devkitARM/bin/../lib/gcc/arm-none-eabi/16.1.0/../../../../arm-none-eabi/lib/thumb/be\libc.a(libc_a-impure.o)
 .ARM.attributes
                0x000003bc       0x2a C:/devkitPro/devkitARM/bin/../lib/gcc/arm-none-eabi/16.1.0/../../../../arm-none-eabi/lib/thumb/be\libsysbase.a(libsysbase_libsysbase_a-getreent.o)
 .ARM.attributes
                0x000003e6       0x2a C:/devkitPro/devkitARM/bin/../lib/gcc/arm-none-eabi/16.1.0/thumb/be\libgcc.a(_muldi3.o)

.debug_line     0x00000000      0x2c3
 .debug_line    0x00000000       0x53 C:/devkitPro/devkitARM/bin/../lib/gcc/arm-none-eabi/16.1.0/thumb/be\libgcc.a(_thumb1_case_shi.o)
 .debug_line    0x00000053       0x67 C:/devkitPro/devkitARM/bin/../lib/gcc/arm-none-eabi/16.1.0/thumb/be\libgcc.a(_udivsi3.o)
 .debug_line    0x000000ba       0x73 C:/devkitPro/devkitARM/bin/../lib/gcc/arm-none-eabi/16.1.0/thumb/be\libgcc.a(_divsi3.o)
 .debug_line    0x0000012d       0x4a C:/devkitPro/devkitARM/bin/../lib/gcc/arm-none-eabi/16.1.0/thumb/be\libgcc.a(_dvmd_tls.o)
 .debug_line    0x00000177      0x14c C:/devkitPro/devkitARM/bin/../lib/gcc/arm-none-eabi/16.1.0/thumb/be\libgcc.a(_muldi3.o)

.debug_line_str
                0x00000000       0xd0
 .debug_line_str
                0x00000000       0xd0 C:/devkitPro/devkitARM/bin/../lib/gcc/arm-none-eabi/16.1.0/thumb/be\libgcc.a(_thumb1_case_shi.o)
 .debug_line_str
                0x000000d0        0x0 C:/devkitPro/devkitARM/bin/../lib/gcc/arm-none-eabi/16.1.0/thumb/be\libgcc.a(_udivsi3.o)
                                 0xd0 (size before relaxing)
 .debug_line_str
                0x000000d0        0x0 C:/devkitPro/devkitARM/bin/../lib/gcc/arm-none-eabi/16.1.0/thumb/be\libgcc.a(_divsi3.o)
                                 0xd0 (size before relaxing)
 .debug_line_str
                0x000000d0        0x0 C:/devkitPro/devkitARM/bin/../lib/gcc/arm-none-eabi/16.1.0/thumb/be\libgcc.a(_dvmd_tls.o)
                                 0xd0 (size before relaxing)

.debug_info     0x00000000      0x50b
 .debug_info    0x00000000       0x31 C:/devkitPro/devkitARM/bin/../lib/gcc/arm-none-eabi/16.1.0/thumb/be\libgcc.a(_thumb1_case_shi.o)
 .debug_info    0x00000031       0x3e C:/devkitPro/devkitARM/bin/../lib/gcc/arm-none-eabi/16.1.0/thumb/be\libgcc.a(_udivsi3.o)
 .debug_info    0x0000006f       0x3e C:/devkitPro/devkitARM/bin/../lib/gcc/arm-none-eabi/16.1.0/thumb/be\libgcc.a(_divsi3.o)
 .debug_info    0x000000ad       0x3c C:/devkitPro/devkitARM/bin/../lib/gcc/arm-none-eabi/16.1.0/thumb/be\libgcc.a(_dvmd_tls.o)
 .debug_info    0x000000e9      0x422 C:/devkitPro/devkitARM/bin/../lib/gcc/arm-none-eabi/16.1.0/thumb/be\libgcc.a(_muldi3.o)

.debug_abbrev   0x00000000      0x1e8
 .debug_abbrev  0x00000000       0x28 C:/devkitPro/devkitARM/bin/../lib/gcc/arm-none-eabi/16.1.0/thumb/be\libgcc.a(_thumb1_case_shi.o)
 .debug_abbrev  0x00000028       0x28 C:/devkitPro/devkitARM/bin/../lib/gcc/arm-none-eabi/16.1.0/thumb/be\libgcc.a(_udivsi3.o)
 .debug_abbrev  0x00000050       0x28 C:/devkitPro/devkitARM/bin/../lib/gcc/arm-none-eabi/16.1.0/thumb/be\libgcc.a(_divsi3.o)
 .debug_abbrev  0x00000078       0x26 C:/devkitPro/devkitARM/bin/../lib/gcc/arm-none-eabi/16.1.0/thumb/be\libgcc.a(_dvmd_tls.o)
 .debug_abbrev  0x0000009e      0x14a C:/devkitPro/devkitARM/bin/../lib/gcc/arm-none-eabi/16.1.0/thumb/be\libgcc.a(_muldi3.o)

.debug_aranges  0x00000000       0xa0
 .debug_aranges
                0x00000000       0x20 C:/devkitPro/devkitARM/bin/../lib/gcc/arm-none-eabi/16.1.0/thumb/be\libgcc.a(_thumb1_case_shi.o)
 .debug_aranges
                0x00000020       0x20 C:/devkitPro/devkitARM/bin/../lib/gcc/arm-none-eabi/16.1.0/thumb/be\libgcc.a(_udivsi3.o)
 .debug_aranges
                0x00000040       0x20 C:/devkitPro/devkitARM/bin/../lib/gcc/arm-none-eabi/16.1.0/thumb/be\libgcc.a(_divsi3.o)
 .debug_aranges
                0x00000060       0x20 C:/devkitPro/devkitARM/bin/../lib/gcc/arm-none-eabi/16.1.0/thumb/be\libgcc.a(_dvmd_tls.o)
 .debug_aranges
                0x00000080       0x20 C:/devkitPro/devkitARM/bin/../lib/gcc/arm-none-eabi/16.1.0/thumb/be\libgcc.a(_muldi3.o)

.debug_str      0x00000000      0x74c
 .debug_str     0x00000000      0x74c C:/devkitPro/devkitARM/bin/../lib/gcc/arm-none-eabi/16.1.0/thumb/be\libgcc.a(_thumb1_case_shi.o)
                                 0xf4 (size before relaxing)
 .debug_str     0x0000074c        0x0 C:/devkitPro/devkitARM/bin/../lib/gcc/arm-none-eabi/16.1.0/thumb/be\libgcc.a(_udivsi3.o)
                                 0xf9 (size before relaxing)
 .debug_str     0x0000074c        0x0 C:/devkitPro/devkitARM/bin/../lib/gcc/arm-none-eabi/16.1.0/thumb/be\libgcc.a(_divsi3.o)
                                 0xf7 (size before relaxing)
 .debug_str     0x0000074c        0x0 C:/devkitPro/devkitARM/bin/../lib/gcc/arm-none-eabi/16.1.0/thumb/be\libgcc.a(_dvmd_tls.o)
                                 0xfa (size before relaxing)
 .debug_str     0x0000074c        0x0 C:/devkitPro/devkitARM/bin/../lib/gcc/arm-none-eabi/16.1.0/thumb/be\libgcc.a(_muldi3.o)
                                0x6bd (size before relaxing)

.debug_frame    0x00000000       0xb4
 .debug_frame   0x00000000       0x20 C:/devkitPro/devkitARM/bin/../lib/gcc/arm-none-eabi/16.1.0/thumb/be\libgcc.a(_udivsi3.o)
 .debug_frame   0x00000020       0x20 C:/devkitPro/devkitARM/bin/../lib/gcc/arm-none-eabi/16.1.0/thumb/be\libgcc.a(_divsi3.o)
 .debug_frame   0x00000040       0x40 C:/devkitPro/devkitARM/bin/../lib/gcc/arm-none-eabi/16.1.0/../../../../arm-none-eabi/lib/thumb/be\libc.a(libc_a-strcmp.o)
 .debug_frame   0x00000080       0x34 C:/devkitPro/devkitARM/bin/../lib/gcc/arm-none-eabi/16.1.0/thumb/be\libgcc.a(_muldi3.o)

.debug_loclists
                0x00000000      0x1b1
 .debug_loclists
                0x00000000      0x1b1 C:/devkitPro/devkitARM/bin/../lib/gcc/arm-none-eabi/16.1.0/thumb/be\libgcc.a(_muldi3.o)

.debug_rnglists
                0x00000000       0x2e
 .debug_rnglists
                0x00000000       0x2e C:/devkitPro/devkitARM/bin/../lib/gcc/arm-none-eabi/16.1.0/thumb/be\libgcc.a(_muldi3.o)
