Archive member included to satisfy reference by file (symbol)

../cios-lib/cios-lib.a(ipc.o)
                              main.o (InvalidateVector)
../cios-lib/cios-lib.a(mem.o)
                              main.o (Mem_Init)
../cios-lib/cios-lib.a(stealth.o)
                              main.o (Stealth_CheckRunningTitle)
../cios-lib/cios-lib.a(syscalls.o)
                              main.o (os_message_queue_create)
../cios-lib/cios-lib.a(timer.o)
                              main.o (Timer_Init)
../cios-lib/cios-lib.a(tools.o)
                              ../cios-lib/cios-lib.a(stealth.o) (Swi_MLoad)
../cios-lib/cios-lib.a(libwbfs.o)
                              wbfs.o (wbfs_open_hd)
../cios-lib/cios-lib.a(wiidisc.o)
                              ../cios-lib/cios-lib.a(libwbfs.o) (wd_open_disc)
../cios-lib/cios-lib.a(rijndael.o)
                              ../cios-lib/cios-lib.a(wiidisc.o) (aes_set_key)
C:/devkitPro/devkitARM/bin/../lib/gcc/arm-none-eabi/16.1.0/thumb/be\libgcc.a(_thumb1_case_uqi.o)
                              main.o (__gnu_thumb1_case_uqi)
C:/devkitPro/devkitARM/bin/../lib/gcc/arm-none-eabi/16.1.0/thumb/be\libgcc.a(_udivsi3.o)
                              ../cios-lib/cios-lib.a(libwbfs.o) (__aeabi_uidiv)
C:/devkitPro/devkitARM/bin/../lib/gcc/arm-none-eabi/16.1.0/thumb/be\libgcc.a(_divsi3.o)
                              ../cios-lib/cios-lib.a(libwbfs.o) (__aeabi_idiv)
C:/devkitPro/devkitARM/bin/../lib/gcc/arm-none-eabi/16.1.0/thumb/be\libgcc.a(_dvmd_tls.o)
                              C:/devkitPro/devkitARM/bin/../lib/gcc/arm-none-eabi/16.1.0/thumb/be\libgcc.a(_udivsi3.o) (__aeabi_idiv0)
C:/devkitPro/devkitARM/bin/../lib/gcc/arm-none-eabi/16.1.0/../../../../arm-none-eabi/lib/thumb/be\libc.a(libc_a-memcpy-stub.o)
                              usb2.o (memcpy)
C:/devkitPro/devkitARM/bin/../lib/gcc/arm-none-eabi/16.1.0/../../../../arm-none-eabi/lib/thumb/be\libc.a(libc_a-memcmp.o)
                              ../cios-lib/cios-lib.a(libwbfs.o) (memcmp)
C:/devkitPro/devkitARM/bin/../lib/gcc/arm-none-eabi/16.1.0/../../../../arm-none-eabi/lib/thumb/be\libc.a(libc_a-memset.o)
                              usb2.o (memset)
C:/devkitPro/devkitARM/bin/../lib/gcc/arm-none-eabi/16.1.0/../../../../arm-none-eabi/lib/thumb/be\libc.a(libc_a-strcmp.o)
                              main.o (strcmp)
C:/devkitPro/devkitARM/bin/../lib/gcc/arm-none-eabi/16.1.0/../../../../arm-none-eabi/lib/thumb/be\libc.a(libc_a-fprintf.o)
                              ../cios-lib/cios-lib.a(libwbfs.o) (fprintf)
C:/devkitPro/devkitARM/bin/../lib/gcc/arm-none-eabi/16.1.0/../../../../arm-none-eabi/lib/thumb/be\libc.a(libc_a-vfprintf.o)
                              C:/devkitPro/devkitARM/bin/../lib/gcc/arm-none-eabi/16.1.0/../../../../arm-none-eabi/lib/thumb/be\libc.a(libc_a-fprintf.o) (_vfprintf_r)
C:/devkitPro/devkitARM/bin/../lib/gcc/arm-none-eabi/16.1.0/../../../../arm-none-eabi/lib/thumb/be\libc.a(libc_a-wcrtomb.o)
                              C:/devkitPro/devkitARM/bin/../lib/gcc/arm-none-eabi/16.1.0/../../../../arm-none-eabi/lib/thumb/be\libc.a(libc_a-vfprintf.o) (_wcrtomb_r)
C:/devkitPro/devkitARM/bin/../lib/gcc/arm-none-eabi/16.1.0/../../../../arm-none-eabi/lib/thumb/be\libc.a(libc_a-svfiprintf.o)
                              C:/devkitPro/devkitARM/bin/../lib/gcc/arm-none-eabi/16.1.0/../../../../arm-none-eabi/lib/thumb/be\libc.a(libc_a-vfprintf.o) (__chclass)
C:/devkitPro/devkitARM/bin/../lib/gcc/arm-none-eabi/16.1.0/../../../../arm-none-eabi/lib/thumb/be\libc.a(libc_a-ssprint_r.o)
                              C:/devkitPro/devkitARM/bin/../lib/gcc/arm-none-eabi/16.1.0/../../../../arm-none-eabi/lib/thumb/be\libc.a(libc_a-svfiprintf.o) (__ssprint_r)
C:/devkitPro/devkitARM/bin/../lib/gcc/arm-none-eabi/16.1.0/../../../../arm-none-eabi/lib/thumb/be\libc.a(libc_a-strlen-stub.o)
                              C:/devkitPro/devkitARM/bin/../lib/gcc/arm-none-eabi/16.1.0/../../../../arm-none-eabi/lib/thumb/be\libc.a(libc_a-vfprintf.o) (strlen)
C:/devkitPro/devkitARM/bin/../lib/gcc/arm-none-eabi/16.1.0/../../../../arm-none-eabi/lib/thumb/be\libc.a(libc_a-locale.o)
                              C:/devkitPro/devkitARM/bin/../lib/gcc/arm-none-eabi/16.1.0/../../../../arm-none-eabi/lib/thumb/be\libc.a(libc_a-vfprintf.o) (__global_locale)
C:/devkitPro/devkitARM/bin/../lib/gcc/arm-none-eabi/16.1.0/../../../../arm-none-eabi/lib/thumb/be\libc.a(libc_a-fflush.o)
                              C:/devkitPro/devkitARM/bin/../lib/gcc/arm-none-eabi/16.1.0/../../../../arm-none-eabi/lib/thumb/be\libc.a(libc_a-vfprintf.o) (_fflush_r)
C:/devkitPro/devkitARM/bin/../lib/gcc/arm-none-eabi/16.1.0/../../../../arm-none-eabi/lib/thumb/be\libc.a(libc_a-sprint_r.o)
                              C:/devkitPro/devkitARM/bin/../lib/gcc/arm-none-eabi/16.1.0/../../../../arm-none-eabi/lib/thumb/be\libc.a(libc_a-vfprintf.o) (__sprint_r)
[...]
Memory Configuration

Name             Origin             Length             Attributes
table            0x00000000         0x00004000
exe              0x13780000         0x00003000         xrw
ram              0x13783000         0x0000b000         rw
*default*        0x00000000         0xffffffff

Linker script and memory map

                0x13780000                        __exe_start_phys__ = 0x13780000
                0x13783000                        __ram_start_phys__ = 0x13783000

.ios_info_table
                0x00000000       0x34
 *(.ios_info_table)
 .ios_info_table
                0x00000000       0x34 start.o
                0x00000000                ios_info_table

.init           0x13780000       0x14
 *(.init)
 .init          0x13780000       0x14 start.o
                0x13780000                _start
                0x13780014                        . = ALIGN (0x4)

.text           0x13780020     0x23a8
 *(.text*)
 .text.__USB_Initialize
                0x13780020       0x50 main.o
                0x13780020                __USB_Initialize
 .text.startup.main
                0x13780070      0x204 main.o
                0x13780070                main
 .text.__USB_FindDevice
                0x13780274       0x30 usb2.o
 .text.__usb_interrupt_bulk_message
                0x137802a4       0x90 usb2.o
 .text.__usb_control_message
                0x13780334       0x7c usb2.o
 .text.USB_AttachFinish
                0x137803b0       0x40 usb2.o
                0x137803b0                USB_AttachFinish
 .text.USB_DeviceChange
                0x137803f0       0xa8 usb2.o
                0x137803f0                USB_DeviceChange
 .text.USB_Init
                0x13780498       0xc8 usb2.o
                0x13780498                USB_Init
 .text.USB_GetDescriptors
                0x13780560      0x194 usb2.o
                0x13780560                USB_GetDescriptors
 .text.USB_FreeDescriptors
                0x137806f4       0xc6 usb2.o
                0x137806f4                USB_FreeDescriptors
 .text.USB_ReadBlkMsg
                0x137807ba       0x10 usb2.o
                0x137807ba                USB_ReadBlkMsg
 .text.USB_WriteBlkMsg
                0x137807ca        0x8 usb2.o
                0x137807ca                USB_WriteBlkMsg
 .text.USB_WriteCtrlMsg
                0x137807d2       0x1e usb2.o
                0x137807d2                USB_WriteCtrlMsg
 .text.USB_SuspendResume
                0x137807f0       0x5c usb2.o
                0x137807f0                USB_SuspendResume
 .text.USB_OpenDevice
                0x1378084c       0x1c usb2.o
                0x1378084c                USB_OpenDevice
 .text.USB_CloseDevice
                0x13780868       0x68 usb2.o
                0x13780868                USB_CloseDevice
 .text.USB_GetDeviceList
                0x137808d0       0x44 usb2.o
                0x137808d0                USB_GetDeviceList
 .text.USB_SetConfiguration
                0x13780914       0x16 usb2.o
                0x13780914                USB_SetConfiguration
 .text.USB_GetConfiguration
                0x1378092a       0x3e usb2.o
                0x1378092a                USB_GetConfiguration
 .text.USB_SetAlternativeInterface
                0x13780968       0x20 usb2.o
                0x13780968                USB_SetAlternativeInterface
 .text.USB_CancelEndpoint
                0x13780988       0x5c usb2.o
                0x13780988                USB_CancelEndpoint
 .text.usbstorage_Startup
                0x137809e4       0x44 usbglue.o
                0x137809e4                usbstorage_Startup
 .text.usbstorage_IsInserted
                0x13780a28      0x13c usbglue.o
                0x13780a28                usbstorage_IsInserted
 .text.usbstorage_ReadSectors
                0x13780b64       0x2c usbglue.o
                0x13780b64                usbstorage_ReadSectors
 .text.usbstorage_WriteSectors
                0x13780b90       0x2c usbglue.o
                0x13780b90                usbstorage_WriteSectors
 .text.usbstorage_ReadCapacity
                0x13780bbc       0x28 usbglue.o
                0x13780bbc                usbstorage_ReadCapacity
 .text.usbstorage_Shutdown
                0x13780be4       0x20 usbglue.o
                0x13780be4                usbstorage_Shutdown
 .text.Swap32   0x13780c04       0x1c usbstorage.o
 .text.__USB_BlkMsgTimeout
                0x13780c20       0x1c usbstorage.o
 .text.__send_cbw
                0x13780c3c       0x88 usbstorage.o
 .text.__usbstorage_reset
                0x13780cc4       0x34 usbstorage.o
 .text.__cycle.constprop.0
                0x13780cf8      0x1d0 usbstorage.o
 .text.USBStorage_Initialize
                0x13780ec8        0x4 usbstorage.o
                0x13780ec8                USBStorage_Initialize
 .text.USBStorage_Close
                0x13780ecc       0x34 usbstorage.o
                0x13780ecc                USBStorage_Close
 .text.USBStorage_Open
                0x13780f00      0x1e4 usbstorage.o
                0x13780f00                USBStorage_Open
 .text.USBStorage_GetMaxLUN
                0x137810e4        0x4 usbstorage.o
                0x137810e4                USBStorage_GetMaxLUN
 .text.USBStorage_ReadCapacity
                0x137810e8       0x62 usbstorage.o
                0x137810e8                USBStorage_ReadCapacity
 *fill*         0x1378114a        0x2 
 .text.USBStorage_MountLUN
                0x1378114c       0xbc usbstorage.o
                0x1378114c                USBStorage_MountLUN
 .text.USBStorage_Read
                0x13781208       0x54 usbstorage.o
                0x13781208                USBStorage_Read
 .text.USBStorage_Write
                0x1378125c       0x56 usbstorage.o
                0x1378125c                USBStorage_Write
 *fill*         0x137812b2        0x2 
 .text.__WBFS_ReadSector
                0x137812b4       0x2c wbfs.o
 .text.WBFS_OpenDisc
                0x137812e0       0x68 wbfs.o
                0x137812e0                WBFS_OpenDisc
 .text.WBFS_Read
                0x13781348       0x24 wbfs.o
                0x13781348                WBFS_Read
 .text          0x1378136c       0x3a ../cios-lib/cios-lib.a(ipc.o)
                0x1378136c                InvalidateVector
                0x13781388                FlushVector
 *fill*         0x137813a6        0x2 
 .text          0x137813a8       0x48 ../cios-lib/cios-lib.a(mem.o)
                0x137813a8                Mem_Init
                0x137813c8                Mem_Alloc
                0x137813dc                Mem_Free
 .text          0x137813f0       0xbc ../cios-lib/cios-lib.a(stealth.o)
                0x137813f0                Stealth_Log
                0x1378146c                Stealth_CheckRunningTitle
                0x1378148c                Stealth_CheckEsRequest
 .text          0x137814ac      0x1b8 ../cios-lib/cios-lib.a(syscalls.o)
                0x137814ac                os_thread_create
                0x137814b4                os_thread_joint
                0x137814bc                os_thread_cancel
                0x137814c4                os_get_thread_id
                0x137814cc                os_get_parent_thread_id
                0x137814d4                os_thread_continue
                0x137814dc                os_thread_stop
                0x137814e4                os_thread_yield
                0x137814ec                os_thread_get_priority
                0x137814f4                os_thread_set_priority
                0x137814fc                os_message_queue_create
                0x13781504                os_message_queue_destroy
                0x1378150c                os_message_queue_send
                0x13781514                os_message_queue_send_now
                0x1378151c                os_message_queue_receive
                0x13781524                os_register_event_handler
                0x1378152c                os_unregister_event_handler
                0x13781534                os_create_timer
                0x1378153c                os_restart_timer
                0x13781544                os_stop_timer
                0x1378154c                os_destroy_timer
                0x13781554                os_timer_now
                0x1378155c                os_heap_create
                0x13781564                os_heap_destroy
                0x1378156c                os_heap_alloc
                0x13781574                os_heap_alloc_aligned
                0x1378157c                os_heap_free
                0x13781584                os_device_register
                0x1378158c                os_open
                0x13781594                os_close
                0x1378159c                os_read
                0x137815a4                os_write
                0x137815ac                os_seek
                0x137815b4                os_ioctl
                0x137815bc                os_ioctlv
                0x137815c4                os_open_async
                0x137815cc                os_close_async
                0x137815d4                os_read_async
                0x137815dc                os_write_async
                0x137815e4                os_seek_async
                0x137815ec                os_ioctl_async
                0x137815f4                os_ioctlv_async
                0x137815fc                os_message_queue_ack
                0x13781604                os_software_IRQ
                0x1378160c                __os_sync_before_read
                0x13781614                __os_sync_after_write
                0x1378161c                os_ios_boot
                0x13781624                os_check_DI_reset
                0x1378162c                os_kernel_set_version
                0x13781634                os_kernel_get_version
                0x1378163c                os_virt_to_phys
                0x13781644                os_set_dvd_video_mode
                0x1378164c                os_set_ahbprot
                0x13781654                svc_write
 .text          0x13781664       0xb4 ../cios-lib/cios-lib.a(timer.o)
                0x13781664                Timer_Init
                0x137816d0                Timer_Sleep
 *fill*         0x13781718        0x8 
 .text          0x13781720       0x6c ../cios-lib/cios-lib.a(tools.o)
                0x13781720                DCInvalidateRange
                0x13781734                DCFlushRange
                0x13781748                ICInvalidate
                0x13781754                Swi_MLoad
                0x1378175c                Perms_Read
                0x13781764                Perms_Write
                0x1378176c                MEM2_Prot
                0x13781778                VirtToPhys
                0x13781780                PhysToVirt
 .text.wbfs_open_partition
                0x1378178c      0x274 ../cios-lib/cios-lib.a(libwbfs.o)
                0x1378178c                wbfs_open_partition
 .text.wbfs_open_hd
                0x13781a00       0xb4 ../cios-lib/cios-lib.a(libwbfs.o)
                0x13781a00                wbfs_open_hd
 .text.wbfs_sync
                0x13781ab4       0x48 ../cios-lib/cios-lib.a(libwbfs.o)
                0x13781ab4                wbfs_sync
 .text.wbfs_close
                0x13781afc       0x2c ../cios-lib/cios-lib.a(libwbfs.o)
                0x13781afc                wbfs_close
 .text.wbfs_open_disc
                0x13781b28       0xa8 ../cios-lib/cios-lib.a(libwbfs.o)
                0x13781b28                wbfs_open_disc
 .text.wbfs_close_disc
                0x13781bd0       0x1a ../cios-lib/cios-lib.a(libwbfs.o)
                0x13781bd0                wbfs_close_disc
 *fill*         0x13781bea        0x2 
 .text.wbfs_disc_read
                0x13781bec      0x178 ../cios-lib/cios-lib.a(libwbfs.o)
                0x13781bec                wbfs_disc_read
 .text          0x13781d64       0x14 C:/devkitPro/devkitARM/bin/../lib/gcc/arm-none-eabi/16.1.0/thumb/be\libgcc.a(_thumb1_case_uqi.o)
                0x13781d64                __gnu_thumb1_case_uqi
 .text          0x13781d78      0x11c C:/devkitPro/devkitARM/bin/../lib/gcc/arm-none-eabi/16.1.0/thumb/be\libgcc.a(_udivsi3.o)
                0x13781d78                __aeabi_uidiv
                0x13781d78                __udivsi3
                0x13781e74                __aeabi_uidivmod
 .text          0x13781e94      0x150 C:/devkitPro/devkitARM/bin/../lib/gcc/arm-none-eabi/16.1.0/thumb/be\libgcc.a(_divsi3.o)
                0x13781e94                __divsi3
                0x13781e94                __aeabi_idiv
                0x13781fc4                __aeabi_idivmod
 .text          0x13781fe4        0x4 C:/devkitPro/devkitARM/bin/../lib/gcc/arm-none-eabi/16.1.0/thumb/be\libgcc.a(_dvmd_tls.o)
                0x13781fe4                __aeabi_idiv0
                0x13781fe4                __aeabi_ldiv0
 .text.memcpy   0x13781fe8       0xac C:/devkitPro/devkitARM/bin/../lib/gcc/arm-none-eabi/16.1.0/../../../../arm-none-eabi/lib/thumb/be\libc.a(libc_a-memcpy-stub.o)
                0x13781fe8                memcpy
 .text.memcmp   0x13782094       0x48 C:/devkitPro/devkitARM/bin/../lib/gcc/arm-none-eabi/16.1.0/../../../../arm-none-eabi/lib/thumb/be\libc.a(libc_a-memcmp.o)
                0x13782094                memcmp
 .text.memset   0x137820dc       0x8c C:/devkitPro/devkitARM/bin/../lib/gcc/arm-none-eabi/16.1.0/../../../../arm-none-eabi/lib/thumb/be\libc.a(libc_a-memset.o)
                0x137820dc                memset
 .text          0x13782168      0x234 C:/devkitPro/devkitARM/bin/../lib/gcc/arm-none-eabi/16.1.0/../../../../arm-none-eabi/lib/thumb/be\libc.a(libc_a-strcmp.o)
                0x13782168                strcmp
 *fill*         0x1378239c        0x4 
 .text.__stub   0x137823a0       0x24 linker stubs
 *(.gnu.warning)
 *(.gnu.linkonce.t.*)
 *(.init)
 *(.glue_7)
 .glue_7        0x137823c4        0x0 linker stubs
 *(.glue_7t)
 .glue_7t       0x137823c4        0x0 linker stubs
                0x137823c4                        . = ALIGN (0x4)

.vfp11_veneer   0x137823c8        0x0
 .vfp11_veneer  0x137823c8        0x0 linker stubs

.v4_bx          0x137823c8        0x0
 .v4_bx         0x137823c8        0x0 linker stubs

.iplt           0x137823c8        0x0
 .iplt          0x137823c8        0x0 main.o

.data           0x13783000       0x28
 *(.data*)
 .data          0x13783000       0x18 main.o
                0x13783000                queuehandle
                0x13783004                usbCb
                0x13783014                moduleName
 .data          0x13783018        0x4 ../cios-lib/cios-lib.a(mem.o)
 .data          0x1378301c        0x8 ../cios-lib/cios-lib.a(timer.o)
 .data          0x13783024        0x4 ../cios-lib/cios-lib.a(libwbfs.o)
 *(.data.*)
 *(.gnu.linkonce.d.*)
                0x13783028                        . = ALIGN (0x4)

.igot.plt       0x13783028        0x0
 .igot.plt      0x13783028        0x0 main.o

.rodata         0x13783028       0xb8
 *(.rodata)
 *all.rodata*(*)
 *(.roda)
 *(.rodata.*)
 .rodata.str1.1
                0x13783028       0xb7 main.o
                                 0x47 (size before relaxing)
 .rodata.str1.1
                0x137830df        0x0 usb2.o
                                  0xd (size before relaxing)
 .rodata.str1.1
                0x137830df        0x0 ../cios-lib/cios-lib.a(stealth.o)
                                 0x63 (size before relaxing)
 *(.gnu.linkonce.r.*)
                0x137830e0                        . = ALIGN (0x4)
 *fill*         0x137830df        0x1 

.rel.dyn        0x137830e0        0x0
 .rel.iplt      0x137830e0        0x0 main.o

.bss            0x137830e0     0xa050
 *(.dynsbss)
 *(.gnu.linkonce.sb.*)
 *(.bss*)
 .bss           0x137830e0     0x8000 main.o
 .bss           0x1378b0e0        0x4 usb2.o
 .bss           0x1378b0e4       0x35 usbglue.o
 *fill*         0x1378b119        0x3 
 .bss           0x1378b11c       0x10 wbfs.o
 .bss           0x1378b12c        0x4 ../cios-lib/cios-lib.a(libwbfs.o)
 *(COMMON)
 *(.ios_bss)
 .ios_bss       0x1378b130     0x2000 start.o
                0x1378d130                ios_thread_stack
                0x1378d130                        . = ALIGN (0x4)
LOAD main.o
LOAD start.o
LOAD usb2.o
LOAD usbglue.o
LOAD usbstorage.o
LOAD wbfs.o
LOAD ../cios-lib/cios-lib.a
START GROUP
LOAD C:/devkitPro/devkitARM/bin/../lib/gcc/arm-none-eabi/16.1.0/thumb/be\libgcc.a
LOAD C:/devkitPro/devkitARM/bin/../lib/gcc/arm-none-eabi/16.1.0/../../../../arm-none-eabi/lib/thumb/be\libc.a
LOAD C:/devkitPro/devkitARM/bin/../lib/gcc/arm-none-eabi/16.1.0/../../../../arm-none-eabi/lib/thumb/be\libsysbase.a
END GROUP
OUTPUT(usb-module.elf.orig elf32-bigarm)
LOAD linker stubs

.comment        0x00000000       0x18
 .comment       0x00000000       0x18 main.o
                                 0x19 (size before relaxing)
 .comment       0x00000018        0x0 usb2.o
                                 0x19 (size before relaxing)
 .comment       0x00000018        0x0 usbglue.o
                                 0x19 (size before relaxing)
 .comment       0x00000018        0x0 usbstorage.o
                                 0x19 (size before relaxing)
 .comment       0x00000018        0x0 wbfs.o
                                 0x19 (size before relaxing)
 .comment       0x00000018        0x0 ../cios-lib/cios-lib.a(ipc.o)
                                 0x19 (size before relaxing)
 .comment       0x00000018        0x0 ../cios-lib/cios-lib.a(mem.o)
                                 0x19 (size before relaxing)
 .comment       0x00000018        0x0 ../cios-lib/cios-lib.a(stealth.o)
                                 0x19 (size before relaxing)
 .comment       0x00000018        0x0 ../cios-lib/cios-lib.a(timer.o)
                                 0x19 (size before relaxing)
 .comment       0x00000018        0x0 ../cios-lib/cios-lib.a(libwbfs.o)
                                 0x19 (size before relaxing)

.ARM.attributes
                0x00000000       0x2a
 .ARM.attributes
                0x00000000       0x2c main.o
 .ARM.attributes
                0x0000002c       0x1c start.o
 .ARM.attributes
                0x00000048       0x2c usb2.o
 .ARM.attributes
                0x00000074       0x2c usbglue.o
 .ARM.attributes
                0x000000a0       0x2c usbstorage.o
 .ARM.attributes
                0x000000cc       0x2c wbfs.o
 .ARM.attributes
                0x000000f8       0x2c ../cios-lib/cios-lib.a(ipc.o)
 .ARM.attributes
                0x00000124       0x2c ../cios-lib/cios-lib.a(mem.o)
 .ARM.attributes
                0x00000150       0x2c ../cios-lib/cios-lib.a(stealth.o)
 .ARM.attributes
                0x0000017c       0x1c ../cios-lib/cios-lib.a(syscalls.o)
 .ARM.attributes
                0x00000198       0x2c ../cios-lib/cios-lib.a(timer.o)
 .ARM.attributes
                0x000001c4       0x1c ../cios-lib/cios-lib.a(tools.o)
 .ARM.attributes
                0x000001e0       0x2c ../cios-lib/cios-lib.a(libwbfs.o)
 .ARM.attributes
                0x0000020c       0x1c C:/devkitPro/devkitARM/bin/../lib/gcc/arm-none-eabi/16.1.0/thumb/be\libgcc.a(_thumb1_case_uqi.o)
 .ARM.attributes
                0x00000228       0x1c C:/devkitPro/devkitARM/bin/../lib/gcc/arm-none-eabi/16.1.0/thumb/be\libgcc.a(_udivsi3.o)
 .ARM.attributes
                0x00000244       0x1c C:/devkitPro/devkitARM/bin/../lib/gcc/arm-none-eabi/16.1.0/thumb/be\libgcc.a(_divsi3.o)
 .ARM.attributes
                0x00000260       0x1c C:/devkitPro/devkitARM/bin/../lib/gcc/arm-none-eabi/16.1.0/thumb/be\libgcc.a(_dvmd_tls.o)
 .ARM.attributes
                0x0000027c       0x2a C:/devkitPro/devkitARM/bin/../lib/gcc/arm-none-eabi/16.1.0/../../../../arm-none-eabi/lib/thumb/be\libc.a(libc_a-memcpy-stub.o)
 .ARM.attributes
                0x000002a6       0x2a C:/devkitPro/devkitARM/bin/../lib/gcc/arm-none-eabi/16.1.0/../../../../arm-none-eabi/lib/thumb/be\libc.a(libc_a-memcmp.o)
 .ARM.attributes
                0x000002d0       0x2a C:/devkitPro/devkitARM/bin/../lib/gcc/arm-none-eabi/16.1.0/../../../../arm-none-eabi/lib/thumb/be\libc.a(libc_a-memset.o)
 .ARM.attributes
                0x000002fa       0x1a C:/devkitPro/devkitARM/bin/../lib/gcc/arm-none-eabi/16.1.0/../../../../arm-none-eabi/lib/thumb/be\libc.a(libc_a-strcmp.o)

.debug_line     0x00000000      0x176
 .debug_line    0x00000000       0x52 C:/devkitPro/devkitARM/bin/../lib/gcc/arm-none-eabi/16.1.0/thumb/be\libgcc.a(_thumb1_case_uqi.o)
 .debug_line    0x00000052       0x67 C:/devkitPro/devkitARM/bin/../lib/gcc/arm-none-eabi/16.1.0/thumb/be\libgcc.a(_udivsi3.o)
 .debug_line    0x000000b9       0x73 C:/devkitPro/devkitARM/bin/../lib/gcc/arm-none-eabi/16.1.0/thumb/be\libgcc.a(_divsi3.o)
 .debug_line    0x0000012c       0x4a C:/devkitPro/devkitARM/bin/../lib/gcc/arm-none-eabi/16.1.0/thumb/be\libgcc.a(_dvmd_tls.o)

.debug_line_str
                0x00000000       0xd0
 .debug_line_str
                0x00000000       0xd0 C:/devkitPro/devkitARM/bin/../lib/gcc/arm-none-eabi/16.1.0/thumb/be\libgcc.a(_thumb1_case_uqi.o)
 .debug_line_str
                0x000000d0        0x0 C:/devkitPro/devkitARM/bin/../lib/gcc/arm-none-eabi/16.1.0/thumb/be\libgcc.a(_udivsi3.o)
                                 0xd0 (size before relaxing)
 .debug_line_str
                0x000000d0        0x0 C:/devkitPro/devkitARM/bin/../lib/gcc/arm-none-eabi/16.1.0/thumb/be\libgcc.a(_divsi3.o)
                                 0xd0 (size before relaxing)
 .debug_line_str
                0x000000d0        0x0 C:/devkitPro/devkitARM/bin/../lib/gcc/arm-none-eabi/16.1.0/thumb/be\libgcc.a(_dvmd_tls.o)
                                 0xd0 (size before relaxing)

.debug_info     0x00000000       0xe9
 .debug_info    0x00000000       0x31 C:/devkitPro/devkitARM/bin/../lib/gcc/arm-none-eabi/16.1.0/thumb/be\libgcc.a(_thumb1_case_uqi.o)
 .debug_info    0x00000031       0x3e C:/devkitPro/devkitARM/bin/../lib/gcc/arm-none-eabi/16.1.0/thumb/be\libgcc.a(_udivsi3.o)
 .debug_info    0x0000006f       0x3e C:/devkitPro/devkitARM/bin/../lib/gcc/arm-none-eabi/16.1.0/thumb/be\libgcc.a(_divsi3.o)
 .debug_info    0x000000ad       0x3c C:/devkitPro/devkitARM/bin/../lib/gcc/arm-none-eabi/16.1.0/thumb/be\libgcc.a(_dvmd_tls.o)

.debug_abbrev   0x00000000       0x9e
 .debug_abbrev  0x00000000       0x28 C:/devkitPro/devkitARM/bin/../lib/gcc/arm-none-eabi/16.1.0/thumb/be\libgcc.a(_thumb1_case_uqi.o)
 .debug_abbrev  0x00000028       0x28 C:/devkitPro/devkitARM/bin/../lib/gcc/arm-none-eabi/16.1.0/thumb/be\libgcc.a(_udivsi3.o)
 .debug_abbrev  0x00000050       0x28 C:/devkitPro/devkitARM/bin/../lib/gcc/arm-none-eabi/16.1.0/thumb/be\libgcc.a(_divsi3.o)
 .debug_abbrev  0x00000078       0x26 C:/devkitPro/devkitARM/bin/../lib/gcc/arm-none-eabi/16.1.0/thumb/be\libgcc.a(_dvmd_tls.o)

.debug_aranges  0x00000000       0x80
 .debug_aranges
                0x00000000       0x20 C:/devkitPro/devkitARM/bin/../lib/gcc/arm-none-eabi/16.1.0/thumb/be\libgcc.a(_thumb1_case_uqi.o)
 .debug_aranges
                0x00000020       0x20 C:/devkitPro/devkitARM/bin/../lib/gcc/arm-none-eabi/16.1.0/thumb/be\libgcc.a(_udivsi3.o)
 .debug_aranges
                0x00000040       0x20 C:/devkitPro/devkitARM/bin/../lib/gcc/arm-none-eabi/16.1.0/thumb/be\libgcc.a(_divsi3.o)
 .debug_aranges
                0x00000060       0x20 C:/devkitPro/devkitARM/bin/../lib/gcc/arm-none-eabi/16.1.0/thumb/be\libgcc.a(_dvmd_tls.o)

.debug_str      0x00000000      0x144
 .debug_str     0x00000000      0x144 C:/devkitPro/devkitARM/bin/../lib/gcc/arm-none-eabi/16.1.0/thumb/be\libgcc.a(_thumb1_case_uqi.o)
                                 0xf4 (size before relaxing)
 .debug_str     0x00000144        0x0 C:/devkitPro/devkitARM/bin/../lib/gcc/arm-none-eabi/16.1.0/thumb/be\libgcc.a(_udivsi3.o)
                                 0xf9 (size before relaxing)
 .debug_str     0x00000144        0x0 C:/devkitPro/devkitARM/bin/../lib/gcc/arm-none-eabi/16.1.0/thumb/be\libgcc.a(_divsi3.o)
                                 0xf7 (size before relaxing)
 .debug_str     0x00000144        0x0 C:/devkitPro/devkitARM/bin/../lib/gcc/arm-none-eabi/16.1.0/thumb/be\libgcc.a(_dvmd_tls.o)
                                 0xfa (size before relaxing)

.debug_frame    0x00000000       0x80
 .debug_frame   0x00000000       0x20 C:/devkitPro/devkitARM/bin/../lib/gcc/arm-none-eabi/16.1.0/thumb/be\libgcc.a(_udivsi3.o)
 .debug_frame   0x00000020       0x20 C:/devkitPro/devkitARM/bin/../lib/gcc/arm-none-eabi/16.1.0/thumb/be\libgcc.a(_divsi3.o)
 .debug_frame   0x00000040       0x40 C:/devkitPro/devkitARM/bin/../lib/gcc/arm-none-eabi/16.1.0/../../../../arm-none-eabi/lib/thumb/be\libc.a(libc_a-strcmp.o)
