Archive member included to satisfy reference by file (symbol)

../cios-lib/cios-lib.a(direct_syscalls.o)
                              iop.o (direct_os_get_thread_id)
../cios-lib/cios-lib.a(fat_tools.o)
                              fs_tools.o (FAT_Escape)
../cios-lib/cios-lib.a(ios.o)
                              main.o (IOS_InitSystem)
../cios-lib/cios-lib.a(stealth.o)
                              plugin.o (Stealth_Log)
../cios-lib/cios-lib.a(swi_mload.o)
                              ../cios-lib/cios-lib.a(ios.o) (Swi_CallFunc)
../cios-lib/cios-lib.a(syscalls.o)
                              plugin.o (os_get_thread_id)
../cios-lib/cios-lib.a(tools.o)
                              patches.o (DCFlushRange)
C:/devkitPro/devkitARM/bin/../lib/gcc/arm-none-eabi/16.1.0/thumb/be\libgcc.a(_thumb1_case_sqi.o)
                              ../cios-lib/cios-lib.a(fat_tools.o) (__gnu_thumb1_case_sqi)
C:/devkitPro/devkitARM/bin/../lib/gcc/arm-none-eabi/16.1.0/thumb/be\libgcc.a(_thumb1_case_uhi.o)
                              plugin.o (__gnu_thumb1_case_uhi)
C:/devkitPro/devkitARM/bin/../lib/gcc/arm-none-eabi/16.1.0/../../../../arm-none-eabi/lib/thumb/be\libc.a(libc_a-memcpy-stub.o)
                              fat.o (memcpy)
C:/devkitPro/devkitARM/bin/../lib/gcc/arm-none-eabi/16.1.0/../../../../arm-none-eabi/lib/thumb/be\libc.a(libc_a-strlen.o)
                              plugin.o (strlen)
C:/devkitPro/devkitARM/bin/../lib/gcc/arm-none-eabi/16.1.0/../../../../arm-none-eabi/lib/thumb/be\libc.a(libc_a-strcpy.o)
                              iop.o (strcpy)
C:/devkitPro/devkitARM/bin/../lib/gcc/arm-none-eabi/16.1.0/../../../../arm-none-eabi/lib/thumb/be\libc.a(libc_a-memset.o)
                              plugin.o (memset)
C:/devkitPro/devkitARM/bin/../lib/gcc/arm-none-eabi/16.1.0/../../../../arm-none-eabi/lib/thumb/be\libc.a(libc_a-strcmp.o)
                              iop.o (strcmp)
C:/devkitPro/devkitARM/bin/../lib/gcc/arm-none-eabi/16.1.0/../../../../arm-none-eabi/lib/thumb/be\libc.a(libc_a-strncmp.o)
                              iop.o (strncmp)

Merging object attributes


Discarded input sections

 .data          0x00000000        0x0 iop.o
 .data          0x00000000        0x0 iop_calls.o
 .bss           0x00000000        0x0 iop_calls.o
 .data          0x00000000        0x0 fat.o
 .data          0x00000000        0x0 fs_calls.o
 .bss           0x00000000        0x0 fs_calls.o
 .text          0x00000000        0xc fs_dump.o
 .data          0x00000000        0x0 fs_dump.o
 .bss           0x00000000        0x0 fs_dump.o
 .comment       0x00000000       0x19 fs_dump.o
 .ARM.attributes
                0x00000000       0x2c fs_dump.o
 .data          0x00000000        0x0 fs_tools.o
 .bss           0x00000000        0x0 fs_tools.o
 .text          0x00000000        0x0 main.o
 .bss           0x00000000        0x0 main.o
 .data          0x00000000        0x0 plugin.o
 .text          0x00000000        0x0 start.o
 .data          0x00000000        0x0 start.o
 .bss           0x00000000        0x0 start.o
 .data          0x00000000        0x0 ../cios-lib/cios-lib.a(direct_syscalls.o)
 .bss           0x00000000        0x0 ../cios-lib/cios-lib.a(direct_syscalls.o)
 .data          0x00000000        0x0 ../cios-lib/cios-lib.a(fat_tools.o)
 .bss           0x00000000        0x0 ../cios-lib/cios-lib.a(fat_tools.o)
 .data          0x00000000        0x0 ../cios-lib/cios-lib.a(ios.o)
 .data          0x00000000        0x0 ../cios-lib/cios-lib.a(stealth.o)
 .bss           0x00000000        0x0 ../cios-lib/cios-lib.a(stealth.o)
 .data          0x00000000        0x0 ../cios-lib/cios-lib.a(swi_mload.o)
 .bss           0x00000000        0x0 ../cios-lib/cios-lib.a(swi_mload.o)
 .data          0x00000000        0x0 ../cios-lib/cios-lib.a(syscalls.o)
 .bss           0x00000000        0x0 ../cios-lib/cios-lib.a(syscalls.o)
 .data          0x00000000        0x0 ../cios-lib/cios-lib.a(tools.o)
 .bss           0x00000000        0x0 ../cios-lib/cios-lib.a(tools.o)
 .data          0x00000000        0x0 C:/devkitPro/devkitARM/bin/../lib/gcc/arm-none-eabi/16.1.0/thumb/be\libgcc.a(_thumb1_case_sqi.o)
 .bss           0x00000000        0x0 C:/devkitPro/devkitARM/bin/../lib/gcc/arm-none-eabi/16.1.0/thumb/be\libgcc.a(_thumb1_case_sqi.o)
 .data          0x00000000        0x0 C:/devkitPro/devkitARM/bin/../lib/gcc/arm-none-eabi/16.1.0/thumb/be\libgcc.a(_thumb1_case_uhi.o)
 .bss           0x00000000        0x0 C:/devkitPro/devkitARM/bin/../lib/gcc/arm-none-eabi/16.1.0/thumb/be\libgcc.a(_thumb1_case_uhi.o)
 .text          0x00000000        0x0 C:/devkitPro/devkitARM/bin/../lib/gcc/arm-none-eabi/16.1.0/../../../../arm-none-eabi/lib/thumb/be\libc.a(libc_a-memcpy-stub.o)
 .data          0x00000000        0x0 C:/devkitPro/devkitARM/bin/../lib/gcc/arm-none-eabi/16.1.0/../../../../arm-none-eabi/lib/thumb/be\libc.a(libc_a-memcpy-stub.o)
 .bss           0x00000000        0x0 C:/devkitPro/devkitARM/bin/../lib/gcc/arm-none-eabi/16.1.0/../../../../arm-none-eabi/lib/thumb/be\libc.a(libc_a-memcpy-stub.o)
 .text          0x00000000        0x0 C:/devkitPro/devkitARM/bin/../lib/gcc/arm-none-eabi/16.1.0/../../../../arm-none-eabi/lib/thumb/be\libc.a(libc_a-strlen.o)
 .data          0x00000000        0x0 C:/devkitPro/devkitARM/bin/../lib/gcc/arm-none-eabi/16.1.0/../../../../arm-none-eabi/lib/thumb/be\libc.a(libc_a-strlen.o)
 .bss           0x00000000        0x0 C:/devkitPro/devkitARM/bin/../lib/gcc/arm-none-eabi/16.1.0/../../../../arm-none-eabi/lib/thumb/be\libc.a(libc_a-strlen.o)
 .text          0x00000000        0x0 C:/devkitPro/devkitARM/bin/../lib/gcc/arm-none-eabi/16.1.0/../../../../arm-none-eabi/lib/thumb/be\libc.a(libc_a-strcpy.o)
 .data          0x00000000        0x0 C:/devkitPro/devkitARM/bin/../lib/gcc/arm-none-eabi/16.1.0/../../../../arm-none-eabi/lib/thumb/be\libc.a(libc_a-strcpy.o)
 .bss           0x00000000        0x0 C:/devkitPro/devkitARM/bin/../lib/gcc/arm-none-eabi/16.1.0/../../../../arm-none-eabi/lib/thumb/be\libc.a(libc_a-strcpy.o)
 .text          0x00000000        0x0 C:/devkitPro/devkitARM/bin/../lib/gcc/arm-none-eabi/16.1.0/../../../../arm-none-eabi/lib/thumb/be\libc.a(libc_a-memset.o)
 .data          0x00000000        0x0 C:/devkitPro/devkitARM/bin/../lib/gcc/arm-none-eabi/16.1.0/../../../../arm-none-eabi/lib/thumb/be\libc.a(libc_a-memset.o)
 .bss           0x00000000        0x0 C:/devkitPro/devkitARM/bin/../lib/gcc/arm-none-eabi/16.1.0/../../../../arm-none-eabi/lib/thumb/be\libc.a(libc_a-memset.o)
 .data          0x00000000        0x0 C:/devkitPro/devkitARM/bin/../lib/gcc/arm-none-eabi/16.1.0/../../../../arm-none-eabi/lib/thumb/be\libc.a(libc_a-strcmp.o)
 .bss           0x00000000        0x0 C:/devkitPro/devkitARM/bin/../lib/gcc/arm-none-eabi/16.1.0/../../../../arm-none-eabi/lib/thumb/be\libc.a(libc_a-strcmp.o)
 .text          0x00000000        0x0 C:/devkitPro/devkitARM/bin/../lib/gcc/arm-none-eabi/16.1.0/../../../../arm-none-eabi/lib/thumb/be\libc.a(libc_a-strncmp.o)
 .data          0x00000000        0x0 C:/devkitPro/devkitARM/bin/../lib/gcc/arm-none-eabi/16.1.0/../../../../arm-none-eabi/lib/thumb/be\libc.a(libc_a-strncmp.o)
 .bss           0x00000000        0x0 C:/devkitPro/devkitARM/bin/../lib/gcc/arm-none-eabi/16.1.0/../../../../arm-none-eabi/lib/thumb/be\libc.a(libc_a-strncmp.o)

Memory Configuration

Name             Origin             Length             Attributes
table            0x00000000         0x00004000
exe              0x13843000         0x00003000         xrw
ram              0x13846000         0x00003000         rw
*default*        0x00000000         0xffffffff

Linker script and memory map

                0x13843000                        __exe_start_phys__ = 0x13843000
                0x13846000                        __ram_start_phys__ = 0x13846000

.ios_info_table
                0x00000000       0x34
 *(.ios_info_table)
 .ios_info_table
                0x00000000       0x34 start.o
                0x00000000                ios_info_table

.init           0x13843000       0x14
 *(.init)
 .init          0x13843000       0x14 start.o
                0x13843000                _start
                0x13843014                        . = ALIGN (0x4)

.text           0x13843020     0x1d48
 *(.text*)
 .text          0x13843020      0x124 iop.o
                0x13843020                __IOP_CheckOpeningRequest
                0x13843058                IOP_Init
                0x13843070                __IOP_SyscallOpen
 *fill*         0x13843144        0xc 
 .text          0x13843150       0x40 iop_calls.o
                0x13843150                syscall_open
 .text          0x13843190      0x534 fat.o
                0x13843190                FAT_Init
                0x13843200                FAT_CreateDir
                0x1384324c                FAT_CreateFile
                0x13843298                FAT_ReadDir
                0x138433a4                FAT_Delete
                0x138433f0                FAT_DeleteDir
                0x1384343c                FAT_Rename
                0x138434bc                FAT_GetStats
                0x1384355c                FAT_GetUsage
                0x1384368c                FAT_GetFileStats
 *fill*         0x138436c4        0xc 
 .text          0x138436d0      0x100 fs_calls.o
                0x138436d0                fs_unk
                0x138436dc                fs_open
                0x138436fc                fs_close
                0x1384371c                fs_read
                0x1384373c                fs_write
                0x1384375c                fs_seek
                0x1384377c                fs_ioctl
                0x1384379c                fs_ioctlv
 .text          0x138437d0      0x1c4 fs_tools.o
                0x138437d0                FS_GetUID
                0x138437d8                FS_GetGID
                0x138437e2                FS_CheckRealPath
                0x138438fc                FS_MatchPath
                0x13843928                FS_GenerateAbsolutePath
                0x13843974                FS_GenerateRelativePath
 .text.startup  0x13843994       0x20 main.o
                0x13843994                main
 .text          0x138439b4      0x150 patches.o
                0x13843a24                Patch_FfsModule
                0x13843a84                Patch_IopModule
 .text          0x13843b04      0x85c plugin.o
                0x13843b04                __FS_RegisterFile
                0x13843b28                __FS_GetFileIndex
                0x13843b44                __FS_UnregisterFile
                0x13843b58                __FS_UnregisterAllFiles
                0x13843b6c                __FS_PrepareFolders
                0x13843ba4                __FS_FakeUsage
                0x13843be8                __FS_SetMode
                0x13843ca8                FS_Open
                0x13843d28                FS_Close
                0x13843d7c                FS_Read
                0x13843dec                FS_Write
                0x13843e5c                FS_Seek
                0x13843ecc                FS_Ioctl
                0x138441e8                FS_Ioctlv
 .text          0x13844360       0x4c ../cios-lib/cios-lib.a(direct_syscalls.o)
                0x13844380                direct_os_get_thread_id
                0x13844390                direct_os_sync_before_read
                0x138443a0                direct_os_sync_after_write
 .text          0x138443ac      0x148 ../cios-lib/cios-lib.a(fat_tools.o)
                0x138443ac                FAT_Escape
                0x13844428                FAT_Unescape
 .text          0x138444f4       0xcc ../cios-lib/cios-lib.a(ios.o)
                0x138444f4                IOS_PatchModules
                0x1384452c                IOS_CheckPatches
                0x13844588                IOS_InitSystem
 .text          0x138445c0       0xbc ../cios-lib/cios-lib.a(stealth.o)
                0x138445c0                Stealth_Log
                0x1384463c                Stealth_CheckRunningTitle
                0x1384465c                Stealth_CheckEsRequest
 .text          0x1384467c       0x48 ../cios-lib/cios-lib.a(swi_mload.o)
                0x1384467c                Swi_Memcpy
                0x13844690                Swi_uMemcpy
                0x138446a4                Swi_CallFunc
                0x138446b4                Swi_GetIosInfo
 .text          0x138446c4      0x1b8 ../cios-lib/cios-lib.a(syscalls.o)
                0x138446c4                os_thread_create
                0x138446cc                os_thread_joint
                0x138446d4                os_thread_cancel
                0x138446dc                os_get_thread_id
                0x138446e4                os_get_parent_thread_id
                0x138446ec                os_thread_continue
                0x138446f4                os_thread_stop
                0x138446fc                os_thread_yield
                0x13844704                os_thread_get_priority
                0x1384470c                os_thread_set_priority
                0x13844714                os_message_queue_create
                0x1384471c                os_message_queue_destroy
                0x13844724                os_message_queue_send
                0x1384472c                os_message_queue_send_now
                0x13844734                os_message_queue_receive
                0x1384473c                os_register_event_handler
                0x13844744                os_unregister_event_handler
                0x1384474c                os_create_timer
                0x13844754                os_restart_timer
                0x1384475c                os_stop_timer
                0x13844764                os_destroy_timer
                0x1384476c                os_timer_now
                0x13844774                os_heap_create
                0x1384477c                os_heap_destroy
                0x13844784                os_heap_alloc
                0x1384478c                os_heap_alloc_aligned
                0x13844794                os_heap_free
                0x1384479c                os_device_register
                0x138447a4                os_open
                0x138447ac                os_close
                0x138447b4                os_read
                0x138447bc                os_write
                0x138447c4                os_seek
                0x138447cc                os_ioctl
                0x138447d4                os_ioctlv
                0x138447dc                os_open_async
                0x138447e4                os_close_async
                0x138447ec                os_read_async
                0x138447f4                os_write_async
                0x138447fc                os_seek_async
                0x13844804                os_ioctl_async
                0x1384480c                os_ioctlv_async
                0x13844814                os_message_queue_ack
                0x1384481c                os_software_IRQ
                0x13844824                __os_sync_before_read
                0x1384482c                __os_sync_after_write
                0x13844834                os_ios_boot
                0x1384483c                os_check_DI_reset
                0x13844844                os_kernel_set_version
                0x1384484c                os_kernel_get_version
                0x13844854                os_virt_to_phys
                0x1384485c                os_set_dvd_video_mode
                0x13844864                os_set_ahbprot
                0x1384486c                svc_write
 *fill*         0x1384487c        0x4 
 .text          0x13844880       0x6c ../cios-lib/cios-lib.a(tools.o)
                0x13844880                DCInvalidateRange
                0x13844894                DCFlushRange
                0x138448a8                ICInvalidate
                0x138448b4                Swi_MLoad
                0x138448bc                Perms_Read
                0x138448c4                Perms_Write
                0x138448cc                MEM2_Prot
                0x138448d8                VirtToPhys
                0x138448e0                PhysToVirt
 .text          0x138448ec       0x14 C:/devkitPro/devkitARM/bin/../lib/gcc/arm-none-eabi/16.1.0/thumb/be\libgcc.a(_thumb1_case_sqi.o)
                0x138448ec                __gnu_thumb1_case_sqi
 .text          0x13844900       0x14 C:/devkitPro/devkitARM/bin/../lib/gcc/arm-none-eabi/16.1.0/thumb/be\libgcc.a(_thumb1_case_uhi.o)
                0x13844900                __gnu_thumb1_case_uhi
 .text.memcpy   0x13844914       0xac C:/devkitPro/devkitARM/bin/../lib/gcc/arm-none-eabi/16.1.0/../../../../arm-none-eabi/lib/thumb/be\libc.a(libc_a-memcpy-stub.o)
                0x13844914                memcpy
 .text.strlen   0x138449c0       0x60 C:/devkitPro/devkitARM/bin/../lib/gcc/arm-none-eabi/16.1.0/../../../../arm-none-eabi/lib/thumb/be\libc.a(libc_a-strlen.o)
                0x138449c0                strlen
 .text.strcpy   0x13844a20       0x10 C:/devkitPro/devkitARM/bin/../lib/gcc/arm-none-eabi/16.1.0/../../../../arm-none-eabi/lib/thumb/be\libc.a(libc_a-strcpy.o)
                0x13844a20                strcpy
 .text.memset   0x13844a30       0x8c C:/devkitPro/devkitARM/bin/../lib/gcc/arm-none-eabi/16.1.0/../../../../arm-none-eabi/lib/thumb/be\libc.a(libc_a-memset.o)
                0x13844a30                memset
 .text          0x13844abc      0x234 C:/devkitPro/devkitARM/bin/../lib/gcc/arm-none-eabi/16.1.0/../../../../arm-none-eabi/lib/thumb/be\libc.a(libc_a-strcmp.o)
                0x13844abc                strcmp
 .text.strncmp  0x13844cf0       0x70 C:/devkitPro/devkitARM/bin/../lib/gcc/arm-none-eabi/16.1.0/../../../../arm-none-eabi/lib/thumb/be\libc.a(libc_a-strncmp.o)
                0x13844cf0                strncmp
 .text.strncmp.__stub
                0x13844d60        0x8 linker stubs
 *(.gnu.warning)
 *(.gnu.linkonce.t.*)
 *(.init)
 *(.glue_7)
 .glue_7        0x13844d68        0x0 linker stubs
 *(.glue_7t)
 .glue_7t       0x13844d68        0x0 linker stubs
                0x13844d68                        . = ALIGN (0x4)

.vfp11_veneer   0x13844d68        0x0
 .vfp11_veneer  0x13844d68        0x0 linker stubs

.v4_bx          0x13844d68        0x0
 .v4_bx         0x13844d68        0x0 linker stubs

.iplt           0x13844d68        0x0
 .iplt          0x13844d68        0x0 iop.o

.data           0x13846000       0x64
 *(.data*)
 .data          0x13846000       0x14 main.o
                0x13846010                moduleName
 .data          0x13846014       0x50 patches.o
 *(.data.*)
 *(.gnu.linkonce.d.*)
                0x13846064                        . = ALIGN (0x4)

.igot.plt       0x13846064        0x0
 .igot.plt      0x13846064        0x0 iop.o

.rodata         0x13846064      0x41c
 *(.rodata)
 .rodata        0x13846064       0xc0 plugin.o
 *all.rodata*(*)
 *(.roda)
 *(.rodata.*)
 .rodata.str1.1
                0x13846124      0x35a iop.o
                                 0xef (size before relaxing)
 .rodata.str1.1
                0x1384647e        0x0 fat.o
                                  0x4 (size before relaxing)
 .rodata.str1.1
                0x1384647e        0x0 fs_tools.o
                                 0x74 (size before relaxing)
 .rodata.str1.1
                0x1384647e        0x0 main.o
                                 0x3c (size before relaxing)
 .rodata.str1.1
                0x1384647e        0x0 plugin.o
                                0x140 (size before relaxing)
 .rodata.str1.1
                0x1384647e        0x0 ../cios-lib/cios-lib.a(fat_tools.o)
                                 0x3f (size before relaxing)
 .rodata.str1.1
                0x1384647e        0x0 ../cios-lib/cios-lib.a(ios.o)
                                 0x30 (size before relaxing)
 .rodata.str1.1
                0x1384647e        0x0 ../cios-lib/cios-lib.a(stealth.o)
                                 0x63 (size before relaxing)
 *(.gnu.linkonce.r.*)
                0x13846480                        . = ALIGN (0x4)
 *fill*         0x1384647e        0x2 

.rel.dyn        0x13846480        0x0
 .rel.iplt      0x13846480        0x0 iop.o

.bss            0x13846480     0x12c8
 *(.dynsbss)
 *(.gnu.linkonce.sb.*)
 *(.bss*)
 .bss           0x13846480      0x120 iop.o
 .bss           0x138465a0        0x8 fat.o
 .bss           0x138465a8       0x10 patches.o
                0x138465a8                addrTable
                0x138465ac                addrReentry
                0x138465b0                FS_printf
                0x138465b4                addrSysOpen
 *fill*         0x138465b8        0x8 
 .bss           0x138465c0      0x174 plugin.o
                0x13846610                forceRealPath
                0x1384662c                config
 .bss           0x13846734       0x14 ../cios-lib/cios-lib.a(ios.o)
                0x13846734                ios
 *(COMMON)
 *(.ios_bss)
 .ios_bss       0x13846748     0x1000 start.o
                0x13847748                ios_thread_stack
                0x13847748                        . = ALIGN (0x4)
LOAD iop.o
LOAD iop_calls.o
LOAD fat.o
LOAD fs_calls.o
LOAD fs_dump.o
LOAD fs_tools.o
LOAD main.o
LOAD patches.o
LOAD plugin.o
LOAD start.o
LOAD ../cios-lib/cios-lib.a
START GROUP
LOAD C:/devkitPro/devkitARM/bin/../lib/gcc/arm-none-eabi/16.1.0/thumb/be\libgcc.a
LOAD C:/devkitPro/devkitARM/bin/../lib/gcc/arm-none-eabi/16.1.0/../../../../arm-none-eabi/lib/thumb/be\libc.a
LOAD C:/devkitPro/devkitARM/bin/../lib/gcc/arm-none-eabi/16.1.0/../../../../arm-none-eabi/lib/thumb/be\libsysbase.a
END GROUP
OUTPUT(ffs-plugin.elf.orig elf32-bigarm)
LOAD linker stubs

.comment        0x00000000       0x18
 .comment       0x00000000       0x18 iop.o
                                 0x19 (size before relaxing)
 .comment       0x00000018        0x0 fat.o
                                 0x19 (size before relaxing)
 .comment       0x00000018        0x0 fs_tools.o
                                 0x19 (size before relaxing)
 .comment       0x00000018        0x0 main.o
                                 0x19 (size before relaxing)
 .comment       0x00000018        0x0 patches.o
                                 0x19 (size before relaxing)
 .comment       0x00000018        0x0 plugin.o
                                 0x19 (size before relaxing)
 .comment       0x00000018        0x0 ../cios-lib/cios-lib.a(fat_tools.o)
                                 0x19 (size before relaxing)
 .comment       0x00000018        0x0 ../cios-lib/cios-lib.a(ios.o)
                                 0x19 (size before relaxing)
 .comment       0x00000018        0x0 ../cios-lib/cios-lib.a(stealth.o)
                                 0x19 (size before relaxing)
 .comment       0x00000018        0x0 ../cios-lib/cios-lib.a(swi_mload.o)
                                 0x19 (size before relaxing)

.ARM.attributes
                0x00000000       0x2a
 .ARM.attributes
                0x00000000       0x2c iop.o
 .ARM.attributes
                0x0000002c       0x1c iop_calls.o
 .ARM.attributes
                0x00000048       0x2c fat.o
 .ARM.attributes
                0x00000074       0x1c fs_calls.o
 .ARM.attributes
                0x00000090       0x2c fs_tools.o
 .ARM.attributes
                0x000000bc       0x2c main.o
 .ARM.attributes
                0x000000e8       0x2c patches.o
 .ARM.attributes
                0x00000114       0x2c plugin.o
 .ARM.attributes
                0x00000140       0x1c start.o
 .ARM.attributes
                0x0000015c       0x1c ../cios-lib/cios-lib.a(direct_syscalls.o)
 .ARM.attributes
                0x00000178       0x2c ../cios-lib/cios-lib.a(fat_tools.o)
 .ARM.attributes
                0x000001a4       0x2c ../cios-lib/cios-lib.a(ios.o)
 .ARM.attributes
                0x000001d0       0x2c ../cios-lib/cios-lib.a(stealth.o)
 .ARM.attributes
                0x000001fc       0x2c ../cios-lib/cios-lib.a(swi_mload.o)
 .ARM.attributes
                0x00000228       0x1c ../cios-lib/cios-lib.a(syscalls.o)
 .ARM.attributes
                0x00000244       0x1c ../cios-lib/cios-lib.a(tools.o)
 .ARM.attributes
                0x00000260       0x1c C:/devkitPro/devkitARM/bin/../lib/gcc/arm-none-eabi/16.1.0/thumb/be\libgcc.a(_thumb1_case_sqi.o)
 .ARM.attributes
                0x0000027c       0x1c C:/devkitPro/devkitARM/bin/../lib/gcc/arm-none-eabi/16.1.0/thumb/be\libgcc.a(_thumb1_case_uhi.o)
 .ARM.attributes
                0x00000298       0x2a C:/devkitPro/devkitARM/bin/../lib/gcc/arm-none-eabi/16.1.0/../../../../arm-none-eabi/lib/thumb/be\libc.a(libc_a-memcpy-stub.o)
 .ARM.attributes
                0x000002c2       0x2a C:/devkitPro/devkitARM/bin/../lib/gcc/arm-none-eabi/16.1.0/../../../../arm-none-eabi/lib/thumb/be\libc.a(libc_a-strlen.o)
 .ARM.attributes
                0x000002ec       0x2a C:/devkitPro/devkitARM/bin/../lib/gcc/arm-none-eabi/16.1.0/../../../../arm-none-eabi/lib/thumb/be\libc.a(libc_a-strcpy.o)
 .ARM.attributes
                0x00000316       0x2a C:/devkitPro/devkitARM/bin/../lib/gcc/arm-none-eabi/16.1.0/../../../../arm-none-eabi/lib/thumb/be\libc.a(libc_a-memset.o)
 .ARM.attributes
                0x00000340       0x1a C:/devkitPro/devkitARM/bin/../lib/gcc/arm-none-eabi/16.1.0/../../../../arm-none-eabi/lib/thumb/be\libc.a(libc_a-strcmp.o)
 .ARM.attributes
                0x0000035a       0x2a C:/devkitPro/devkitARM/bin/../lib/gcc/arm-none-eabi/16.1.0/../../../../arm-none-eabi/lib/thumb/be\libc.a(libc_a-strncmp.o)

.debug_line     0x00000000       0xa5
 .debug_line    0x00000000       0x52 C:/devkitPro/devkitARM/bin/../lib/gcc/arm-none-eabi/16.1.0/thumb/be\libgcc.a(_thumb1_case_sqi.o)
 .debug_line    0x00000052       0x53 C:/devkitPro/devkitARM/bin/../lib/gcc/arm-none-eabi/16.1.0/thumb/be\libgcc.a(_thumb1_case_uhi.o)

.debug_line_str
                0x00000000       0xd0
 .debug_line_str
                0x00000000       0xd0 C:/devkitPro/devkitARM/bin/../lib/gcc/arm-none-eabi/16.1.0/thumb/be\libgcc.a(_thumb1_case_sqi.o)
 .debug_line_str
                0x000000d0        0x0 C:/devkitPro/devkitARM/bin/../lib/gcc/arm-none-eabi/16.1.0/thumb/be\libgcc.a(_thumb1_case_uhi.o)
                                 0xd0 (size before relaxing)

.debug_info     0x00000000       0x62
 .debug_info    0x00000000       0x31 C:/devkitPro/devkitARM/bin/../lib/gcc/arm-none-eabi/16.1.0/thumb/be\libgcc.a(_thumb1_case_sqi.o)
 .debug_info    0x00000031       0x31 C:/devkitPro/devkitARM/bin/../lib/gcc/arm-none-eabi/16.1.0/thumb/be\libgcc.a(_thumb1_case_uhi.o)

.debug_abbrev   0x00000000       0x50
 .debug_abbrev  0x00000000       0x28 C:/devkitPro/devkitARM/bin/../lib/gcc/arm-none-eabi/16.1.0/thumb/be\libgcc.a(_thumb1_case_sqi.o)
 .debug_abbrev  0x00000028       0x28 C:/devkitPro/devkitARM/bin/../lib/gcc/arm-none-eabi/16.1.0/thumb/be\libgcc.a(_thumb1_case_uhi.o)

.debug_aranges  0x00000000       0x40
 .debug_aranges
                0x00000000       0x20 C:/devkitPro/devkitARM/bin/../lib/gcc/arm-none-eabi/16.1.0/thumb/be\libgcc.a(_thumb1_case_sqi.o)
 .debug_aranges
                0x00000020       0x20 C:/devkitPro/devkitARM/bin/../lib/gcc/arm-none-eabi/16.1.0/thumb/be\libgcc.a(_thumb1_case_uhi.o)

.debug_str      0x00000000      0x10a
 .debug_str     0x00000000      0x10a C:/devkitPro/devkitARM/bin/../lib/gcc/arm-none-eabi/16.1.0/thumb/be\libgcc.a(_thumb1_case_sqi.o)
                                 0xf4 (size before relaxing)
 .debug_str     0x0000010a        0x0 C:/devkitPro/devkitARM/bin/../lib/gcc/arm-none-eabi/16.1.0/thumb/be\libgcc.a(_thumb1_case_uhi.o)
                                 0xf4 (size before relaxing)

.debug_frame    0x00000000       0x40
 .debug_frame   0x00000000       0x40 C:/devkitPro/devkitARM/bin/../lib/gcc/arm-none-eabi/16.1.0/../../../../arm-none-eabi/lib/thumb/be\libc.a(libc_a-strcmp.o)
