Archive member included to satisfy reference by file (symbol)

../cios-lib/cios-lib.a(ipc.o)
                              main.o (InvalidateVector)
../cios-lib/cios-lib.a(mem.o)
                              main.o (Mem_Init)
../cios-lib/cios-lib.a(sdio.o)
                              main.o (sdio_Startup)
../cios-lib/cios-lib.a(stealth.o)
                              main.o (Stealth_CheckRunningTitle)
../cios-lib/cios-lib.a(syscalls.o)
                              main.o (os_message_queue_create)
../cios-lib/cios-lib.a(timer.o)
                              main.o (Timer_Init)
../cios-lib/cios-lib.a(tools.o)
                              ../cios-lib/cios-lib.a(stealth.o) (Swi_MLoad)
../cios-lib/cios-lib.a(libwbfs.o)
                              wbfs.o (wbfs_open_hd)
../cios-lib/cios-lib.a(wiidisc.o)
                              ../cios-lib/cios-lib.a(libwbfs.o) (wd_open_disc)
../cios-lib/cios-lib.a(rijndael.o)
                              ../cios-lib/cios-lib.a(wiidisc.o) (aes_set_key)
C:/devkitPro/devkitARM/bin/../lib/gcc/arm-none-eabi/16.1.0/thumb/be\libgcc.a(_thumb1_case_uqi.o)
                              main.o (__gnu_thumb1_case_uqi)
C:/devkitPro/devkitARM/bin/../lib/gcc/arm-none-eabi/16.1.0/thumb/be\libgcc.a(_udivsi3.o)
                              ../cios-lib/cios-lib.a(libwbfs.o) (__aeabi_uidiv)
C:/devkitPro/devkitARM/bin/../lib/gcc/arm-none-eabi/16.1.0/thumb/be\libgcc.a(_divsi3.o)
                              ../cios-lib/cios-lib.a(libwbfs.o) (__aeabi_idiv)
C:/devkitPro/devkitARM/bin/../lib/gcc/arm-none-eabi/16.1.0/thumb/be\libgcc.a(_dvmd_tls.o)
                              C:/devkitPro/devkitARM/bin/../lib/gcc/arm-none-eabi/16.1.0/thumb/be\libgcc.a(_udivsi3.o) (__aeabi_idiv0)
C:/devkitPro/devkitARM/bin/../lib/gcc/arm-none-eabi/16.1.0/../../../../arm-none-eabi/lib/thumb/be\libc.a(libc_a-memcpy-stub.o)
                              ../cios-lib/cios-lib.a(sdio.o) (memcpy)
C:/devkitPro/devkitARM/bin/../lib/gcc/arm-none-eabi/16.1.0/../../../../arm-none-eabi/lib/thumb/be\libc.a(libc_a-memcmp.o)
                              ../cios-lib/cios-lib.a(libwbfs.o) (memcmp)
C:/devkitPro/devkitARM/bin/../lib/gcc/arm-none-eabi/16.1.0/../../../../arm-none-eabi/lib/thumb/be\libc.a(libc_a-memset.o)
                              ../cios-lib/cios-lib.a(libwbfs.o) (memset)
C:/devkitPro/devkitARM/bin/../lib/gcc/arm-none-eabi/16.1.0/../../../../arm-none-eabi/lib/thumb/be\libc.a(libc_a-strcmp.o)
                              main.o (strcmp)
C:/devkitPro/devkitARM/bin/../lib/gcc/arm-none-eabi/16.1.0/../../../../arm-none-eabi/lib/thumb/be\libc.a(libc_a-fprintf.o)
                              ../cios-lib/cios-lib.a(libwbfs.o) (fprintf)
C:/devkitPro/devkitARM/bin/../lib/gcc/arm-none-eabi/16.1.0/../../../../arm-none-eabi/lib/thumb/be\libc.a(libc_a-vfprintf.o)
                              C:/devkitPro/devkitARM/bin/../lib/gcc/arm-none-eabi/16.1.0/../../../../arm-none-eabi/lib/thumb/be\libc.a(libc_a-fprintf.o) (_vfprintf_r)
C:/devkitPro/devkitARM/bin/../lib/gcc/arm-none-eabi/16.1.0/../../../../arm-none-eabi/lib/thumb/be\libc.a(libc_a-wcrtomb.o)
                              C:/devkitPro/devkitARM/bin/../lib/gcc/arm-none-eabi/16.1.0/../../../../arm-none-eabi/lib/thumb/be\libc.a(libc_a-vfprintf.o) (_wcrtomb_r)
C:/devkitPro/devkitARM/bin/../lib/gcc/arm-none-eabi/16.1.0/../../../../arm-none-eabi/lib/thumb/be\libc.a(libc_a-svfiprintf.o)
                              C:/devkitPro/devkitARM/bin/../lib/gcc/arm-none-eabi/16.1.0/../../../../arm-none-eabi/lib/thumb/be\libc.a(libc_a-vfprintf.o) (__chclass)
C:/devkitPro/devkitARM/bin/../lib/gcc/arm-none-eabi/16.1.0/../../../../arm-none-eabi/lib/thumb/be\libc.a(libc_a-ssprint_r.o)
                              C:/devkitPro/devkitARM/bin/../lib/gcc/arm-none-eabi/16.1.0/../../../../arm-none-eabi/lib/thumb/be\libc.a(libc_a-svfiprintf.o) (__ssprint_r)
C:/devkitPro/devkitARM/bin/../lib/gcc/arm-none-eabi/16.1.0/../../../../arm-none-eabi/lib/thumb/be\libc.a(libc_a-strlen-stub.o)
                              C:/devkitPro/devkitARM/bin/../lib/gcc/arm-none-eabi/16.1.0/../../../../arm-none-eabi/lib/thumb/be\libc.a(libc_a-vfprintf.o) (strlen)
C:/devkitPro/devkitARM/bin/../lib/gcc/arm-none-eabi/16.1.0/../../../../arm-none-eabi/lib/thumb/be\libc.a(libc_a-locale.o)
                              C:/devkitPro/devkitARM/bin/../lib/gcc/arm-none-eabi/16.1.0/../../../../arm-none-eabi/lib/thumb/be\libc.a(libc_a-vfprintf.o) (__global_locale)
C:/devkitPro/devkitARM/bin/../lib/gcc/arm-none-eabi/16.1.0/../../../../arm-none-eabi/lib/thumb/be\libc.a(libc_a-fflush.o)
                              C:/devkitPro/devkitARM/bin/../lib/gcc/arm-none-eabi/16.1.0/../../../../arm-none-eabi/lib/thumb/be\libc.a(libc_a-vfprintf.o) (_fflush_r)
C:/devkitPro/devkitARM/bin/../lib/gcc/arm-none-eabi/16.1.0/../../../../arm-none-eabi/lib/thumb/be\libc.a(libc_a-sprint_r.o)
[...]
Memory Configuration

Name             Origin             Length             Attributes
table            0x00000000         0x00004000
exe              0x137e0000         0x00008000         xrw
ram              0x137e8000         0x00010000         rw
*default*        0x00000000         0xffffffff

Linker script and memory map

                0x137e0000                        __exe_start_phys__ = 0x137e0000
                0x137e8000                        __ram_start_phys__ = 0x137e8000

.ios_info_table
                0x00000000       0x34
 *(.ios_info_table)
 .ios_info_table
                0x00000000       0x34 start.o
                0x00000000                ios_info_table

.init           0x137e0000       0x14
 *(.init)
 .init          0x137e0000       0x14 start.o
                0x137e0000                _start
                0x137e0014                        . = ALIGN (0x4)

.text           0x137e0020     0x1918
 *(.text*)
 .text.startup.main
                0x137e0020      0x1c8 main.o
                0x137e0020                main
 .text.__WBFS_ReadSector
                0x137e01e8       0x24 wbfs.o
 .text.WBFS_OpenDisc
                0x137e020c       0x5c wbfs.o
                0x137e020c                WBFS_OpenDisc
 .text.WBFS_Read
                0x137e0268       0x24 wbfs.o
                0x137e0268                WBFS_Read
 .text          0x137e028c       0x3a ../cios-lib/cios-lib.a(ipc.o)
                0x137e028c                InvalidateVector
                0x137e02a8                FlushVector
 *fill*         0x137e02c6        0x2 
 .text          0x137e02c8       0x48 ../cios-lib/cios-lib.a(mem.o)
                0x137e02c8                Mem_Init
                0x137e02e8                Mem_Alloc
                0x137e02fc                Mem_Free
 .text          0x137e0310      0x658 ../cios-lib/cios-lib.a(sdio.o)
                0x137e0528                sdio_Deinitialize
                0x137e0550                sdio_Startup
                0x137e0870                sdio_Shutdown
                0x137e088c                sdio_ReadSectors
                0x137e08ec                sdio_WriteSectors
                0x137e094c                sdio_ClearStatus
                0x137e0950                sdio_IsInserted
                0x137e095c                sdio_IsInitialized
 .text          0x137e0968       0xbc ../cios-lib/cios-lib.a(stealth.o)
                0x137e0968                Stealth_Log
                0x137e09e4                Stealth_CheckRunningTitle
                0x137e0a04                Stealth_CheckEsRequest
 .text          0x137e0a24      0x1b8 ../cios-lib/cios-lib.a(syscalls.o)
                0x137e0a24                os_thread_create
                0x137e0a2c                os_thread_joint
                0x137e0a34                os_thread_cancel
                0x137e0a3c                os_get_thread_id
                0x137e0a44                os_get_parent_thread_id
                0x137e0a4c                os_thread_continue
                0x137e0a54                os_thread_stop
                0x137e0a5c                os_thread_yield
                0x137e0a64                os_thread_get_priority
                0x137e0a6c                os_thread_set_priority
                0x137e0a74                os_message_queue_create
                0x137e0a7c                os_message_queue_destroy
                0x137e0a84                os_message_queue_send
                0x137e0a8c                os_message_queue_send_now
                0x137e0a94                os_message_queue_receive
                0x137e0a9c                os_register_event_handler
                0x137e0aa4                os_unregister_event_handler
                0x137e0aac                os_create_timer
                0x137e0ab4                os_restart_timer
                0x137e0abc                os_stop_timer
                0x137e0ac4                os_destroy_timer
                0x137e0acc                os_timer_now
                0x137e0ad4                os_heap_create
                0x137e0adc                os_heap_destroy
                0x137e0ae4                os_heap_alloc
                0x137e0aec                os_heap_alloc_aligned
                0x137e0af4                os_heap_free
                0x137e0afc                os_device_register
                0x137e0b04                os_open
                0x137e0b0c                os_close
                0x137e0b14                os_read
                0x137e0b1c                os_write
                0x137e0b24                os_seek
                0x137e0b2c                os_ioctl
                0x137e0b34                os_ioctlv
                0x137e0b3c                os_open_async
                0x137e0b44                os_close_async
                0x137e0b4c                os_read_async
                0x137e0b54                os_write_async
                0x137e0b5c                os_seek_async
                0x137e0b64                os_ioctl_async
                0x137e0b6c                os_ioctlv_async
                0x137e0b74                os_message_queue_ack
                0x137e0b7c                os_software_IRQ
                0x137e0b84                __os_sync_before_read
                0x137e0b8c                __os_sync_after_write
                0x137e0b94                os_ios_boot
                0x137e0b9c                os_check_DI_reset
                0x137e0ba4                os_kernel_set_version
                0x137e0bac                os_kernel_get_version
                0x137e0bb4                os_virt_to_phys
                0x137e0bbc                os_set_dvd_video_mode
                0x137e0bc4                os_set_ahbprot
                0x137e0bcc                svc_write
 .text          0x137e0bdc       0xb4 ../cios-lib/cios-lib.a(timer.o)
                0x137e0bdc                Timer_Init
                0x137e0c48                Timer_Sleep
 .text          0x137e0c90       0x6c ../cios-lib/cios-lib.a(tools.o)
                0x137e0c90                DCInvalidateRange
                0x137e0ca4                DCFlushRange
                0x137e0cb8                ICInvalidate
                0x137e0cc4                Swi_MLoad
                0x137e0ccc                Perms_Read
                0x137e0cd4                Perms_Write
                0x137e0cdc                MEM2_Prot
                0x137e0ce8                VirtToPhys
                0x137e0cf0                PhysToVirt
 .text.wbfs_open_partition
                0x137e0cfc      0x274 ../cios-lib/cios-lib.a(libwbfs.o)
                0x137e0cfc                wbfs_open_partition
 .text.wbfs_open_hd
                0x137e0f70       0xb4 ../cios-lib/cios-lib.a(libwbfs.o)
                0x137e0f70                wbfs_open_hd
 .text.wbfs_sync
                0x137e1024       0x48 ../cios-lib/cios-lib.a(libwbfs.o)
                0x137e1024                wbfs_sync
 .text.wbfs_close
                0x137e106c       0x2c ../cios-lib/cios-lib.a(libwbfs.o)
                0x137e106c                wbfs_close
 .text.wbfs_open_disc
                0x137e1098       0xa8 ../cios-lib/cios-lib.a(libwbfs.o)
                0x137e1098                wbfs_open_disc
 .text.wbfs_close_disc
                0x137e1140       0x1a ../cios-lib/cios-lib.a(libwbfs.o)
                0x137e1140                wbfs_close_disc
 *fill*         0x137e115a        0x2 
 .text.wbfs_disc_read
                0x137e115c      0x178 ../cios-lib/cios-lib.a(libwbfs.o)
                0x137e115c                wbfs_disc_read
 .text          0x137e12d4       0x14 C:/devkitPro/devkitARM/bin/../lib/gcc/arm-none-eabi/16.1.0/thumb/be\libgcc.a(_thumb1_case_uqi.o)
                0x137e12d4                __gnu_thumb1_case_uqi
 .text          0x137e12e8      0x11c C:/devkitPro/devkitARM/bin/../lib/gcc/arm-none-eabi/16.1.0/thumb/be\libgcc.a(_udivsi3.o)
                0x137e12e8                __aeabi_uidiv
                0x137e12e8                __udivsi3
                0x137e13e4                __aeabi_uidivmod
 .text          0x137e1404      0x150 C:/devkitPro/devkitARM/bin/../lib/gcc/arm-none-eabi/16.1.0/thumb/be\libgcc.a(_divsi3.o)
                0x137e1404                __divsi3
                0x137e1404                __aeabi_idiv
                0x137e1534                __aeabi_idivmod
 .text          0x137e1554        0x4 C:/devkitPro/devkitARM/bin/../lib/gcc/arm-none-eabi/16.1.0/thumb/be\libgcc.a(_dvmd_tls.o)
                0x137e1554                __aeabi_idiv0
                0x137e1554                __aeabi_ldiv0
 .text.memcpy   0x137e1558       0xac C:/devkitPro/devkitARM/bin/../lib/gcc/arm-none-eabi/16.1.0/../../../../arm-none-eabi/lib/thumb/be\libc.a(libc_a-memcpy-stub.o)
                0x137e1558                memcpy
 .text.memcmp   0x137e1604       0x48 C:/devkitPro/devkitARM/bin/../lib/gcc/arm-none-eabi/16.1.0/../../../../arm-none-eabi/lib/thumb/be\libc.a(libc_a-memcmp.o)
                0x137e1604                memcmp
 .text.memset   0x137e164c       0x8c C:/devkitPro/devkitARM/bin/../lib/gcc/arm-none-eabi/16.1.0/../../../../arm-none-eabi/lib/thumb/be\libc.a(libc_a-memset.o)
                0x137e164c                memset
 .text          0x137e16d8      0x234 C:/devkitPro/devkitARM/bin/../lib/gcc/arm-none-eabi/16.1.0/../../../../arm-none-eabi/lib/thumb/be\libc.a(libc_a-strcmp.o)
                0x137e16d8                strcmp
 *fill*         0x137e190c        0x4 
 .text.__stub   0x137e1910       0x24 linker stubs
 *(.gnu.warning)
 *(.gnu.linkonce.t.*)
 *(.init)
 *(.glue_7)
 .glue_7        0x137e1934        0x0 linker stubs
 *(.glue_7t)
 .glue_7t       0x137e1934        0x0 linker stubs
                0x137e1934                        . = ALIGN (0x4)

.vfp11_veneer   0x137e1938        0x0
 .vfp11_veneer  0x137e1938        0x0 linker stubs

.v4_bx          0x137e1938        0x0
 .v4_bx         0x137e1938        0x0 linker stubs

.iplt           0x137e1938        0x0
 .iplt          0x137e1938        0x0 main.o

.data           0x137e8000       0x5c
 *(.data*)
 .data          0x137e8000        0x4 main.o
                0x137e8000                moduleName
 .data          0x137e8004        0x4 ../cios-lib/cios-lib.a(mem.o)
 *fill*         0x137e8008       0x18 
 .data          0x137e8020       0x30 ../cios-lib/cios-lib.a(sdio.o)
 .data          0x137e8050        0x8 ../cios-lib/cios-lib.a(timer.o)
 .data          0x137e8058        0x4 ../cios-lib/cios-lib.a(libwbfs.o)
 *(.data.*)
 *(.gnu.linkonce.d.*)
                0x137e805c                        . = ALIGN (0x4)

.igot.plt       0x137e805c        0x0
 .igot.plt      0x137e805c        0x0 main.o

.rodata         0x137e805c       0xb0
 *(.rodata)
 *all.rodata*(*)
 *(.roda)
 *(.rodata.*)
 .rodata.str1.1
                0x137e805c       0xaf main.o
                                 0x4c (size before relaxing)
 .rodata.str1.1
                0x137e810b        0x0 ../cios-lib/cios-lib.a(stealth.o)
                                 0x63 (size before relaxing)
 *(.gnu.linkonce.r.*)
                0x137e810c                        . = ALIGN (0x4)
 *fill*         0x137e810b        0x1 

.rel.dyn        0x137e810c        0x0
 .rel.iplt      0x137e810c        0x0 main.o

.bss            0x137e8120     0xa0f8
 *(.dynsbss)
 *(.gnu.linkonce.sb.*)
 *(.bss*)
 .bss           0x137e8120     0x8000 main.o
 .bss           0x137f0120        0x8 wbfs.o
 *fill*         0x137f0128       0x18 
 .bss           0x137f0140       0xd4 ../cios-lib/cios-lib.a(sdio.o)
 .bss           0x137f0214        0x4 ../cios-lib/cios-lib.a(libwbfs.o)
 *(COMMON)
 *(.ios_bss)
 .ios_bss       0x137f0218     0x2000 start.o
                0x137f2218                ios_thread_stack
                0x137f2218                        . = ALIGN (0x4)
LOAD main.o
LOAD start.o
LOAD wbfs.o
LOAD ../cios-lib/cios-lib.a
START GROUP
LOAD C:/devkitPro/devkitARM/bin/../lib/gcc/arm-none-eabi/16.1.0/thumb/be\libgcc.a
LOAD C:/devkitPro/devkitARM/bin/../lib/gcc/arm-none-eabi/16.1.0/../../../../arm-none-eabi/lib/thumb/be\libc.a
LOAD C:/devkitPro/devkitARM/bin/../lib/gcc/arm-none-eabi/16.1.0/../../../../arm-none-eabi/lib/thumb/be\libsysbase.a
END GROUP
OUTPUT(sdhc-module.elf.orig elf32-bigarm)
LOAD linker stubs

.comment        0x00000000       0x18
 .comment       0x00000000       0x18 main.o
                                 0x19 (size before relaxing)
 .comment       0x00000018        0x0 wbfs.o
                                 0x19 (size before relaxing)
 .comment       0x00000018        0x0 ../cios-lib/cios-lib.a(ipc.o)
                                 0x19 (size before relaxing)
 .comment       0x00000018        0x0 ../cios-lib/cios-lib.a(mem.o)
                                 0x19 (size before relaxing)
 .comment       0x00000018        0x0 ../cios-lib/cios-lib.a(sdio.o)
                                 0x19 (size before relaxing)
 .comment       0x00000018        0x0 ../cios-lib/cios-lib.a(stealth.o)
                                 0x19 (size before relaxing)
 .comment       0x00000018        0x0 ../cios-lib/cios-lib.a(timer.o)
                                 0x19 (size before relaxing)
 .comment       0x00000018        0x0 ../cios-lib/cios-lib.a(libwbfs.o)
                                 0x19 (size before relaxing)

.ARM.attributes
                0x00000000       0x2a
 .ARM.attributes
                0x00000000       0x2c main.o
 .ARM.attributes
                0x0000002c       0x1c start.o
 .ARM.attributes
                0x00000048       0x2c wbfs.o
 .ARM.attributes
                0x00000074       0x2c ../cios-lib/cios-lib.a(ipc.o)
 .ARM.attributes
                0x000000a0       0x2c ../cios-lib/cios-lib.a(mem.o)
 .ARM.attributes
                0x000000cc       0x2c ../cios-lib/cios-lib.a(sdio.o)
 .ARM.attributes
                0x000000f8       0x2c ../cios-lib/cios-lib.a(stealth.o)
 .ARM.attributes
                0x00000124       0x1c ../cios-lib/cios-lib.a(syscalls.o)
 .ARM.attributes
                0x00000140       0x2c ../cios-lib/cios-lib.a(timer.o)
 .ARM.attributes
                0x0000016c       0x1c ../cios-lib/cios-lib.a(tools.o)
 .ARM.attributes
                0x00000188       0x2c ../cios-lib/cios-lib.a(libwbfs.o)
 .ARM.attributes
                0x000001b4       0x1c C:/devkitPro/devkitARM/bin/../lib/gcc/arm-none-eabi/16.1.0/thumb/be\libgcc.a(_thumb1_case_uqi.o)
 .ARM.attributes
                0x000001d0       0x1c C:/devkitPro/devkitARM/bin/../lib/gcc/arm-none-eabi/16.1.0/thumb/be\libgcc.a(_udivsi3.o)
 .ARM.attributes
                0x000001ec       0x1c C:/devkitPro/devkitARM/bin/../lib/gcc/arm-none-eabi/16.1.0/thumb/be\libgcc.a(_divsi3.o)
 .ARM.attributes
                0x00000208       0x1c C:/devkitPro/devkitARM/bin/../lib/gcc/arm-none-eabi/16.1.0/thumb/be\libgcc.a(_dvmd_tls.o)
 .ARM.attributes
                0x00000224       0x2a C:/devkitPro/devkitARM/bin/../lib/gcc/arm-none-eabi/16.1.0/../../../../arm-none-eabi/lib/thumb/be\libc.a(libc_a-memcpy-stub.o)
 .ARM.attributes
                0x0000024e       0x2a C:/devkitPro/devkitARM/bin/../lib/gcc/arm-none-eabi/16.1.0/../../../../arm-none-eabi/lib/thumb/be\libc.a(libc_a-memcmp.o)
 .ARM.attributes
                0x00000278       0x2a C:/devkitPro/devkitARM/bin/../lib/gcc/arm-none-eabi/16.1.0/../../../../arm-none-eabi/lib/thumb/be\libc.a(libc_a-memset.o)
 .ARM.attributes
                0x000002a2       0x1a C:/devkitPro/devkitARM/bin/../lib/gcc/arm-none-eabi/16.1.0/../../../../arm-none-eabi/lib/thumb/be\libc.a(libc_a-strcmp.o)

.debug_line     0x00000000      0x176
 .debug_line    0x00000000       0x52 C:/devkitPro/devkitARM/bin/../lib/gcc/arm-none-eabi/16.1.0/thumb/be\libgcc.a(_thumb1_case_uqi.o)
 .debug_line    0x00000052       0x67 C:/devkitPro/devkitARM/bin/../lib/gcc/arm-none-eabi/16.1.0/thumb/be\libgcc.a(_udivsi3.o)
 .debug_line    0x000000b9       0x73 C:/devkitPro/devkitARM/bin/../lib/gcc/arm-none-eabi/16.1.0/thumb/be\libgcc.a(_divsi3.o)
 .debug_line    0x0000012c       0x4a C:/devkitPro/devkitARM/bin/../lib/gcc/arm-none-eabi/16.1.0/thumb/be\libgcc.a(_dvmd_tls.o)

.debug_line_str
                0x00000000       0xd0
 .debug_line_str
                0x00000000       0xd0 C:/devkitPro/devkitARM/bin/../lib/gcc/arm-none-eabi/16.1.0/thumb/be\libgcc.a(_thumb1_case_uqi.o)
 .debug_line_str
                0x000000d0        0x0 C:/devkitPro/devkitARM/bin/../lib/gcc/arm-none-eabi/16.1.0/thumb/be\libgcc.a(_udivsi3.o)
                                 0xd0 (size before relaxing)
 .debug_line_str
                0x000000d0        0x0 C:/devkitPro/devkitARM/bin/../lib/gcc/arm-none-eabi/16.1.0/thumb/be\libgcc.a(_divsi3.o)
                                 0xd0 (size before relaxing)
 .debug_line_str
                0x000000d0        0x0 C:/devkitPro/devkitARM/bin/../lib/gcc/arm-none-eabi/16.1.0/thumb/be\libgcc.a(_dvmd_tls.o)
                                 0xd0 (size before relaxing)

.debug_info     0x00000000       0xe9
 .debug_info    0x00000000       0x31 C:/devkitPro/devkitARM/bin/../lib/gcc/arm-none-eabi/16.1.0/thumb/be\libgcc.a(_thumb1_case_uqi.o)
 .debug_info    0x00000031       0x3e C:/devkitPro/devkitARM/bin/../lib/gcc/arm-none-eabi/16.1.0/thumb/be\libgcc.a(_udivsi3.o)
 .debug_info    0x0000006f       0x3e C:/devkitPro/devkitARM/bin/../lib/gcc/arm-none-eabi/16.1.0/thumb/be\libgcc.a(_divsi3.o)
 .debug_info    0x000000ad       0x3c C:/devkitPro/devkitARM/bin/../lib/gcc/arm-none-eabi/16.1.0/thumb/be\libgcc.a(_dvmd_tls.o)

.debug_abbrev   0x00000000       0x9e
 .debug_abbrev  0x00000000       0x28 C:/devkitPro/devkitARM/bin/../lib/gcc/arm-none-eabi/16.1.0/thumb/be\libgcc.a(_thumb1_case_uqi.o)
 .debug_abbrev  0x00000028       0x28 C:/devkitPro/devkitARM/bin/../lib/gcc/arm-none-eabi/16.1.0/thumb/be\libgcc.a(_udivsi3.o)
 .debug_abbrev  0x00000050       0x28 C:/devkitPro/devkitARM/bin/../lib/gcc/arm-none-eabi/16.1.0/thumb/be\libgcc.a(_divsi3.o)
 .debug_abbrev  0x00000078       0x26 C:/devkitPro/devkitARM/bin/../lib/gcc/arm-none-eabi/16.1.0/thumb/be\libgcc.a(_dvmd_tls.o)

.debug_aranges  0x00000000       0x80
 .debug_aranges
                0x00000000       0x20 C:/devkitPro/devkitARM/bin/../lib/gcc/arm-none-eabi/16.1.0/thumb/be\libgcc.a(_thumb1_case_uqi.o)
 .debug_aranges
                0x00000020       0x20 C:/devkitPro/devkitARM/bin/../lib/gcc/arm-none-eabi/16.1.0/thumb/be\libgcc.a(_udivsi3.o)
 .debug_aranges
                0x00000040       0x20 C:/devkitPro/devkitARM/bin/../lib/gcc/arm-none-eabi/16.1.0/thumb/be\libgcc.a(_divsi3.o)
 .debug_aranges
                0x00000060       0x20 C:/devkitPro/devkitARM/bin/../lib/gcc/arm-none-eabi/16.1.0/thumb/be\libgcc.a(_dvmd_tls.o)

.debug_str      0x00000000      0x144
 .debug_str     0x00000000      0x144 C:/devkitPro/devkitARM/bin/../lib/gcc/arm-none-eabi/16.1.0/thumb/be\libgcc.a(_thumb1_case_uqi.o)
                                 0xf4 (size before relaxing)
 .debug_str     0x00000144        0x0 C:/devkitPro/devkitARM/bin/../lib/gcc/arm-none-eabi/16.1.0/thumb/be\libgcc.a(_udivsi3.o)
                                 0xf9 (size before relaxing)
 .debug_str     0x00000144        0x0 C:/devkitPro/devkitARM/bin/../lib/gcc/arm-none-eabi/16.1.0/thumb/be\libgcc.a(_divsi3.o)
                                 0xf7 (size before relaxing)
 .debug_str     0x00000144        0x0 C:/devkitPro/devkitARM/bin/../lib/gcc/arm-none-eabi/16.1.0/thumb/be\libgcc.a(_dvmd_tls.o)
                                 0xfa (size before relaxing)

.debug_frame    0x00000000       0x80
 .debug_frame   0x00000000       0x20 C:/devkitPro/devkitARM/bin/../lib/gcc/arm-none-eabi/16.1.0/thumb/be\libgcc.a(_udivsi3.o)
 .debug_frame   0x00000020       0x20 C:/devkitPro/devkitARM/bin/../lib/gcc/arm-none-eabi/16.1.0/thumb/be\libgcc.a(_divsi3.o)
 .debug_frame   0x00000040       0x40 C:/devkitPro/devkitARM/bin/../lib/gcc/arm-none-eabi/16.1.0/../../../../arm-none-eabi/lib/thumb/be\libc.a(libc_a-strcmp.o)
