Archive member included to satisfy reference by file (symbol)

../cios-lib/cios-lib.a(ios.o)
                              main.o (IOS_InitSystem)
../cios-lib/cios-lib.a(isfs.o)
                              config.o (ISFS_Open)
../cios-lib/cios-lib.a(stealth.o)
                              plugin.o (Stealth_CheckRunningTitle)
../cios-lib/cios-lib.a(swi_mload.o)
                              ../cios-lib/cios-lib.a(ios.o) (Swi_CallFunc)
../cios-lib/cios-lib.a(syscalls.o)
                              plugin.o (os_get_thread_id)
../cios-lib/cios-lib.a(tools.o)
                              patches.o (DCFlushRange)
C:/devkitPro/devkitARM/bin/../lib/gcc/arm-none-eabi/16.1.0/../../../../arm-none-eabi/lib/thumb/be\libc.a(libc_a-strcpy.o)
                              ../cios-lib/cios-lib.a(isfs.o) (strcpy)
C:/devkitPro/devkitARM/bin/../lib/gcc/arm-none-eabi/16.1.0/../../../../arm-none-eabi/lib/thumb/be\libc.a(libc_a-memset.o)
                              plugin.o (memset)

Merging object attributes


Discarded input sections

 .data          0x00000000        0x0 config.o
 .bss           0x00000000        0x0 config.o
 COMMON         0x00000000        0x0 config.o
 .data          0x00000000        0x0 di.o
 .data          0x00000000        0x0 es_calls.o
 .bss           0x00000000        0x0 es_calls.o
 .text          0x00000000        0x0 main.o
 .bss           0x00000000        0x0 main.o
 .data          0x00000000        0x0 plugin.o
 .text          0x00000000        0x0 start.o
 .data          0x00000000        0x0 start.o
 .bss           0x00000000        0x0 start.o
 .data          0x00000000        0x0 ../cios-lib/cios-lib.a(ios.o)
 .data          0x00000000        0x0 ../cios-lib/cios-lib.a(stealth.o)
 .bss           0x00000000        0x0 ../cios-lib/cios-lib.a(stealth.o)
 .data          0x00000000        0x0 ../cios-lib/cios-lib.a(swi_mload.o)
 .bss           0x00000000        0x0 ../cios-lib/cios-lib.a(swi_mload.o)
 .data          0x00000000        0x0 ../cios-lib/cios-lib.a(syscalls.o)
 .bss           0x00000000        0x0 ../cios-lib/cios-lib.a(syscalls.o)
 .data          0x00000000        0x0 ../cios-lib/cios-lib.a(tools.o)
 .bss           0x00000000        0x0 ../cios-lib/cios-lib.a(tools.o)
 .text          0x00000000        0x0 C:/devkitPro/devkitARM/bin/../lib/gcc/arm-none-eabi/16.1.0/../../../../arm-none-eabi/lib/thumb/be\libc.a(libc_a-strcpy.o)
 .data          0x00000000        0x0 C:/devkitPro/devkitARM/bin/../lib/gcc/arm-none-eabi/16.1.0/../../../../arm-none-eabi/lib/thumb/be\libc.a(libc_a-strcpy.o)
 .bss           0x00000000        0x0 C:/devkitPro/devkitARM/bin/../lib/gcc/arm-none-eabi/16.1.0/../../../../arm-none-eabi/lib/thumb/be\libc.a(libc_a-strcpy.o)
 .text          0x00000000        0x0 C:/devkitPro/devkitARM/bin/../lib/gcc/arm-none-eabi/16.1.0/../../../../arm-none-eabi/lib/thumb/be\libc.a(libc_a-memset.o)
 .data          0x00000000        0x0 C:/devkitPro/devkitARM/bin/../lib/gcc/arm-none-eabi/16.1.0/../../../../arm-none-eabi/lib/thumb/be\libc.a(libc_a-memset.o)
 .bss           0x00000000        0x0 C:/devkitPro/devkitARM/bin/../lib/gcc/arm-none-eabi/16.1.0/../../../../arm-none-eabi/lib/thumb/be\libc.a(libc_a-memset.o)

Memory Configuration

Name             Origin             Length             Attributes
ios_info_table   0x00000000         0x00004000
exe              0x13849000         0x00002000         xrw
ram              0x1384b000         0x00004000         xrw
*default*        0x00000000         0xffffffff

Linker script and memory map

                0x13849000                        __exe_start_virt__ = 0x13849000
                0x13849000                        __exe_start_phys__ = 0x13849000
                0x1384b000                        __ram_start_virt__ = 0x1384b000
                0x1384b000                        __ram_start_phys__ = 0x1384b000
                0x00000000                        __ios_info_table_start = 0x0

.debug_aranges
 *(.debug_aranges)

.debug_pubnames
 *(.debug_pubnames)

.debug_info
 *(.debug_info)

.debug_abbrev
 *(.debug_abbrev)

.debug_line
 *(.debug_line)

.debug_frame
 *(.debug_frame)

.debug_str
 *(.debug_str)

.debug_loc
 *(.debug_loc)

.debug_macinfo
 *(.debug_macinfo)

.note.arm.ident
 *(.note.arm.ident)

.ios_info_table
                0x00000000       0x34
                0x00000000                        . = .
 *(.ios_info_table)
 .ios_info_table
                0x00000000       0x34 start.o
                0x00000000                ios_info_table

.init           0x13849000       0x14
                0x13849000                        . = .
 *(.init)
 .init          0x13849000       0x14 start.o
                0x13849000                _start

.text           0x13849014      0xc84
 *(.text*)
 .text          0x13849014       0x80 config.o
                0x13849014                Config_Load
                0x13849054                Config_Save
 .text          0x13849094       0x3c di.o
                0x13849094                DI_Config_Save
 .text          0x138490d0       0x24 es_calls.o
                0x138490d0                ES_HandleOpen
                0x138490de                ES_HandleIoctlv
 .text.startup  0x138490f4       0x48 main.o
                0x138490f4                main
 .text          0x1384913c       0xf8 patches.o
                0x138491b0                Patch_EsModule
 .text          0x13849234      0x424 plugin.o
                0x13849310                ES_EmulateOpen
                0x13849364                ES_EmulateIoctlv
 .text          0x13849658       0xcc ../cios-lib/cios-lib.a(ios.o)
                0x13849658                IOS_PatchModules
                0x13849690                IOS_CheckPatches
                0x138496ec                IOS_InitSystem
 .text          0x13849724      0x1a8 ../cios-lib/cios-lib.a(isfs.o)
                0x13849724                ISFS_Open
                0x1384974c                ISFS_Close
                0x13849768                ISFS_CreateFile
                0x138497c0                ISFS_Delete
                0x138497f4                ISFS_SetMode
                0x13849858                ISFS_GetMode
 .text          0x138498cc       0xbc ../cios-lib/cios-lib.a(stealth.o)
                0x138498cc                Stealth_Log
                0x13849948                Stealth_CheckRunningTitle
                0x13849968                Stealth_CheckEsRequest
 .text          0x13849988       0x48 ../cios-lib/cios-lib.a(swi_mload.o)
                0x13849988                Swi_Memcpy
                0x1384999c                Swi_uMemcpy
                0x138499b0                Swi_CallFunc
                0x138499c0                Swi_GetIosInfo
 .text          0x138499d0      0x1b8 ../cios-lib/cios-lib.a(syscalls.o)
                0x138499d0                os_thread_create
                0x138499d8                os_thread_joint
                0x138499e0                os_thread_cancel
                0x138499e8                os_get_thread_id
                0x138499f0                os_get_parent_thread_id
                0x138499f8                os_thread_continue
                0x13849a00                os_thread_stop
                0x13849a08                os_thread_yield
                0x13849a10                os_thread_get_priority
                0x13849a18                os_thread_set_priority
                0x13849a20                os_message_queue_create
                0x13849a28                os_message_queue_destroy
                0x13849a30                os_message_queue_send
                0x13849a38                os_message_queue_send_now
                0x13849a40                os_message_queue_receive
                0x13849a48                os_register_event_handler
                0x13849a50                os_unregister_event_handler
                0x13849a58                os_create_timer
                0x13849a60                os_restart_timer
                0x13849a68                os_stop_timer
                0x13849a70                os_destroy_timer
                0x13849a78                os_timer_now
                0x13849a80                os_heap_create
                0x13849a88                os_heap_destroy
                0x13849a90                os_heap_alloc
                0x13849a98                os_heap_alloc_aligned
                0x13849aa0                os_heap_free
                0x13849aa8                os_device_register
                0x13849ab0                os_open
                0x13849ab8                os_close
                0x13849ac0                os_read
                0x13849ac8                os_write
                0x13849ad0                os_seek
                0x13849ad8                os_ioctl
                0x13849ae0                os_ioctlv
                0x13849ae8                os_open_async
                0x13849af0                os_close_async
                0x13849af8                os_read_async
                0x13849b00                os_write_async
                0x13849b08                os_seek_async
                0x13849b10                os_ioctl_async
                0x13849b18                os_ioctlv_async
                0x13849b20                os_message_queue_ack
                0x13849b28                os_software_IRQ
                0x13849b30                __os_sync_before_read
                0x13849b38                __os_sync_after_write
                0x13849b40                os_ios_boot
                0x13849b48                os_check_DI_reset
                0x13849b50                os_kernel_set_version
                0x13849b58                os_kernel_get_version
                0x13849b60                os_virt_to_phys
                0x13849b68                os_set_dvd_video_mode
                0x13849b70                os_set_ahbprot
                0x13849b78                svc_write
 *fill*         0x13849b88        0x8 
 .text          0x13849b90       0x6c ../cios-lib/cios-lib.a(tools.o)
                0x13849b90                DCInvalidateRange
                0x13849ba4                DCFlushRange
                0x13849bb8                ICInvalidate
                0x13849bc4                Swi_MLoad
                0x13849bcc                Perms_Read
                0x13849bd4                Perms_Write
                0x13849bdc                MEM2_Prot
                0x13849be8                VirtToPhys
                0x13849bf0                PhysToVirt
 .text.strcpy   0x13849bfc       0x10 C:/devkitPro/devkitARM/bin/../lib/gcc/arm-none-eabi/16.1.0/../../../../arm-none-eabi/lib/thumb/be\libc.a(libc_a-strcpy.o)
                0x13849bfc                strcpy
 .text.memset   0x13849c0c       0x8c C:/devkitPro/devkitARM/bin/../lib/gcc/arm-none-eabi/16.1.0/../../../../arm-none-eabi/lib/thumb/be\libc.a(libc_a-memset.o)
                0x13849c0c                memset
 *(.gnu.warning)
 *(.gnu.linkonce.t.*)
 *(.init)
 *(.glue_7)
 .glue_7        0x13849c98        0x0 linker stubs
 *(.glue_7t)
 .glue_7t       0x13849c98        0x0 linker stubs

.vfp11_veneer   0x13849c98        0x0
 .vfp11_veneer  0x13849c98        0x0 linker stubs

.v4_bx          0x13849c98        0x0
 .v4_bx         0x13849c98        0x0 linker stubs

.iplt           0x13849c98        0x0
 .iplt          0x13849c98        0x0 config.o

.data           0x1384b000       0xa0
 *(.ios_data)
 *(.data*)
 .data          0x1384b000        0xc main.o
                0x1384b008                moduleName
 .data          0x1384b00c       0x90 patches.o
 .data          0x1384b09c        0x4 ../cios-lib/cios-lib.a(isfs.o)
 *(.data1)
 *(.gnu.linkonce.d.*)
                0x1384b0a0                        . = ALIGN (0x4)
                0x1384b0a0                        __CTOR_LIST__ = ABSOLUTE (.)
 *(SORT_BY_NAME(.ctors*))
                0x1384b0a0                        __CTOR_END__ = ABSOLUTE (.)
                0x1384b0a0                        __DTOR_LIST__ = ABSOLUTE (.)
 *(SORT_BY_NAME(.dtors*))
                0x1384b0a0                        __DTOR_END__ = ABSOLUTE (.)
 *(.dynamic)
 *(.sdata*)
 *(.gnu.linkonce.s.*)
                0x1384b0a0                        . = ALIGN (0x4)
 *(.2ram.*)

.igot.plt       0x1384b0a0        0x0
 .igot.plt      0x1384b0a0        0x0 config.o

.fini           0x1384b0a0        0x0
                0x1384b0a0                        . = .
 *(.fini)

.rodata         0x1384b0a0      0x159
                0x1384b0a0                        . = .
 *(.rodata*)
 .rodata.str1.1
                0x1384b0a0      0x159 config.o
                                  0xd (size before relaxing)
 .rodata.str1.1
                0x1384b1f9        0x0 di.o
                                  0x8 (size before relaxing)
 .rodata.str1.1
                0x1384b1f9        0x0 main.o
                                 0x66 (size before relaxing)
 .rodata.str1.1
                0x1384b1f9        0x0 plugin.o
                                 0x50 (size before relaxing)
 .rodata.str1.1
                0x1384b1f9        0x0 ../cios-lib/cios-lib.a(ios.o)
                                 0x30 (size before relaxing)
 .rodata.str1.1
                0x1384b1f9        0x0 ../cios-lib/cios-lib.a(isfs.o)
                                  0x8 (size before relaxing)
 .rodata.str1.1
                0x1384b1f9        0x0 ../cios-lib/cios-lib.a(stealth.o)
                                 0x63 (size before relaxing)
 *(.gnu.linkonce.r.*)

.rel.dyn        0x1384b1fc        0x0
 .rel.iplt      0x1384b1fc        0x0 config.o

.rodata1        0x1384b1fc        0x0
                0x1384b1fc                        . = .
 *(.rodata1)

.fixup          0x1384b1fc        0x0
                0x1384b1fc                        . = .
 *(.fixup)

.gcc_except_table
                0x1384b1fc        0x0
                0x1384b1fc                        . = .
 *(.gcc_except_table)

.got
 *(.got.plt)
 *(.got)

.bss            0x1384b1fc     0x1544
 *(.scommon)
 *(.dynsbss)
 *(.sbss*)
 *(.gnu.linkonce.sb.*)
 *(.dynbss)
 *(.bss*)
 *fill*         0x1384b1fc        0x4 
 .bss           0x1384b200       0x40 di.o
 .bss           0x1384b240       0x18 patches.o
                0x1384b240                addrOpen
                0x1384b244                addrIoctlv
                0x1384b248                ES_LaunchTitle
                0x1384b24c                ES_memcpy
                0x1384b250                ES_printf
                0x1384b254                ES_snprintf
 *fill*         0x1384b258        0x8 
 .bss           0x1384b260      0x404 plugin.o
                0x1384b2b0                config
 .bss           0x1384b664       0x14 ../cios-lib/cios-lib.a(ios.o)
                0x1384b664                ios
 *fill*         0x1384b678        0x8 
 .bss           0x1384b680       0xc0 ../cios-lib/cios-lib.a(isfs.o)
 *(.gnu.linkonce.b.*)
 *(COMMON)
 *(.ios_bss)
 .ios_bss       0x1384b740     0x1000 start.o
                0x1384c740                ios_thread_stack
                0x1384c740                        . = ALIGN (0x4)
LOAD config.o
LOAD di.o
LOAD es_calls.o
LOAD main.o
LOAD patches.o
LOAD plugin.o
LOAD start.o
LOAD ../cios-lib/cios-lib.a
START GROUP
LOAD C:/devkitPro/devkitARM/bin/../lib/gcc/arm-none-eabi/16.1.0/thumb/be\libgcc.a
LOAD C:/devkitPro/devkitARM/bin/../lib/gcc/arm-none-eabi/16.1.0/../../../../arm-none-eabi/lib/thumb/be\libc.a
LOAD C:/devkitPro/devkitARM/bin/../lib/gcc/arm-none-eabi/16.1.0/../../../../arm-none-eabi/lib/thumb/be\libsysbase.a
END GROUP
OUTPUT(es-plugin.elf.orig elf32-bigarm)
LOAD linker stubs

.comment        0x00000000       0x18
 .comment       0x00000000       0x18 config.o
                                 0x19 (size before relaxing)
 .comment       0x00000018        0x0 di.o
                                 0x19 (size before relaxing)
 .comment       0x00000018        0x0 main.o
                                 0x19 (size before relaxing)
 .comment       0x00000018        0x0 patches.o
                                 0x19 (size before relaxing)
 .comment       0x00000018        0x0 plugin.o
                                 0x19 (size before relaxing)
 .comment       0x00000018        0x0 ../cios-lib/cios-lib.a(ios.o)
                                 0x19 (size before relaxing)
 .comment       0x00000018        0x0 ../cios-lib/cios-lib.a(isfs.o)
                                 0x19 (size before relaxing)
 .comment       0x00000018        0x0 ../cios-lib/cios-lib.a(stealth.o)
                                 0x19 (size before relaxing)
 .comment       0x00000018        0x0 ../cios-lib/cios-lib.a(swi_mload.o)
                                 0x19 (size before relaxing)

.ARM.attributes
                0x00000000       0x2a
 .ARM.attributes
                0x00000000       0x2c config.o
 .ARM.attributes
                0x0000002c       0x2c di.o
 .ARM.attributes
                0x00000058       0x1c es_calls.o
 .ARM.attributes
                0x00000074       0x2c main.o
 .ARM.attributes
                0x000000a0       0x2c patches.o
 .ARM.attributes
                0x000000cc       0x2c plugin.o
 .ARM.attributes
                0x000000f8       0x1c start.o
 .ARM.attributes
                0x00000114       0x2c ../cios-lib/cios-lib.a(ios.o)
 .ARM.attributes
                0x00000140       0x2c ../cios-lib/cios-lib.a(isfs.o)
 .ARM.attributes
                0x0000016c       0x2c ../cios-lib/cios-lib.a(stealth.o)
 .ARM.attributes
                0x00000198       0x2c ../cios-lib/cios-lib.a(swi_mload.o)
 .ARM.attributes
                0x000001c4       0x1c ../cios-lib/cios-lib.a(syscalls.o)
 .ARM.attributes
                0x000001e0       0x1c ../cios-lib/cios-lib.a(tools.o)
 .ARM.attributes
                0x000001fc       0x2a C:/devkitPro/devkitARM/bin/../lib/gcc/arm-none-eabi/16.1.0/../../../../arm-none-eabi/lib/thumb/be\libc.a(libc_a-strcpy.o)
 .ARM.attributes
                0x00000226       0x2a C:/devkitPro/devkitARM/bin/../lib/gcc/arm-none-eabi/16.1.0/../../../../arm-none-eabi/lib/thumb/be\libc.a(libc_a-memset.o)
