Archive member included to satisfy reference by file (symbol)

../cios-lib/cios-lib.a(ios.o)
                              main.o (IOS_InitSystem)
../cios-lib/cios-lib.a(isfs.o)
                              config.o (ISFS_Open)
../cios-lib/cios-lib.a(stealth.o)
                              plugin.o (Stealth_CheckRunningTitle)
../cios-lib/cios-lib.a(swi_mload.o)
                              ../cios-lib/cios-lib.a(ios.o) (Swi_CallFunc)
../cios-lib/cios-lib.a(syscalls.o)
                              plugin.o (os_get_thread_id)
../cios-lib/cios-lib.a(tools.o)
                              patches.o (DCFlushRange)
../cios-lib/cios-lib.a(usbstorage.o)
                              frag.o (__usbstorage_Read_Write)
C:/devkitPro/devkitARM/bin/../lib/gcc/arm-none-eabi/16.1.0/thumb/be\libgcc.a(_thumb1_case_shi.o)
                              plugin.o (__gnu_thumb1_case_shi)
C:/devkitPro/devkitARM/bin/../lib/gcc/arm-none-eabi/16.1.0/../../../../arm-none-eabi/lib/thumb/be\libc.a(libc_a-memcpy-stub.o)
                              dip.o (memcpy)
C:/devkitPro/devkitARM/bin/../lib/gcc/arm-none-eabi/16.1.0/../../../../arm-none-eabi/lib/thumb/be\libc.a(libc_a-strcpy.o)
                              ../cios-lib/cios-lib.a(isfs.o) (strcpy)
C:/devkitPro/devkitARM/bin/../lib/gcc/arm-none-eabi/16.1.0/../../../../arm-none-eabi/lib/thumb/be\libc.a(libc_a-memset.o)
                              config.o (memset)

Merging object attributes


Discarded input sections

 .data          0x00000000        0x0 config.o
 .bss           0x00000000        0x0 config.o
 .data          0x00000000        0x0 dip.o
 .bss           0x00000000        0x0 dip.o
 COMMON         0x00000000        0x0 dip.o
 .data          0x00000000        0x0 dip_calls.o
 .bss           0x00000000        0x0 dip_calls.o
 .data          0x00000000        0x0 dma.o
 .bss           0x00000000        0x0 dma.o
 .data          0x00000000        0x0 fat.o
 .bss           0x00000000        0x0 fat.o
 .data          0x00000000        0x0 frag.o
 .text          0x00000000        0x0 main.o
 .bss           0x00000000        0x0 main.o
 .data          0x00000000        0x0 plugin.o
 .text          0x00000000        0x0 start.o
 .data          0x00000000        0x0 start.o
 .bss           0x00000000        0x0 start.o
 .data          0x00000000        0x0 ../cios-lib/cios-lib.a(ios.o)
 .data          0x00000000        0x0 ../cios-lib/cios-lib.a(stealth.o)
 .bss           0x00000000        0x0 ../cios-lib/cios-lib.a(stealth.o)
 .data          0x00000000        0x0 ../cios-lib/cios-lib.a(swi_mload.o)
 .bss           0x00000000        0x0 ../cios-lib/cios-lib.a(swi_mload.o)
 .data          0x00000000        0x0 ../cios-lib/cios-lib.a(syscalls.o)
 .bss           0x00000000        0x0 ../cios-lib/cios-lib.a(syscalls.o)
 .data          0x00000000        0x0 ../cios-lib/cios-lib.a(tools.o)
 .bss           0x00000000        0x0 ../cios-lib/cios-lib.a(tools.o)
 .data          0x00000000        0x0 C:/devkitPro/devkitARM/bin/../lib/gcc/arm-none-eabi/16.1.0/thumb/be\libgcc.a(_thumb1_case_shi.o)
 .bss           0x00000000        0x0 C:/devkitPro/devkitARM/bin/../lib/gcc/arm-none-eabi/16.1.0/thumb/be\libgcc.a(_thumb1_case_shi.o)
 .text          0x00000000        0x0 C:/devkitPro/devkitARM/bin/../lib/gcc/arm-none-eabi/16.1.0/../../../../arm-none-eabi/lib/thumb/be\libc.a(libc_a-memcpy-stub.o)
 .data          0x00000000        0x0 C:/devkitPro/devkitARM/bin/../lib/gcc/arm-none-eabi/16.1.0/../../../../arm-none-eabi/lib/thumb/be\libc.a(libc_a-memcpy-stub.o)
 .bss           0x00000000        0x0 C:/devkitPro/devkitARM/bin/../lib/gcc/arm-none-eabi/16.1.0/../../../../arm-none-eabi/lib/thumb/be\libc.a(libc_a-memcpy-stub.o)
 .text          0x00000000        0x0 C:/devkitPro/devkitARM/bin/../lib/gcc/arm-none-eabi/16.1.0/../../../../arm-none-eabi/lib/thumb/be\libc.a(libc_a-strcpy.o)
 .data          0x00000000        0x0 C:/devkitPro/devkitARM/bin/../lib/gcc/arm-none-eabi/16.1.0/../../../../arm-none-eabi/lib/thumb/be\libc.a(libc_a-strcpy.o)
 .bss           0x00000000        0x0 C:/devkitPro/devkitARM/bin/../lib/gcc/arm-none-eabi/16.1.0/../../../../arm-none-eabi/lib/thumb/be\libc.a(libc_a-strcpy.o)
 .text          0x00000000        0x0 C:/devkitPro/devkitARM/bin/../lib/gcc/arm-none-eabi/16.1.0/../../../../arm-none-eabi/lib/thumb/be\libc.a(libc_a-memset.o)
 .data          0x00000000        0x0 C:/devkitPro/devkitARM/bin/../lib/gcc/arm-none-eabi/16.1.0/../../../../arm-none-eabi/lib/thumb/be\libc.a(libc_a-memset.o)
 .bss           0x00000000        0x0 C:/devkitPro/devkitARM/bin/../lib/gcc/arm-none-eabi/16.1.0/../../../../arm-none-eabi/lib/thumb/be\libc.a(libc_a-memset.o)

Memory Configuration

Name             Origin             Length             Attributes
table            0x00000000         0x00004000
exe              0x13800000         0x00002000         xrw
ram              0x13802000         0x00040000         rw
*default*        0x00000000         0xffffffff

Linker script and memory map

                0x13800000                        __exe_start_phys__ = 0x13800000
                0x13802000                        __ram_start_phys__ = 0x13802000

.ios_info_table
                0x00000000       0x34
 *(.ios_info_table)
 .ios_info_table
                0x00000000       0x34 start.o
                0x00000000                ios_info_table

.init           0x13800000       0x14
 *(.init)
 .init          0x13800000       0x14 start.o
                0x13800000                _start
                0x13800014                        . = ALIGN (0x4)

.text           0x13800020     0x1940
 *(.text*)
 .text          0x13800020      0x16c config.o
                0x13800050                DI_Config_Load
                0x138000cc                DI_Config_Save
                0x1380011c                FFS_Config_Load
                0x13800154                FFS_Config_Save
 .text          0x1380018c      0x18c dip.o
                0x138001d0                DI_CustomCmd
                0x13800204                DI_StopMotor
                0x13800220                DI_ReadDvd
                0x138002e4                DI_ReadWod
 *fill*         0x13800318        0x8 
 .text          0x13800320       0x48 dip_calls.o
                0x13800320                DI_HandleIoctl
                0x13800332                DI_HandleCmd
                0x13800344                DI_HandleInitDrive
 .text          0x13800368       0x4c dma.o
                0x13800368                DMA_CheckRange
 .text          0x138003b4      0x14c fat.o
                0x138003b4                FAT_Mount
                0x13800440                FAT_GetPartition
 .text          0x13800500      0x308 frag.o
                0x13800668                Frag_Close
                0x1380068c                Frag_Init
                0x13800788                Frag_Read
 .text.startup  0x13800808       0x1c main.o
                0x13800808                main
 .text          0x13800824      0x108 patches.o
                0x138008c4                Patch_DipModule
 .text          0x1380092c      0x580 plugin.o
                0x1380098c                DI_EmulateCmd
                0x13800dc0                DI_EmulateIoctl
                0x13800e34                DI_EmulateInitDrive
 .text          0x13800eac       0xd8 sdhc.o
                0x13800eac                sdhc_Init
                0x13800ee4                sdhc_Read
                0x13800f68                sdhc_Shutdown
 .text          0x13800f84       0xcc wbfs.o
                0x13800f84                WBFS_Open
                0x13800fd4                WBFS_Close
                0x13800ff0                WBFS_Read
 .text          0x13801050       0xcc ../cios-lib/cios-lib.a(ios.o)
                0x13801050                IOS_PatchModules
                0x13801088                IOS_CheckPatches
                0x138010e4                IOS_InitSystem
 .text          0x1380111c      0x1a8 ../cios-lib/cios-lib.a(isfs.o)
                0x1380111c                ISFS_Open
                0x13801144                ISFS_Close
                0x13801160                ISFS_CreateFile
                0x138011b8                ISFS_Delete
                0x138011ec                ISFS_SetMode
                0x13801250                ISFS_GetMode
 .text          0x138012c4       0xbc ../cios-lib/cios-lib.a(stealth.o)
                0x138012c4                Stealth_Log
                0x13801340                Stealth_CheckRunningTitle
                0x13801360                Stealth_CheckEsRequest
 .text          0x13801380       0x48 ../cios-lib/cios-lib.a(swi_mload.o)
                0x13801380                Swi_Memcpy
                0x13801394                Swi_uMemcpy
                0x138013a8                Swi_CallFunc
                0x138013b8                Swi_GetIosInfo
 .text          0x138013c8      0x1b8 ../cios-lib/cios-lib.a(syscalls.o)
                0x138013c8                os_thread_create
                0x138013d0                os_thread_joint
                0x138013d8                os_thread_cancel
                0x138013e0                os_get_thread_id
                0x138013e8                os_get_parent_thread_id
                0x138013f0                os_thread_continue
                0x138013f8                os_thread_stop
                0x13801400                os_thread_yield
                0x13801408                os_thread_get_priority
                0x13801410                os_thread_set_priority
                0x13801418                os_message_queue_create
                0x13801420                os_message_queue_destroy
                0x13801428                os_message_queue_send
                0x13801430                os_message_queue_send_now
                0x13801438                os_message_queue_receive
                0x13801440                os_register_event_handler
                0x13801448                os_unregister_event_handler
                0x13801450                os_create_timer
                0x13801458                os_restart_timer
                0x13801460                os_stop_timer
                0x13801468                os_destroy_timer
                0x13801470                os_timer_now
                0x13801478                os_heap_create
                0x13801480                os_heap_destroy
                0x13801488                os_heap_alloc
                0x13801490                os_heap_alloc_aligned
                0x13801498                os_heap_free
                0x138014a0                os_device_register
                0x138014a8                os_open
                0x138014b0                os_close
                0x138014b8                os_read
                0x138014c0                os_write
                0x138014c8                os_seek
                0x138014d0                os_ioctl
                0x138014d8                os_ioctlv
                0x138014e0                os_open_async
                0x138014e8                os_close_async
                0x138014f0                os_read_async
                0x138014f8                os_write_async
                0x13801500                os_seek_async
                0x13801508                os_ioctl_async
                0x13801510                os_ioctlv_async
                0x13801518                os_message_queue_ack
                0x13801520                os_software_IRQ
                0x13801528                __os_sync_before_read
                0x13801530                __os_sync_after_write
                0x13801538                os_ios_boot
                0x13801540                os_check_DI_reset
                0x13801548                os_kernel_set_version
                0x13801550                os_kernel_get_version
                0x13801558                os_virt_to_phys
                0x13801560                os_set_dvd_video_mode
                0x13801568                os_set_ahbprot
                0x13801570                svc_write
 .text          0x13801580       0x6c ../cios-lib/cios-lib.a(tools.o)
                0x13801580                DCInvalidateRange
                0x13801594                DCFlushRange
                0x138015a8                ICInvalidate
                0x138015b4                Swi_MLoad
                0x138015bc                Perms_Read
                0x138015c4                Perms_Write
                0x138015cc                MEM2_Prot
                0x138015d8                VirtToPhys
                0x138015e0                PhysToVirt
 .text          0x138015ec      0x218 ../cios-lib/cios-lib.a(usbstorage.o)
                0x138015ec                __usbstorage_Read_Write
                0x138016cc                __usbstorage_GetCapacity
                0x13801734                usbstorage_Shutdown
                0x13801750                usbstorage_Init
                0x1380179c                usbstorage_IsInserted
                0x138017aa                usbstorage_ReadSectors
                0x138017c8                usbstorage_WriteSectors
                0x138017e8                usbstorage_GetSectorSize
                0x13801800                usbstorage_ClearStatus
 .text          0x13801804       0x14 C:/devkitPro/devkitARM/bin/../lib/gcc/arm-none-eabi/16.1.0/thumb/be\libgcc.a(_thumb1_case_shi.o)
                0x13801804                __gnu_thumb1_case_shi
 .text.memcpy   0x13801818       0xac C:/devkitPro/devkitARM/bin/../lib/gcc/arm-none-eabi/16.1.0/../../../../arm-none-eabi/lib/thumb/be\libc.a(libc_a-memcpy-stub.o)
                0x13801818                memcpy
 .text.strcpy   0x138018c4       0x10 C:/devkitPro/devkitARM/bin/../lib/gcc/arm-none-eabi/16.1.0/../../../../arm-none-eabi/lib/thumb/be\libc.a(libc_a-strcpy.o)
                0x138018c4                strcpy
 .text.memset   0x138018d4       0x8c C:/devkitPro/devkitARM/bin/../lib/gcc/arm-none-eabi/16.1.0/../../../../arm-none-eabi/lib/thumb/be\libc.a(libc_a-memset.o)
                0x138018d4                memset
 *(.gnu.warning)
 *(.gnu.linkonce.t.*)
 *(.init)
 *(.glue_7)
 .glue_7        0x13801960        0x0 linker stubs
 *(.glue_7t)
 .glue_7t       0x13801960        0x0 linker stubs
                0x13801960                        . = ALIGN (0x4)

.vfp11_veneer   0x13801960        0x0
 .vfp11_veneer  0x13801960        0x0 linker stubs

.v4_bx          0x13801960        0x0
 .v4_bx         0x13801960        0x0 linker stubs

.iplt           0x13801960        0x0
 .iplt          0x13801960        0x0 config.o

.data           0x13802000      0x10c
 *(.data*)
 .data          0x13802000        0xc main.o
                0x13802008                moduleName
 .data          0x1380200c       0x80 patches.o
 *fill*         0x1380208c       0x14 
 .data          0x138020a0       0x34 sdhc.o
 .data          0x138020d4        0x4 wbfs.o
 .data          0x138020d8        0x4 ../cios-lib/cios-lib.a(isfs.o)
 *fill*         0x138020dc        0x4 
 .data          0x138020e0       0x2a ../cios-lib/cios-lib.a(usbstorage.o)
 *(.data.*)
 *(.gnu.linkonce.d.*)
                0x1380210c                        . = ALIGN (0x4)
 *fill*         0x1380210a        0x2 

.igot.plt       0x1380210c        0x0
 .igot.plt      0x1380210c        0x0 config.o

.rodata         0x1380210c      0x220
 *(.rodata)
 .rodata        0x1380210c        0x8 wbfs.o
 *all.rodata*(*)
 *(.roda)
 *(.rodata.*)
 .rodata.str1.1
                0x13802114      0x215 config.o
                                 0x1a (size before relaxing)
 .rodata.str1.1
                0x13802329        0x0 fat.o
                                  0x4 (size before relaxing)
 .rodata.str1.1
                0x13802329        0x0 main.o
                                 0x3c (size before relaxing)
 .rodata.str1.1
                0x13802329        0x0 plugin.o
                                0x10e (size before relaxing)
 .rodata.str1.1
                0x13802329        0x0 wbfs.o
                                 0x19 (size before relaxing)
 .rodata.str1.1
                0x13802329        0x0 ../cios-lib/cios-lib.a(ios.o)
                                 0x30 (size before relaxing)
 .rodata.str1.1
                0x13802329        0x0 ../cios-lib/cios-lib.a(isfs.o)
                                  0x8 (size before relaxing)
 .rodata.str1.1
                0x13802329        0x0 ../cios-lib/cios-lib.a(stealth.o)
                                 0x63 (size before relaxing)
 *(.gnu.linkonce.r.*)
                0x1380232c                        . = ALIGN (0x4)
 *fill*         0x13802329        0x3 

.rel.dyn        0x1380232c        0x0
 .rel.iplt      0x1380232c        0x0 config.o

.bss            0x13802340    0x3c138
 *(.dynsbss)
 *(.gnu.linkonce.sb.*)
 *(.bss*)
 .bss           0x13802340    0x3aea4 frag.o
                0x13802340                frag_list
                0x13802358                fraglist_data
 .bss           0x1383d1e4       0x20 patches.o
                0x1383d1e4                addr_handleInitDrive
                0x1383d1e8                addr_handleIoctl
                0x1383d1ec                addr_handleCmd
                0x1383d1f0                dip_readctrl
                0x1383d1f4                DI_ReadHash
                0x1383d1f8                DI_Alloc
                0x1383d1fc                DI_Free
                0x1383d200                DI_Printf
 .bss           0x1383d204       0x70 plugin.o
 *fill*         0x1383d274        0xc 
 .bss           0x1383d280       0x38 sdhc.o
 *fill*         0x1383d2b8        0x8 
 .bss           0x1383d2c0       0x60 wbfs.o
 .bss           0x1383d320       0x14 ../cios-lib/cios-lib.a(ios.o)
                0x1383d320                ios
 *fill*         0x1383d334        0xc 
 .bss           0x1383d340       0xc0 ../cios-lib/cios-lib.a(isfs.o)
 .bss           0x1383d400       0x78 ../cios-lib/cios-lib.a(usbstorage.o)
 *(COMMON)
 *(.ios_bss)
 .ios_bss       0x1383d478     0x1000 start.o
                0x1383e478                ios_thread_stack
                0x1383e478                        . = ALIGN (0x4)
LOAD config.o
LOAD dip.o
LOAD dip_calls.o
LOAD dma.o
LOAD fat.o
LOAD frag.o
LOAD main.o
LOAD patches.o
LOAD plugin.o
LOAD sdhc.o
LOAD start.o
LOAD wbfs.o
LOAD ../cios-lib/cios-lib.a
START GROUP
LOAD C:/devkitPro/devkitARM/bin/../lib/gcc/arm-none-eabi/16.1.0/thumb/be\libgcc.a
LOAD C:/devkitPro/devkitARM/bin/../lib/gcc/arm-none-eabi/16.1.0/../../../../arm-none-eabi/lib/thumb/be\libc.a
LOAD C:/devkitPro/devkitARM/bin/../lib/gcc/arm-none-eabi/16.1.0/../../../../arm-none-eabi/lib/thumb/be\libsysbase.a
END GROUP
OUTPUT(dip-plugin.elf.orig elf32-bigarm)
LOAD linker stubs

.comment        0x00000000       0x18
 .comment       0x00000000       0x18 config.o
                                 0x19 (size before relaxing)
 .comment       0x00000018        0x0 dip.o
                                 0x19 (size before relaxing)
 .comment       0x00000018        0x0 dma.o
                                 0x19 (size before relaxing)
 .comment       0x00000018        0x0 fat.o
                                 0x19 (size before relaxing)
 .comment       0x00000018        0x0 frag.o
                                 0x19 (size before relaxing)
 .comment       0x00000018        0x0 main.o
                                 0x19 (size before relaxing)
 .comment       0x00000018        0x0 patches.o
                                 0x19 (size before relaxing)
 .comment       0x00000018        0x0 plugin.o
                                 0x19 (size before relaxing)
 .comment       0x00000018        0x0 sdhc.o
                                 0x19 (size before relaxing)
 .comment       0x00000018        0x0 wbfs.o
                                 0x19 (size before relaxing)
 .comment       0x00000018        0x0 ../cios-lib/cios-lib.a(ios.o)
                                 0x19 (size before relaxing)
 .comment       0x00000018        0x0 ../cios-lib/cios-lib.a(isfs.o)
                                 0x19 (size before relaxing)
 .comment       0x00000018        0x0 ../cios-lib/cios-lib.a(stealth.o)
                                 0x19 (size before relaxing)
 .comment       0x00000018        0x0 ../cios-lib/cios-lib.a(swi_mload.o)
                                 0x19 (size before relaxing)
 .comment       0x00000018        0x0 ../cios-lib/cios-lib.a(usbstorage.o)
                                 0x19 (size before relaxing)

.ARM.attributes
                0x00000000       0x2a
 .ARM.attributes
                0x00000000       0x2c config.o
 .ARM.attributes
                0x0000002c       0x2c dip.o
 .ARM.attributes
                0x00000058       0x1c dip_calls.o
 .ARM.attributes
                0x00000074       0x2c dma.o
 .ARM.attributes
                0x000000a0       0x2c fat.o
 .ARM.attributes
                0x000000cc       0x2c frag.o
 .ARM.attributes
                0x000000f8       0x2c main.o
 .ARM.attributes
                0x00000124       0x2c patches.o
 .ARM.attributes
                0x00000150       0x2c plugin.o
 .ARM.attributes
                0x0000017c       0x2c sdhc.o
 .ARM.attributes
                0x000001a8       0x1c start.o
 .ARM.attributes
                0x000001c4       0x2c wbfs.o
 .ARM.attributes
                0x000001f0       0x2c ../cios-lib/cios-lib.a(ios.o)
 .ARM.attributes
                0x0000021c       0x2c ../cios-lib/cios-lib.a(isfs.o)
 .ARM.attributes
                0x00000248       0x2c ../cios-lib/cios-lib.a(stealth.o)
 .ARM.attributes
                0x00000274       0x2c ../cios-lib/cios-lib.a(swi_mload.o)
 .ARM.attributes
                0x000002a0       0x1c ../cios-lib/cios-lib.a(syscalls.o)
 .ARM.attributes
                0x000002bc       0x1c ../cios-lib/cios-lib.a(tools.o)
 .ARM.attributes
                0x000002d8       0x2c ../cios-lib/cios-lib.a(usbstorage.o)
 .ARM.attributes
                0x00000304       0x1c C:/devkitPro/devkitARM/bin/../lib/gcc/arm-none-eabi/16.1.0/thumb/be\libgcc.a(_thumb1_case_shi.o)
 .ARM.attributes
                0x00000320       0x2a C:/devkitPro/devkitARM/bin/../lib/gcc/arm-none-eabi/16.1.0/../../../../arm-none-eabi/lib/thumb/be\libc.a(libc_a-memcpy-stub.o)
 .ARM.attributes
                0x0000034a       0x2a C:/devkitPro/devkitARM/bin/../lib/gcc/arm-none-eabi/16.1.0/../../../../arm-none-eabi/lib/thumb/be\libc.a(libc_a-strcpy.o)
 .ARM.attributes
                0x00000374       0x2a C:/devkitPro/devkitARM/bin/../lib/gcc/arm-none-eabi/16.1.0/../../../../arm-none-eabi/lib/thumb/be\libc.a(libc_a-memset.o)

.debug_line     0x00000000       0x53
 .debug_line    0x00000000       0x53 C:/devkitPro/devkitARM/bin/../lib/gcc/arm-none-eabi/16.1.0/thumb/be\libgcc.a(_thumb1_case_shi.o)

.debug_line_str
                0x00000000       0xd0
 .debug_line_str
                0x00000000       0xd0 C:/devkitPro/devkitARM/bin/../lib/gcc/arm-none-eabi/16.1.0/thumb/be\libgcc.a(_thumb1_case_shi.o)

.debug_info     0x00000000       0x31
 .debug_info    0x00000000       0x31 C:/devkitPro/devkitARM/bin/../lib/gcc/arm-none-eabi/16.1.0/thumb/be\libgcc.a(_thumb1_case_shi.o)

.debug_abbrev   0x00000000       0x28
 .debug_abbrev  0x00000000       0x28 C:/devkitPro/devkitARM/bin/../lib/gcc/arm-none-eabi/16.1.0/thumb/be\libgcc.a(_thumb1_case_shi.o)

.debug_aranges  0x00000000       0x20
 .debug_aranges
                0x00000000       0x20 C:/devkitPro/devkitARM/bin/../lib/gcc/arm-none-eabi/16.1.0/thumb/be\libgcc.a(_thumb1_case_shi.o)

.debug_str      0x00000000       0xf4
 .debug_str     0x00000000       0xf4 C:/devkitPro/devkitARM/bin/../lib/gcc/arm-none-eabi/16.1.0/thumb/be\libgcc.a(_thumb1_case_shi.o)
